Archive member included to satisfy reference by file (symbol)

build/cooja/mtype385.a(simEnvChange.o)
                              build/cooja/mtype385.o (simDontFallAsleep)
build/cooja/mtype385.a(cooja_mt.o)
                              build/cooja/mtype385.o (cooja_mt_start)
build/cooja/mtype385.a(cooja_mtarch.o)
                              build/cooja/mtype385.a(cooja_mt.o) (cooja_mtarch_start)
build/cooja/mtype385.a(rtimer-arch.o)
                              build/cooja/mtype385.o (rtimer_arch_check)
build/cooja/mtype385.a(beep.o)
                              build/cooja/mtype385.o (beep_interface)
build/cooja/mtype385.a(leds-arch.o)
                              build/cooja/mtype385.o (leds_interface)
build/cooja/mtype385.a(moteid.o)
                              build/cooja/mtype385.o (moteid_interface)
build/cooja/mtype385.a(pir-sensor.o)
                              build/cooja/mtype385.o (pir_interface)
build/cooja/mtype385.a(rs232.o)
                              build/cooja/mtype385.o (rs232_interface)
build/cooja/mtype385.a(vib-sensor.o)
                              build/cooja/mtype385.o (vib_interface)
build/cooja/mtype385.a(clock.o)
                              build/cooja/mtype385.o (clock_interface)
build/cooja/mtype385.a(cooja-log.o)
                              build/cooja/mtype385.o (simlog_interface)
build/cooja/mtype385.a(cfs-cooja.o)
                              build/cooja/mtype385.o (cfs_interface)
build/cooja/mtype385.a(cooja-radio.o)
                              build/cooja/mtype385.o (radio_interface)
build/cooja/mtype385.a(eeprom.o)
                              build/cooja/mtype385.o (eeprom_interface)
build/cooja/mtype385.a(random.o)
                              build/cooja/mtype385.a(moteid.o) (random_init)
build/cooja/mtype385.a(sensors.o)
                              build/cooja/mtype385.a(pir-sensor.o) (sensors_changed)
build/cooja/mtype385.a(leds.o)
                              build/cooja/mtype385.a(leds-arch.o) (leds_get)
build/cooja/mtype385.a(gpio-hal-arch.o)
                              build/cooja/mtype385.a(leds-arch.o) (gpio_hal_arch_register_pin_callback)
build/cooja/mtype385.a(buttons.o)
                              build/cooja/mtype385.o (button_interface)
build/cooja/mtype385.a(contiki-main.o)
                              build/cooja/mtype385.o (main)
build/cooja/mtype385.a(autostart.o)
                              build/cooja/mtype385.a(contiki-main.o) (autostart_start)
build/cooja/mtype385.a(ctimer.o)
                              build/cooja/mtype385.a(contiki-main.o) (ctimer_init)
build/cooja/mtype385.a(log.o)
                              build/cooja/mtype385.a(contiki-main.o) (curr_log_level_main)
build/cooja/mtype385.a(energest.o)
                              node.o (energest_total_time)
build/cooja/mtype385.a(etimer.o)
                              build/cooja/mtype385.a(contiki-main.o) (etimer_process)
build/cooja/mtype385.a(node-id.o)
                              node.o (node_id)
build/cooja/mtype385.a(rtimer.o)
                              build/cooja/mtype385.a(contiki-main.o) (rtimer_init)
build/cooja/mtype385.a(process.o)
                              build/cooja/mtype385.a(ctimer.o) (process_current)
build/cooja/mtype385.a(timer.o)
                              build/cooja/mtype385.a(etimer.o) (timer_set)
build/cooja/mtype385.a(list.o)
                              build/cooja/mtype385.a(ctimer.o) (list_init)
build/cooja/mtype385.a(button-hal.o)
                              build/cooja/mtype385.o (button_hal_init)
build/cooja/mtype385.a(serial-line.o)
                              build/cooja/mtype385.a(rs232.o) (serial_line_input_byte)
build/cooja/mtype385.a(gpio-hal.o)
                              build/cooja/mtype385.a(button-hal.o) (gpio_hal_register_handler)
build/cooja/mtype385.a(queuebuf.o)
                              build/cooja/mtype385.a(contiki-main.o) (queuebuf_init)
build/cooja/mtype385.a(packetbuf.o)
                              build/cooja/mtype385.a(cooja-radio.o) (packetbuf_clear)
build/cooja/mtype385.a(netstack.o)
                              build/cooja/mtype385.a(contiki-main.o) (netstack_init)
build/cooja/mtype385.a(linkaddr.o)
                              node.o (linkaddr_node_addr)
build/cooja/mtype385.a(tsch-schedule.o)
                              node.o (tsch_schedule_add_slotframe)
build/cooja/mtype385.a(tsch-slot-opera)
                              build/cooja/mtype385.a(tsch-schedule.o) (current_link)
build/cooja/mtype385.a(conf.o)
                              build/cooja/mtype385.a(tsch-schedule.o) (DCFL)
build/cooja/mtype385.a(tsch-adaptive-t)
                              build/cooja/mtype385.a(tsch-slot-opera) (tsch_timesync_update)
build/cooja/mtype385.a(tsch-packet.o)
                              build/cooja/mtype385.a(tsch-slot-opera) (tsch_packet_create_eack)
build/cooja/mtype385.a(tsch.o)
[...]
Memory Configuration

Name             Origin             Length             Attributes
*default*        0x0000000000000000 0xffffffffffffffff

Linker script and memory map

LOAD /usr/lib/gcc/i686-linux-gnu/5/../../../i386-linux-gnu/crti.o
LOAD /usr/lib/gcc/i686-linux-gnu/5/crtbeginS.o
LOAD node.o
LOAD build/cooja/mtype385.o
LOAD build/cooja/mtype385.a
LOAD /usr/lib/gcc/i686-linux-gnu/5/libgcc.a
LOAD /usr/lib/gcc/i686-linux-gnu/5/libgcc_s.so
LOAD /usr/lib/gcc/i686-linux-gnu/5/../../../i386-linux-gnu/libc.so
START GROUP
LOAD /lib/i386-linux-gnu/libc.so.6
LOAD /usr/lib/i386-linux-gnu/libc_nonshared.a
LOAD /lib/i386-linux-gnu/ld-linux.so.2
END GROUP
LOAD /usr/lib/gcc/i686-linux-gnu/5/libgcc.a
LOAD /usr/lib/gcc/i686-linux-gnu/5/libgcc_s.so
LOAD /usr/lib/gcc/i686-linux-gnu/5/crtendS.o
LOAD /usr/lib/gcc/i686-linux-gnu/5/../../../i386-linux-gnu/crtn.o
                0x0000000000000114                . = (0x0 + SIZEOF_HEADERS)

.note.gnu.build-id
                0x0000000000000114       0x24
 *(.note.gnu.build-id)
 .note.gnu.build-id
                0x0000000000000114       0x24 /usr/lib/gcc/i686-linux-gnu/5/../../../i386-linux-gnu/crti.o

.hash
 *(.hash)

.gnu.hash       0x0000000000000138     0x18ec
 *(.gnu.hash)
 .gnu.hash      0x0000000000000138     0x18ec /usr/lib/gcc/i686-linux-gnu/5/../../../i386-linux-gnu/crti.o

.dynsym         0x0000000000001a24     0x34a0
 *(.dynsym)
 .dynsym        0x0000000000001a24     0x34a0 /usr/lib/gcc/i686-linux-gnu/5/../../../i386-linux-gnu/crti.o

.dynstr         0x0000000000004ec4     0x3e51
 *(.dynstr)
 .dynstr        0x0000000000004ec4     0x3e51 /usr/lib/gcc/i686-linux-gnu/5/../../../i386-linux-gnu/crti.o

.gnu.version    0x0000000000008d16      0x694
 *(.gnu.version)
 .gnu.version   0x0000000000008d16      0x694 /usr/lib/gcc/i686-linux-gnu/5/../../../i386-linux-gnu/crti.o

.gnu.version_d  0x00000000000093ac        0x0
 *(.gnu.version_d)
 .gnu.version_d
                0x00000000000093ac        0x0 /usr/lib/gcc/i686-linux-gnu/5/../../../i386-linux-gnu/crti.o

.gnu.version_r  0x00000000000093ac       0x60
 *(.gnu.version_r)
 .gnu.version_r
                0x00000000000093ac       0x60 /usr/lib/gcc/i686-linux-gnu/5/../../../i386-linux-gnu/crti.o

.rel.dyn        0x000000000000940c    0x100c8
 *(.rel.init)
 .rel.init      0x000000000000940c        0x0 /usr/lib/gcc/i686-linux-gnu/5/../../../i386-linux-gnu/crti.o
 *(.rel.text .rel.text.* .rel.gnu.linkonce.t.*)
 .rel.text      0x000000000000940c     0xf720 /usr/lib/gcc/i686-linux-gnu/5/../../../i386-linux-gnu/crti.o
 *(.rel.fini)
 .rel.fini      0x0000000000018b2c        0x0 /usr/lib/gcc/i686-linux-gnu/5/../../../i386-linux-gnu/crti.o
 *(.rel.rodata .rel.rodata.* .rel.gnu.linkonce.r.*)
 .rel.rodata    0x0000000000018b2c      0x568 /usr/lib/gcc/i686-linux-gnu/5/../../../i386-linux-gnu/crti.o
 *(.rel.data.rel.ro .rel.data.rel.ro.* .rel.gnu.linkonce.d.rel.ro.*)
 *(.rel.data .rel.data.* .rel.gnu.linkonce.d.*)
 .rel.data.rel.local
                0x0000000000019094        0x8 /usr/lib/gcc/i686-linux-gnu/5/../../../i386-linux-gnu/crti.o
 .rel.data      0x000000000001909c      0x400 /usr/lib/gcc/i686-linux-gnu/5/../../../i386-linux-gnu/crti.o
 *(.rel.tdata .rel.tdata.* .rel.gnu.linkonce.td.*)
 *(.rel.tbss .rel.tbss.* .rel.gnu.linkonce.tb.*)
 *(.rel.ctors)
 *(.rel.dtors)
 *(.rel.got)
 .rel.got       0x000000000001949c       0x28 /usr/lib/gcc/i686-linux-gnu/5/../../../i386-linux-gnu/crti.o
 *(.rel.bss .rel.bss.* .rel.gnu.linkonce.b.*)
 *(.rel.ifunc)
 .rel.ifunc     0x00000000000194c4        0x0 /usr/lib/gcc/i686-linux-gnu/5/../../../i386-linux-gnu/crti.o
 .rel.fini_array
                0x00000000000194c4        0x8 /usr/lib/gcc/i686-linux-gnu/5/../../../i386-linux-gnu/crti.o
 .rel.init_array
                0x00000000000194cc        0x8 /usr/lib/gcc/i686-linux-gnu/5/../../../i386-linux-gnu/crti.o

.rel.plt        0x00000000000194d4        0x0
 *(.rel.plt)
 .rel.plt       0x00000000000194d4        0x0 /usr/lib/gcc/i686-linux-gnu/5/../../../i386-linux-gnu/crti.o
 *(.rel.iplt)

.init           0x00000000000194d4       0x23
 *(SORT(.init))
 .init          0x00000000000194d4       0x1e /usr/lib/gcc/i686-linux-gnu/5/../../../i386-linux-gnu/crti.o
                0x00000000000194d4                _init
 .init          0x00000000000194f2        0x5 /usr/lib/gcc/i686-linux-gnu/5/../../../i386-linux-gnu/crtn.o

.plt            0x0000000000019500       0x10
 *(.plt)
 .plt           0x0000000000019500       0x10 /usr/lib/gcc/i686-linux-gnu/5/../../../i386-linux-gnu/crti.o
 *(.iplt)

.plt.got        0x0000000000019510       0x10
 *(.plt.got)
 .plt.got       0x0000000000019510       0x10 /usr/lib/gcc/i686-linux-gnu/5/../../../i386-linux-gnu/crti.o

.text           0x0000000000019520    0x25592
 *(.text.unlikely .text.*_unlikely .text.unlikely.*)
 .text.unlikely
                0x0000000000019520        0x0 /usr/lib/gcc/i686-linux-gnu/5/crtbeginS.o
 .text.unlikely
                0x0000000000019520        0x0 /usr/lib/gcc/i686-linux-gnu/5/libgcc.a(_divdi3.o)
 .text.unlikely
                0x0000000000019520        0x0 /usr/lib/gcc/i686-linux-gnu/5/libgcc.a(_udivdi3.o)
 *(.text.exit .text.exit.*)
 *(.text.startup .text.startup.*)
 *(.text.hot .text.hot.*)
 *(.text .stub .text.* .gnu.linkonce.t.*)
 .text          0x0000000000019520        0x0 /usr/lib/gcc/i686-linux-gnu/5/../../../i386-linux-gnu/crti.o
 .gnu.linkonce.t.__x86.get_pc_thunk.bx
                0x0000000000019520        0x4 /usr/lib/gcc/i686-linux-gnu/5/../../../i386-linux-gnu/crti.o
                0x0000000000019520                __x86.get_pc_thunk.bx
 *fill*         0x0000000000019524        0xc 
 .text          0x0000000000019530      0x11c /usr/lib/gcc/i686-linux-gnu/5/crtbeginS.o
 .text.__x86.get_pc_thunk.dx
                0x000000000001964c        0x4 /usr/lib/gcc/i686-linux-gnu/5/crtbeginS.o
                0x000000000001964c                __x86.get_pc_thunk.dx
 .text          0x0000000000019650      0x671 node.o
                0x00000000000196db                initialize_tsch_schedule
 .text          0x0000000000019cc1      0x283 build/cooja/mtype385.o
                0x0000000000019d53                platform_init_stage_one
                0x0000000000019d66                platform_init_stage_two
                0x0000000000019d79                platform_init_stage_three
                0x0000000000019d8c                platform_main_loop
                0x0000000000019dff                Java_org_contikios_cooja_corecomm_Lib13_init
                0x0000000000019e36                Java_org_contikios_cooja_corecomm_Lib13_getMemory
                0x0000000000019e69                Java_org_contikios_cooja_corecomm_Lib13_setMemory
                0x0000000000019ec9                Java_org_contikios_cooja_corecomm_Lib13_tick
                0x0000000000019f31                Java_org_contikios_cooja_corecomm_Lib13_setReferenceAddress
 .text          0x0000000000019f44       0x65 build/cooja/mtype385.a(simEnvChange.o)
                0x0000000000019f44                doActionsBeforeTick
                0x0000000000019f76                doActionsAfterTick
 .text          0x0000000000019fa9       0x83 build/cooja/mtype385.a(cooja_mt.o)
                0x0000000000019fa9                cooja_mt_start
                0x0000000000019fd3                cooja_mt_exec
                0x000000000001a009                cooja_mt_yield
 .text          0x000000000001a02c       0xbe build/cooja/mtype385.a(cooja_mtarch.o)
                0x000000000001a02c                cooja_mtarch_start
                0x000000000001a09f                cooja_sw
                0x000000000001a0c2                cooja_mtarch_exec
                0x000000000001a0df                cooja_mtarch_yield
 .text          0x000000000001a0ea       0xc5 build/cooja/mtype385.a(rtimer-arch.o)
                0x000000000001a0ea                rtimer_arch_init
                0x000000000001a10e                rtimer_arch_schedule
                0x000000000001a13e                rtimer_arch_next
                0x000000000001a14e                rtimer_arch_pending
                0x000000000001a158                rtimer_arch_check
                0x000000000001a19f                rtimer_arch_now
 .text          0x000000000001a1af       0x81 build/cooja/mtype385.a(beep.o)
                0x000000000001a1af                beep_alarm
                0x000000000001a1bc                beep_beep
                0x000000000001a1c9                beep
                0x000000000001a1d6                beep_down
                0x000000000001a1e3                beep_on
                0x000000000001a1f0                beep_off
                0x000000000001a1fd                beep_spinup
                0x000000000001a20a                beep_quick
                0x000000000001a217                beep_long
 .text          0x000000000001a230       0x65 build/cooja/mtype385.a(leds-arch.o)
                0x000000000001a243                leds_arch_init
 .text          0x000000000001a295       0x35 build/cooja/mtype385.a(moteid.o)
 .text          0x000000000001a2ca       0xb7 build/cooja/mtype385.a(pir-sensor.o)
 .text          0x000000000001a381      0x148 build/cooja/mtype385.a(rs232.o)
                0x000000000001a381                rs232_init
                0x000000000001a387                rs232_set_speed
                0x000000000001a396                rs232_set_input
                0x000000000001a3a4                rs232_send
                0x000000000001a3c8                rs232_print
                0x000000000001a3e4                slip_arch_writeb
 .text          0x000000000001a4c9       0xb7 build/cooja/mtype385.a(vib-sensor.o)
 .text          0x000000000001a580       0x38 build/cooja/mtype385.a(clock.o)
                0x000000000001a580                clock_init
                0x000000000001a586                clock_time
                0x000000000001a590                clock_seconds
                0x000000000001a5a6                clock_delay
 .text          0x000000000001a5b8      0x219 build/cooja/mtype385.a(cooja-log.o)
                0x000000000001a5b8                simlog_char
                0x000000000001a5fb                simlog
                0x000000000001a671                log_message
                0x000000000001a6a2                log_set_putchar_with_slip
                0x000000000001a6b0                log_putchar
                0x000000000001a72b                log_puts
                0x000000000001a753                log_printf
 .text          0x000000000001a7d1      0x2b9 build/cooja/mtype385.a(cfs-cooja.o)
                0x000000000001a7d1                cfs_open
                0x000000000001a83a                cfs_close
                0x000000000001a847                cfs_read
                0x000000000001a8dc                cfs_write
                0x000000000001a9b8                cfs_seek
                0x000000000001aa40                cfs_remove
                0x000000000001aa64                cfs_opendir
                0x000000000001aa6e                cfs_readdir
                0x000000000001aa78                cfs_closedir
 .text          0x000000000001aa8a      0x7ba build/cooja/mtype385.a(cooja-radio.o)
                0x000000000001ac1e                radio_set_channel
                0x000000000001ac2c                radio_set_txpower
                0x000000000001ac44                radio_signal_strength_last
                0x000000000001ac4e                radio_signal_strength_current
                0x000000000001ac58                radio_LQI
 .text          0x000000000001b244       0xee build/cooja/mtype385.a(eeprom.o)
                0x000000000001b244                eeprom_init
                0x000000000001b24a                eeprom_read
                0x000000000001b2b8                eeprom_write
 .text          0x000000000001b332       0x2d build/cooja/mtype385.a(random.o)
                0x000000000001b332                random_init
                0x000000000001b352                random_rand
 .text          0x000000000001b35f      0x29c build/cooja/mtype385.a(sensors.o)
                0x000000000001b39a                sensors_first
                0x000000000001b3a4                sensors_next
                0x000000000001b3be                sensors_changed
                0x000000000001b3f2                sensors_find
 .text          0x000000000001b5fb      0x349 build/cooja/mtype385.a(leds.o)
                0x000000000001b5fb                leds_init
                0x000000000001b642                leds_single_on
                0x000000000001b6a1                leds_single_off
                0x000000000001b700                leds_single_toggle
                0x000000000001b732                leds_on
                0x000000000001b7b4                leds_off
                0x000000000001b836                leds_toggle
                0x000000000001b88b                leds_set
                0x000000000001b8b7                leds_get
 .text          0x000000000001b944      0x343 build/cooja/mtype385.a(gpio-hal-arch.o)
                0x000000000001b944                gpio_hal_arch_register_pin_callback
                0x000000000001b9b0                gpio_hal_arch_init
                0x000000000001b9f5                gpio_hal_arch_no_port_interrupt_enable
                0x000000000001ba25                gpio_hal_arch_no_port_interrupt_disable
                0x000000000001ba55                gpio_hal_arch_no_port_pin_cfg_set
                0x000000000001ba7a                gpio_hal_arch_no_port_pin_cfg_get
                0x000000000001baa0                gpio_hal_arch_no_port_pin_set_input
                0x000000000001bab2                gpio_hal_arch_no_port_pin_set_output
                0x000000000001bac4                gpio_hal_arch_no_port_set_pin
                0x000000000001bae5                gpio_hal_arch_no_port_clear_pin
                0x000000000001bb06                gpio_hal_arch_no_port_read_pin
                0x000000000001bb2c                gpio_hal_arch_no_port_write_pin
                0x000000000001bb56                gpio_hal_arch_no_port_set_pins
                0x000000000001bb9d                gpio_hal_arch_no_port_clear_pins
                0x000000000001bbe4                gpio_hal_arch_no_port_read_pins
                0x000000000001bc27                gpio_hal_arch_no_port_write_pins
 .text          0x000000000001bc87       0x89 build/cooja/mtype385.a(buttons.o)
 .text          0x000000000001bd10      0x332 build/cooja/mtype385.a(contiki-main.o)
                0x000000000001bd10                main
 .text          0x000000000001c042       0x92 build/cooja/mtype385.a(autostart.o)
                0x000000000001c042                autostart_start
                0x000000000001c08c                autostart_exit
 .text          0x000000000001c0d4      0x355 build/cooja/mtype385.a(ctimer.o)
                0x000000000001c1fc                ctimer_init
                0x000000000001c22f                ctimer_set
                0x000000000001c255                ctimer_set_with_process
                0x000000000001c2d2                ctimer_reset
                0x000000000001c326                ctimer_restart
                0x000000000001c37a                ctimer_stop
                0x000000000001c3ca                ctimer_expired
 .text          0x000000000001c429      0x3d7 build/cooja/mtype385.a(log.o)
                0x000000000001c429                log_6addr
                0x000000000001c47c                log_6addr_compact_snprint
                0x000000000001c51a                log_6addr_compact
                0x000000000001c56d                log_lladdr
                0x000000000001c5df                log_lladdr_compact
                0x000000000001c647                log_bytes
                0x000000000001c68a                log_set_level
                0x000000000001c745                log_get_level
                0x000000000001c7be                log_level_to_str
 .text          0x000000000001c800      0x198 build/cooja/mtype385.a(energest.o)
                0x000000000001c84f                energest_init
                0x000000000001c8be                energest_flush
                0x000000000001c959                energest_get_total_time
 .text          0x000000000001c998      0x43f build/cooja/mtype385.a(etimer.o)
                0x000000000001cbbc                etimer_request_poll
                0x000000000001cc45                etimer_set
                0x000000000001cc6e                etimer_reset_with_new_interval
                0x000000000001cc9d                etimer_reset
                0x000000000001ccc3                etimer_restart
                0x000000000001cce9                etimer_adjust
                0x000000000001cd06                etimer_expired
                0x000000000001cd19                etimer_expiration_time
                0x000000000001cd2b                etimer_start_time
                0x000000000001cd35                etimer_pending
                0x000000000001cd47                etimer_next_expiration_time
                0x000000000001cd61                etimer_stop
 .text          0x000000000001cdd7       0x25 build/cooja/mtype385.a(node-id.o)
                0x000000000001cdd7                node_id_init
 .text          0x000000000001cdfc       0xeb build/cooja/mtype385.a(rtimer.o)
                0x000000000001cdfc                rtimer_init
                0x000000000001ce0a                rtimer_set
                0x000000000001ce85                rtimer_run_next
 .text          0x000000000001cee7      0x4fb build/cooja/mtype385.a(process.o)
                0x000000000001cee7                process_alloc_event
                0x000000000001cefc                process_start
                0x000000000001d0d6                process_exit
                0x000000000001d0f3                process_init
                0x000000000001d288                process_run
                0x000000000001d2bb                process_nevents
                0x000000000001d2d6                process_post
                0x000000000001d369                process_post_synch
                0x000000000001d39e                process_poll
                0x000000000001d3ce                process_is_running
 .text          0x000000000001d3e2       0xb1 build/cooja/mtype385.a(timer.o)
                0x000000000001d3e2                timer_set
                0x000000000001d400                timer_reset
                0x000000000001d42d                timer_restart
                0x000000000001d442                timer_expired
                0x000000000001d46f                timer_remaining
 .text          0x000000000001d493      0x28f build/cooja/mtype385.a(list.o)
                0x000000000001d493                list_init
                0x000000000001d4a2                list_head
                0x000000000001d4ac                list_copy
                0x000000000001d4bc                list_tail
                0x000000000001d4f2                list_add
                0x000000000001d53e                list_push
                0x000000000001d56a                list_chop
                0x000000000001d5d4                list_pop
                0x000000000001d5fc                list_remove
                0x000000000001d664                list_length
                0x000000000001d692                list_insert
                0x000000000001d6d7                list_item_next
                0x000000000001d6ee                list_contains
 .text          0x000000000001d722      0x493 build/cooja/mtype385.a(button-hal.o)
                0x000000000001d8ae                button_hal_get_by_id
                0x000000000001d8ec                button_hal_get_by_index
                0x000000000001d918                button_hal_get_state
                0x000000000001d96a                button_hal_init
 .text          0x000000000001dbb5      0x1f3 build/cooja/mtype385.a(serial-line.o)
                0x000000000001dbb5                serial_line_input_byte
                0x000000000001dd73                serial_line_init
 .text          0x000000000001dda8      0x168 build/cooja/mtype385.a(gpio-hal.o)
                0x000000000001dda8                gpio_hal_register_handler
                0x000000000001ddc5                gpio_hal_event_handler
                0x000000000001de21                gpio_hal_init
                0x000000000001de40                gpio_hal_arch_port_toggle_pin
                0x000000000001de7c                gpio_hal_arch_port_toggle_pins
                0x000000000001deaa                gpio_hal_arch_no_port_toggle_pin
                0x000000000001dee8                gpio_hal_arch_no_port_toggle_pins
 .text          0x000000000001df10      0x2e7 build/cooja/mtype385.a(queuebuf.o)
                0x000000000001df1a                queuebuf_init
                0x000000000001df43                queuebuf_numfree
                0x000000000001df5b                queuebuf_new_from_packetbuf
                0x000000000001dffa                queuebuf_update_attr_from_packetbuf
                0x000000000001e02f                queuebuf_update_from_packetbuf
                0x000000000001e07f                queuebuf_free
                0x000000000001e0c8                queuebuf_to_packetbuf
                0x000000000001e134                queuebuf_dataptr
                0x000000000001e16e                queuebuf_datalen
                0x000000000001e191                queuebuf_addr
                0x000000000001e1c6                queuebuf_attr
                0x000000000001e1f1                queuebuf_debug_print
 .text          0x000000000001e1f7      0x407 build/cooja/mtype385.a(packetbuf.o)
                0x000000000001e1f7                packetbuf_clear
                0x000000000001e222                packetbuf_copyfrom
                0x000000000001e271                packetbuf_copyto
                0x000000000001e304                packetbuf_hdralloc
                0x000000000001e380                packetbuf_hdrreduce
                0x000000000001e3c6                packetbuf_set_datalen
                0x000000000001e3e0                packetbuf_dataptr
                0x000000000001e3fd                packetbuf_hdrptr
                0x000000000001e407                packetbuf_datalen
                0x000000000001e413                packetbuf_hdrlen
                0x000000000001e42a                packetbuf_totlen
                0x000000000001e440                packetbuf_remaininglen
                0x000000000001e453                packetbuf_attr_clear
                0x000000000001e49f                packetbuf_attr_copyto
                0x000000000001e4f7                packetbuf_attr_copyfrom
                0x000000000001e54f                packetbuf_set_attr
                0x000000000001e579                packetbuf_attr
                0x000000000001e593                packetbuf_set_addr
                0x000000000001e5c4                packetbuf_addr
                0x000000000001e5e1                packetbuf_holds_broadcast
 .text          0x000000000001e5fe       0xef build/cooja/mtype385.a(netstack.o)
                0x000000000001e5fe                netstack_process_ip_callback
                0x000000000001e68f                netstack_ip_packet_processor_add
                0x000000000001e6b2                uip_ds6_ip_packet_processor_rm
                0x000000000001e6cf                netstack_init
 .text          0x000000000001e6ed       0x4f build/cooja/mtype385.a(linkaddr.o)
                0x000000000001e6ed                linkaddr_copy
                0x000000000001e703                linkaddr_cmp
                0x000000000001e726                linkaddr_set_node_addr
 .text          0x000000000001e73c     0x306a build/cooja/mtype385.a(tsch-schedule.o)
                0x000000000001e73c                tsch_schedule_add_slotframe
                0x000000000001e871                tsch_schedule_remove_all_slotframes
                0x000000000001e8b3                tsch_schedule_remove_slotframe
                0x000000000001e97e                tsch_schedule_get_slotframe_by_handle
                0x000000000001e9da                tsch_schedule_get_link_by_handle
                0x000000000001eb7b                tsch_schedule_add_link
                0x000000000001ef51                tsch_schedule_remove_link
                0x000000000001f16c                tsch_schedule_remove_link_by_timeslot
                0x000000000001f205                tsch_schedule_get_link_by_timeslot
                0x000000000001f34a                tsch_schedule_get_next_active_link
                0x000000000001f5bf                tsch_schedule_init
                0x000000000001f61c                tsch_schedule_create_minimal
                0x000000000001f659                tsch_schedule_slotframe_head
                0x000000000001f672                tsch_schedule_slotframe_next
                0x000000000001f688                tsch_schedule_print
                0x000000000001f858                executa
                0x000000000001f9bb                verify_packs
                0x000000000001fb24                alocaPacotes2
                0x000000000001fbc0                tsch_num_nos
                0x000000000001fbd2                tsch_write_in_file
                0x000000000001fc2e                count_lines
                0x000000000001fca7                count_sent_packs
                0x000000000001fd21                count_packs
                0x000000000001fe10                SCHEDULE_static
                0x0000000000020f01                rx_schedule_intern
                0x00000000000210e0                find_neighbor_to_Rx
                0x00000000000213fd                tsch_get_same_link
                0x0000000000021472                setZero_Id_reception
                0x000000000002149d                fill_id
                0x00000000000214e8                verify_link_by_id
                0x0000000000021570                sort_node_to_create_link
                0x00000000000215b9                list_init_nbr
                0x00000000000215e3                tsch_print_neighbors
                0x0000000000021634                show_nbr
                0x00000000000216c3                change_slotframe
                0x0000000000021709                verify_in_topology
 .text          0x00000000000217a6     0x2003 build/cooja/mtype385.a(tsch-slot-opera)
                0x00000000000217d0                tsch_is_locked
                0x00000000000217da                tsch_get_lock
                0x00000000000218de                tsch_release_lock
                0x0000000000021cae                tsch_get_network_uptime_ticks
                0x00000000000235f7                tsch_slot_operation_start
                0x0000000000023730                tsch_slot_operation_sync
 .text          0x00000000000237a9      0x740 build/cooja/mtype385.a(conf.o)
                0x00000000000237a9                DCFL
                0x00000000000238e0                geraMaching
                0x0000000000023bb3                mapGraphConf
                0x0000000000023c2f                fazMatrizConf
 .text          0x0000000000023ee9      0x3e1 build/cooja/mtype385.a(tsch-adaptive-t)
                0x0000000000023ee9                tsch_adaptive_timesync_get_drift_ppm
                0x000000000002407d                tsch_timesync_update
                0x0000000000024231                tsch_timesync_adaptive_compensate
                0x0000000000024295                tsch_adaptive_timesync_reset
 .text          0x00000000000242ca      0x9d1 build/cooja/mtype385.a(tsch-packet.o)
                0x00000000000242ca                tsch_packet_eackbuf_set_attr
                0x00000000000242f0                tsch_packet_eackbuf_attr
                0x000000000002430a                tsch_packet_create_eack
                0x00000000000244e8                tsch_packet_parse_eack
                0x000000000002468a                tsch_packet_create_eb
                0x000000000002496b                tsch_packet_update_eb
                0x00000000000249e4                tsch_packet_parse_eb
                0x0000000000024c71                tsch_packet_set_frame_pending
                0x0000000000024c87                tsch_packet_get_frame_pending
 .text          0x0000000000024c9b     0x26c0 build/cooja/mtype385.a(tsch.o)
                0x0000000000024c9b                tsch_set_coordinator
                0x0000000000024cd0                tsch_set_pan_secured
                0x0000000000024ce0                tsch_set_join_priority
                0x0000000000024cf8                tsch_set_ka_timeout
                0x0000000000024d16                tsch_set_eb_period
                0x00000000000251ed                tsch_schedule_keepalive
                0x0000000000025960                tsch_disassociate
                0x0000000000026084                tsch_scan
 .text          0x000000000002735b      0x58b build/cooja/mtype385.a(tsch-log.o)
                0x000000000002735b                tsch_log_process_pending
                0x00000000000277cf                tsch_log_prepare_add
                0x0000000000027863                tsch_log_commit
                0x0000000000027896                tsch_log_init
                0x00000000000278c4                tsch_log_stop
 .text          0x00000000000278e6      0xc11 build/cooja/mtype385.a(uip-ds6.o)
                0x00000000000278e6                uip_ds6_default_prefix
                0x00000000000278f0                uip_ds6_set_default_prefix
                0x000000000002791b                uip_ds6_init
                0x0000000000027b7d                uip_ds6_periodic
                0x0000000000027c04                uip_ds6_list_loop
                0x0000000000027cc4                uip_ds6_prefix_add
                0x0000000000027d70                uip_ds6_prefix_rm
                0x0000000000027d83                uip_ds6_prefix_lookup
                0x0000000000027dc2                uip_ds6_is_addr_onlink
                0x0000000000027e35                uip_ds6_addr_add
                0x0000000000027f55                uip_ds6_addr_rm
                0x0000000000027ffe                uip_ds6_addr_lookup
                0x0000000000028037                uip_ds6_get_link_local
                0x00000000000280b8                uip_ds6_get_global
                0x0000000000028139                uip_ds6_maddr_add
                0x0000000000028199                uip_ds6_maddr_rm
                0x00000000000281ac                uip_ds6_maddr_lookup
                0x00000000000281e5                uip_ds6_aaddr_add
                0x0000000000028245                uip_ds6_aaddr_rm
                0x0000000000028258                uip_ds6_aaddr_lookup
                0x0000000000028291                uip_ds6_select_src
                0x00000000000283da                uip_ds6_set_addr_iid
                0x0000000000028405                uip_ds6_set_lladdr_from_iid
                0x000000000002842e                get_match_length
                0x00000000000284bf                uip_ds6_compute_reachable_time
 .text          0x00000000000284f7      0x4d1 build/cooja/mtype385.a(uiplib.o)
                0x00000000000284f7                uiplib_ip6addrconv
                0x00000000000286af                uiplib_ip4addrconv
                0x0000000000028772                uiplib_ipaddr_print
                0x00000000000287c5                uiplib_ipaddr_snprint
 .text          0x00000000000289c8      0x94f build/cooja/mtype385.a(tcpip.o)
                0x00000000000289e2                tcpip_output
                0x0000000000028a61                udp_attach
                0x0000000000028a79                udp_new
                0x0000000000028ac3                udp_broadcast_new
                0x0000000000028c35                tcpip_input
                0x0000000000028e94                tcpip_ipv6_output
                0x0000000000029211                tcpip_poll_udp
                0x000000000002922f                tcpip_uipcall
 .text          0x0000000000029317      0xbdc build/cooja/mtype385.a(uip-ds6-route.o)
                0x0000000000029401                uip_ds6_notification_add
                0x0000000000029433                uip_ds6_notification_rm
                0x0000000000029450                uip_ds6_route_init
                0x00000000000294ef                uip_ds6_route_nexthop
                0x000000000002951e                uip_ds6_route_head
                0x0000000000029537                uip_ds6_route_next
                0x0000000000029560                uip_ds6_route_is_nexthop
                0x00000000000295a2                uip_ds6_route_num_routes
                0x00000000000295ac                uip_ds6_route_lookup
                0x00000000000296bd                uip_ds6_route_add
                0x00000000000299fc                uip_ds6_route_rm
                0x0000000000029b9a                uip_ds6_route_rm_by_nexthop
                0x0000000000029bd9                uip_ds6_defrt_head
                0x0000000000029bf2                uip_ds6_defrt_add
                0x0000000000029d1a                uip_ds6_defrt_rm
                0x0000000000029d9b                uip_ds6_defrt_lookup
                0x0000000000029e02                uip_ds6_defrt_choose
                0x0000000000029e78                uip_ds6_defrt_periodic
 .text          0x0000000000029ef3     0x166e build/cooja/mtype385.a(uip6.o)
                0x0000000000029fa2                uip_chksum
                0x000000000002a079                uip_icmp6chksum
                0x000000000002a08e                uip_udpchksum
                0x000000000002a0a3                uip_init
                0x000000000002a0ec                uip_remove_ext_hdr
                0x000000000002a1f9                uip_udp_new
                0x000000000002a573                uip_process
                0x000000000002b43e                uip_htons
                0x000000000002b460                uip_htonl
                0x000000000002b49e                uip_send
 .text          0x000000000002b561      0x47c build/cooja/mtype385.a(uip-ds6-nbr.o)
                0x000000000002b561                uip_ds6_neighbors_init
                0x000000000002b585                uip_ds6_nbr_add
                0x000000000002b60b                uip_ds6_nbr_rm
                0x000000000002b656                uip_ds6_nbr_update_ll
                0x000000000002b857                uip_ds6_nbr_get_ipaddr
                0x000000000002b86c                uip_ds6_nbr_get_ll
                0x000000000002b888                uip_ds6_nbr_num
                0x000000000002b8d1                uip_ds6_nbr_head
                0x000000000002b8ea                uip_ds6_nbr_next
                0x000000000002b906                uip_ds6_nbr_lookup
                0x000000000002b95e                uip_ds6_nbr_ll_lookup
                0x000000000002b97a                uip_ds6_nbr_ipaddr_from_lladdr
                0x000000000002b9a3                uip_ds6_nbr_lladdr_from_ipaddr
                0x000000000002b9d7                uip_ds6_link_callback
 .text          0x000000000002b9dd      0x80d build/cooja/mtype385.a(uip-nd6.o)
                0x000000000002c1d1                uip_nd6_init
 .text          0x000000000002c1ea      0x3b0 build/cooja/mtype385.a(simple-udp.o)
                0x000000000002c217                simple_udp_send
                0x000000000002c27a                simple_udp_sendto
                0x000000000002c2d5                simple_udp_sendto_port
                0x000000000002c32e                simple_udp_register
 .text          0x000000000002c59a     0x2dd1 build/cooja/mtype385.a(sicslowpan.o)
                0x000000000002c59a                netstack_sniffer_add
                0x000000000002c5a8                netstack_sniffer_remove
                0x000000000002f33f                sicslowpan_init
                0x000000000002f361                sicslowpan_get_last_rssi
 .text          0x000000000002f36b      0x4fd build/cooja/mtype385.a(rpl.o)
                0x000000000002f36b                rpl_lollipop_greater_than
                0x000000000002f3c5                rpl_get_global_address
                0x000000000002f4bd                rpl_link_callback
                0x000000000002f501                rpl_has_joined
                0x000000000002f526                rpl_is_reachable
                0x000000000002f5a7                rpl_reset_prefix
                0x000000000002f611                rpl_set_prefix_from_addr
                0x000000000002f72a                rpl_set_prefix
                0x000000000002f844                rpl_set_leaf_only
                0x000000000002f85c                rpl_get_leaf_only
 .text          0x000000000002f868     0x182c build/cooja/mtype385.a(rpl-icmp6.o)
                0x000000000002f98d                rpl_icmp6_update_nbr_table
                0x000000000002faf8                rpl_icmp6_dis_output
                0x0000000000030320                rpl_icmp6_dio_output
                0x0000000000030c14                rpl_icmp6_dao_output
                0x0000000000030fdb                rpl_icmp6_dao_ack_output
                0x000000000003104b                rpl_icmp6_init
 .text          0x0000000000031094     0x1483 build/cooja/mtype385.a(rpl-dag.o)
                0x0000000000031094                rpl_dag_state_to_str
                0x00000000000310d3                rpl_dag_get_root_ipaddr
                0x000000000003111b                rpl_dag_leave
                0x00000000000311a4                rpl_dag_poison_and_leave
                0x00000000000311bc                rpl_dag_periodic
                0x00000000000312ba                rpl_is_addr_in_our_dag
                0x00000000000312fe                rpl_get_default_instance
                0x000000000003131a                rpl_get_any_dag
                0x0000000000031373                rpl_refresh_routes
                0x00000000000313f5                rpl_global_repair
                0x0000000000031526                rpl_local_repair
                0x00000000000315a7                rpl_dag_ready_to_advertise
                0x00000000000315ea                rpl_dag_update_state
                0x00000000000320fd                rpl_process_dio
                0x00000000000321b1                rpl_process_dis
                0x00000000000321f6                rpl_process_dao
                0x00000000000322ba                rpl_process_dao_ack
                0x0000000000032393                rpl_process_hbh
                0x00000000000323e3                rpl_dag_init_root
                0x00000000000324f7                rpl_dag_init
 .text          0x0000000000032517      0x297 build/cooja/mtype385.a(rpl-dag-root.o)
                0x0000000000032517                rpl_dag_root_print_links
                0x0000000000032643                rpl_dag_root_set_prefix
                0x000000000003266f                rpl_dag_root_start
                0x000000000003277f                rpl_dag_root_is_root
 .text          0x00000000000327ae       0x30 build/cooja/mtype385.a(watchdog.o)
                0x00000000000327ae                watchdog_init
                0x00000000000327b4                watchdog_start
                0x00000000000327ba                watchdog_periodic
                0x00000000000327d2                watchdog_stop
                0x00000000000327d8                watchdog_reboot
 .text          0x00000000000327de       0x4a build/cooja/mtype385.a(int-master.o)
                0x00000000000327de                int_master_enable
                0x00000000000327ee                int_master_read_and_disable
                0x000000000003280b                int_master_status_set
                0x0000000000032819                int_master_is_enabled
 .text          0x0000000000032828       0xd8 build/cooja/mtype385.a(serial-shell.o)
                0x00000000000328e5                serial_shell_init
 .text          0x0000000000032900       0xc7 build/cooja/mtype385.a(stimer.o)
                0x0000000000032900                stimer_set
                0x000000000003291e                stimer_reset
                0x000000000003294b                stimer_restart
                0x0000000000032960                stimer_expired
                0x000000000003298b                stimer_remaining
                0x00000000000329af                stimer_elapsed
 .text          0x00000000000329c7      0x1e9 build/cooja/mtype385.a(ringbufindex.o)
                0x00000000000329c7                ringbufindex_init
                0x00000000000329f0                ringbufindex_put
                0x0000000000032a4b                ringbufindex_peek_put
                0x0000000000032a8f                ringbufindex_get
                0x0000000000032aef                ringbufindex_peek_get
                0x0000000000032b2a                ringbufindex_size
                0x0000000000032b3b                ringbufindex_elements
                0x0000000000032b61                ringbufindex_full
                0x0000000000032b98                ringbufindex_empty
 .text          0x0000000000032bb0      0x1b5 build/cooja/mtype385.a(memb.o)
                0x0000000000032bb0                memb_init
                0x0000000000032c05                memb_alloc
                0x0000000000032c68                memb_free
                0x0000000000032cdf                memb_inmemb
                0x0000000000032d1e                memb_numfree
 .text          0x0000000000032d65      0x156 build/cooja/mtype385.a(ringbuf.o)
                0x0000000000032d65                ringbuf_init
                0x0000000000032d97                ringbuf_put
                0x0000000000032e15                ringbuf_get
                0x0000000000032e82                ringbuf_size
                0x0000000000032e94                ringbuf_elements
 .text          0x0000000000032ebb      0x79b build/cooja/mtype385.a(nbr-table.o)
                0x0000000000033334                nbr_table_register
                0x00000000000333a1                nbr_table_is_registered
                0x00000000000333dc                nbr_table_head
                0x0000000000033437                nbr_table_next
                0x0000000000033498                nbr_table_add_lladdr
                0x0000000000033572                nbr_table_get_from_lladdr
                0x00000000000335be                nbr_table_remove
                0x00000000000335f6                nbr_table_lock
                0x0000000000033610                nbr_table_unlock
                0x000000000003362a                nbr_table_get_lladdr
 .text          0x0000000000033656      0x3a5 build/cooja/mtype385.a(link-stats.o)
                0x0000000000033656                link_stats_from_lladdr
                0x0000000000033672                link_stats_get_lladdr
                0x000000000003368e                link_stats_is_fresh
                0x00000000000336ca                guess_etx_from_rssi
                0x0000000000033746                link_stats_packet_sent
                0x0000000000033866                link_stats_input_callback
                0x0000000000033976                link_stats_reset
                0x00000000000339c6                link_stats_init
 .text          0x00000000000339fb      0x187 build/cooja/mtype385.a(mac-sequence.o)
                0x00000000000339fb                mac_sequence_is_duplicate
                0x0000000000033a9b                mac_sequence_register_seqno
 .text          0x0000000000033b82       0x23 build/cooja/mtype385.a(mac.o)
                0x0000000000033b82                mac_call_sent_callback
 .text          0x0000000000033ba5     0x1030 build/cooja/mtype385.a(frame802154e-ie)
                0x0000000000033cb2                frame80215e_create_ie_header_ack_nack_time_correction
                0x0000000000033d32                frame80215e_create_ie_header_list_termination_1
                0x0000000000033d6e                frame80215e_create_ie_header_list_termination_2
                0x0000000000033daa                frame80215e_create_ie_payload_list_termination
                0x0000000000033de6                frame80215e_create_ie_mlme
                0x0000000000033e2b                frame80215e_create_ie_tsch_synchronization
                0x0000000000033ec7                frame80215e_create_ie_tsch_slotframe_and_link
                0x0000000000034098                frame80215e_create_ie_tsch_timeslot
                0x0000000000034161                frame80215e_create_ie_tsch_channel_hopping_sequence
                0x00000000000346ea                frame802154e_parse_information_elements
 .text          0x0000000000034bd5      0x4a8 build/cooja/mtype385.a(framer-802154.o)
                0x0000000000034d9a                framer_802154_setup_params
 .text          0x000000000003507d      0xb6f build/cooja/mtype385.a(frame802154.o)
                0x00000000000350ae                frame802154_get_pan_id
                0x00000000000350ba                frame802154_set_pan_id
                0x00000000000350d4                frame802154_has_panid
                0x0000000000035283                frame802154_check_dest_panid
                0x000000000003530b                frame802154_is_broadcast_addr
                0x0000000000035358                frame802154_extract_linkaddr
                0x00000000000355bd                frame802154_hdrlen
                0x0000000000035630                frame802154_create_fcf
                0x00000000000356e8                frame802154_create
                0x000000000003585d                frame802154_parse_fcf
                0x000000000003593f                frame802154_parse
 .text          0x0000000000035bec      0xb2b build/cooja/mtype385.a(tsch-queue.o)
                0x0000000000035bec                tsch_queue_add_nbr
                0x0000000000035cdb                tsch_queue_get_nbr
                0x0000000000035d07                tsch_queue_get_time_source
                0x0000000000035d60                tsch_queue_get_nbr_address
                0x0000000000035d7c                tsch_queue_update_time_source
                0x0000000000035fc8                tsch_queue_add_packet
                0x000000000003616e                tsch_queue_global_packet_count
                0x000000000003618f                tsch_queue_nbr_packet_count
                0x00000000000361b8                tsch_queue_remove_packet_from_queue
                0x0000000000036207                tsch_queue_free_packet
                0x000000000003623a                tsch_queue_packet_sent
                0x00000000000362fd                tsch_queue_reset
                0x0000000000036364                tsch_queue_free_unused_neighbors
                0x00000000000363ef                tsch_queue_is_empty
                0x000000000003642a                tsch_queue_get_packet_for_nbr
                0x00000000000364b0                tsch_queue_get_packet_for_dest_addr
                0x00000000000364e5                tsch_queue_get_unicast_packet_for_any
                0x0000000000036577                tsch_queue_backoff_expired
                0x000000000003658b                tsch_queue_backoff_reset
                0x000000000003659f                tsch_queue_backoff_inc
                0x000000000003660a                tsch_queue_update_all_backoff_windows
                0x00000000000366c1                tsch_queue_init
 .text          0x0000000000036717        0x0 build/cooja/mtype385.a(tsch-timeslot-t)
 .text          0x0000000000036717      0x644 build/cooja/mtype385.a(tsch-security.o)
                0x000000000003682f                tsch_security_mic_len
                0x0000000000036864                tsch_security_secure_frame
                0x0000000000036ae1                tsch_security_parse_frame
                0x0000000000036d4c                tsch_security_set_packetbuf_attr
 .text          0x0000000000036d5b      0x135 build/cooja/mtype385.a(tsch-rpl.o)
                0x0000000000036d5b                tsch_rpl_callback_ka_sent
                0x0000000000036d8a                tsch_rpl_callback_joining_network
                0x0000000000036d90                tsch_rpl_callback_leaving_network
                0x0000000000036db0                tsch_rpl_callback_new_dio_interval
                0x0000000000036e48                tsch_rpl_callback_parent_switch
                0x0000000000036e81                tsch_rpl_check_dodag_joined
 .text          0x0000000000036e90      0x4e4 build/cooja/mtype385.a(uipbuf.o)
                0x0000000000036e90                uipbuf_clear
                0x0000000000036eb7                uipbuf_add_ext_hdr
                0x0000000000036f37                uipbuf_set_len
                0x0000000000036f64                uipbuf_set_len_field
                0x0000000000036f90                uipbuf_get_len_field
                0x0000000000036fb0                uipbuf_get_next_header
                0x00000000000370e2                uipbuf_get_last_header
                0x000000000003715b                uipbuf_search_header
                0x0000000000037211                uipbuf_get_attr
                0x0000000000037238                uipbuf_set_attr
                0x000000000003726f                uipbuf_set_default_attr
                0x00000000000372a6                uipbuf_clear_attr
                0x00000000000372ca                uipbuf_set_attr_flag
                0x00000000000372eb                uipbuf_clr_attr_flag
                0x0000000000037312                uipbuf_is_attr_flag
                0x0000000000037336                uipbuf_init
 .text          0x0000000000037374      0x85b build/cooja/mtype385.a(uip-icmp6.o)
                0x00000000000373e9                uip_icmp6_input
                0x0000000000037440                uip_icmp6_register_input_handler
                0x0000000000037593                uip_icmp6_error_output
                0x0000000000037928                uip_icmp6_send
                0x0000000000037b57                uip_icmp6_echo_reply_callback_add
                0x0000000000037b89                uip_icmp6_echo_reply_callback_rm
                0x0000000000037ba6                uip_icmp6_init
 .text          0x0000000000037bcf      0x735 build/cooja/mtype385.a(uip-sr.o)
                0x0000000000037bcf                uip_sr_num_nodes
                0x0000000000037c5d                uip_sr_get_node
                0x0000000000037cb4                uip_sr_is_addr_reachable
                0x0000000000037d62                uip_sr_expire_parent
                0x0000000000037dab                uip_sr_update_node
                0x0000000000037f75                uip_sr_init
                0x0000000000037fa9                uip_sr_node_head
                0x0000000000037fc2                uip_sr_node_next
                0x0000000000037fd8                uip_sr_periodic
                0x00000000000380de                uip_sr_free_all
                0x000000000003814e                uip_sr_link_snprint
 .text          0x0000000000038304      0x146 build/cooja/mtype385.a(uip-packetqueue)
                0x0000000000038332                uip_packetqueue_new
                0x0000000000038341                uip_packetqueue_alloc
                0x000000000003839c                uip_packetqueue_free
                0x00000000000383e3                uip_packetqueue_buf
                0x0000000000038400                uip_packetqueue_buflen
                0x0000000000038421                uip_packetqueue_set_buflen
 .text          0x000000000003844a      0x125 build/cooja/mtype385.a(uip-udp-packet.)
                0x000000000003844a                uip_udp_packet_send
                0x00000000000384a2                uip_udp_packet_sendto
 .text          0x000000000003856f      0x1ef build/cooja/mtype385.a(rpl-nbr-policy.)
                0x000000000003871b                rpl_nbr_policy_find_removable
 .text          0x000000000003875e      0x929 build/cooja/mtype385.a(rpl-neighbor.o)
                0x00000000000387da                rpl_neighbor_snprint
                0x0000000000038a8d                rpl_neighbor_print_list
                0x0000000000038b42                rpl_neighbor_count
                0x0000000000038be9                rpl_neighbor_get_from_lladdr
                0x0000000000038c05                rpl_neighbor_is_acceptable_parent
                0x0000000000038c39                rpl_neighbor_get_link_metric
                0x0000000000038c6d                rpl_neighbor_rank_via_nbr
                0x0000000000038ca1                rpl_neighbor_get_lladdr
                0x0000000000038cbd                rpl_neighbor_get_ipaddr
                0x0000000000038ce4                rpl_neighbor_get_link_stats
                0x0000000000038d0b                rpl_neighbor_is_fresh
                0x0000000000038d32                rpl_neighbor_is_reachable
                0x0000000000038d7d                rpl_neighbor_is_parent
                0x0000000000038da7                rpl_neighbor_set_preferred_parent
                0x0000000000038e52                rpl_neighbor_remove_all
                0x0000000000038eae                rpl_neighbor_get_from_ipaddr
                0x0000000000038fbc                rpl_neighbor_select_best
                0x0000000000039068                rpl_neighbor_init
 .text          0x0000000000039087      0xa14 build/cooja/mtype385.a(rpl-timers.o)
                0x0000000000039087                rpl_timers_schedule_periodic_dis
                0x0000000000039202                rpl_timers_dio_reset
                0x0000000000039310                rpl_timers_schedule_unicast_dio
                0x0000000000039464                rpl_timers_schedule_dao
                0x0000000000039523                rpl_timers_schedule_dao_ack
                0x00000000000395a9                rpl_timers_notify_dao_ack
                0x0000000000039607                get_probing_delay
                0x000000000003963b                get_probing_target
                0x0000000000039825                rpl_schedule_probing
                0x0000000000039853                rpl_schedule_probing_now
                0x00000000000398bd                rpl_timers_unschedule_leaving
                0x00000000000398f5                rpl_timers_schedule_leaving
                0x0000000000039936                rpl_timers_init
                0x00000000000399c6                rpl_timers_stop_dag_timers
                0x0000000000039a3f                rpl_timers_unschedule_state_update
                0x0000000000039a63                rpl_timers_schedule_state_update
 .text          0x0000000000039a9b      0xe56 build/cooja/mtype385.a(rpl-ext-header.)
                0x0000000000039a9b                rpl_ext_header_srh_get_next_hop
                0x0000000000039b82                rpl_ext_header_srh_update
                0x000000000003a246                rpl_ext_header_hbh_update
                0x000000000003a6b6                rpl_ext_header_update
                0x000000000003a73f                rpl_ext_header_remove
 .text          0x000000000003a8f1      0x31b build/cooja/mtype385.a(rpl-mrhof.o)
 .text          0x000000000003ac0c      0x40e build/cooja/mtype385.a(shell.o)
                0x000000000003ac0c                shell_output_6addr
                0x000000000003ac95                shell_output_lladdr
                0x000000000003ae3c                shell_input
                0x000000000003b00c                shell_init
 .text          0x000000000003b01a     0x2e16 build/cooja/mtype385.a(shell-commands.)
                0x000000000003dd1c                shell_commands_init
                0x000000000003dd61                shell_command_set_register
                0x000000000003dd7e                shell_command_set_deregister
                0x000000000003ddc1                shell_command_lookup
 .text          0x000000000003de30      0x467 build/cooja/mtype385.a(ccm-star.o)
 .text          0x000000000003e297      0x586 build/cooja/mtype385.a(aes-128.o)
 *fill*         0x000000000003e81d        0x3 
 .text          0x000000000003e820      0x16a /usr/lib/gcc/i686-linux-gnu/5/libgcc.a(_divdi3.o)
                0x000000000003e820                __divdi3
 *fill*         0x000000000003e98a        0x6 
 .text          0x000000000003e990      0x122 /usr/lib/gcc/i686-linux-gnu/5/libgcc.a(_udivdi3.o)
                0x000000000003e990                __udivdi3
 .text          0x000000000003eab2        0x0 /usr/lib/gcc/i686-linux-gnu/5/crtendS.o
 .text          0x000000000003eab2        0x0 /usr/lib/gcc/i686-linux-gnu/5/../../../i386-linux-gnu/crtn.o
 *(.gnu.warning)

.fini           0x000000000003eab4       0x14
 *(SORT(.fini))
 .fini          0x000000000003eab4        0xf /usr/lib/gcc/i686-linux-gnu/5/../../../i386-linux-gnu/crti.o
                0x000000000003eab4                _fini
 .fini          0x000000000003eac3        0x5 /usr/lib/gcc/i686-linux-gnu/5/../../../i386-linux-gnu/crtn.o
                [!provide]                        PROVIDE (__etext, .)
                [!provide]                        PROVIDE (_etext, .)
                [!provide]                        PROVIDE (etext, .)

.rodata         0x000000000003eae0     0x3ee8
 *(.rodata .rodata.* .gnu.linkonce.r.*)
 .rodata        0x000000000003eae0      0x134 node.o
                0x000000000003eaf4                autostart_processes
 .rodata        0x000000000003ec14        0x8 build/cooja/mtype385.a(beep.o)
                0x000000000003ec14                beep_interface
 .rodata        0x000000000003ec1c        0xe build/cooja/mtype385.a(leds-arch.o)
                0x000000000003ec1c                leds_interface
                0x000000000003ec24                leds_arch_leds
 *fill*         0x000000000003ec2a        0x2 
 .rodata        0x000000000003ec2c        0x8 build/cooja/mtype385.a(moteid.o)
                0x000000000003ec2c                moteid_interface
 .rodata        0x000000000003ec34       0x1c build/cooja/mtype385.a(pir-sensor.o)
                0x000000000003ec34                pir_interface
                0x000000000003ec40                pir_sensor
 .rodata        0x000000000003ec50        0xe build/cooja/mtype385.a(rs232.o)
                0x000000000003ec50                rs232_interface
 *fill*         0x000000000003ec5e        0x2 
 .rodata        0x000000000003ec60       0x24 build/cooja/mtype385.a(vib-sensor.o)
                0x000000000003ec60                vib_interface
                0x000000000003ec74                vib_sensor
 .rodata        0x000000000003ec84        0x8 build/cooja/mtype385.a(clock.o)
                0x000000000003ec84                clock_interface
 .rodata        0x000000000003ec8c        0x8 build/cooja/mtype385.a(cooja-log.o)
                0x000000000003ec8c                simlog_interface
 .rodata        0x000000000003ec94       0x2f build/cooja/mtype385.a(cfs-cooja.o)
                0x000000000003ec94                cfs_interface
 *fill*         0x000000000003ecc3       0x1d 
 .rodata        0x000000000003ece0       0xb8 build/cooja/mtype385.a(cooja-radio.o)
                0x000000000003ece0                radio_interface
                0x000000000003ed60                cooja_radio_driver
 .rodata        0x000000000003ed98        0x8 build/cooja/mtype385.a(eeprom.o)
                0x000000000003ed98                eeprom_interface
 .rodata        0x000000000003eda0        0x8 build/cooja/mtype385.a(sensors.o)
 .rodata        0x000000000003eda8       0x2c build/cooja/mtype385.a(buttons.o)
                0x000000000003eda8                button_interface
                0x000000000003edbc                button_hal_button_count
                0x000000000003edc4                button_sensor
 .rodata        0x000000000003edd4      0x110 build/cooja/mtype385.a(contiki-main.o)
 .rodata        0x000000000003eee4        0xf build/cooja/mtype385.a(ctimer.o)
 *fill*         0x000000000003eef3        0x1 
 .rodata        0x000000000003eef4       0xc4 build/cooja/mtype385.a(log.o)
 .rodata        0x000000000003efb8        0xc build/cooja/mtype385.a(etimer.o)
 .rodata        0x000000000003efc4       0x13 build/cooja/mtype385.a(button-hal.o)
 .rodata        0x000000000003efd7        0xe build/cooja/mtype385.a(serial-line.o)
 *fill*         0x000000000003efe5        0x3 
 .rodata        0x000000000003efe8        0x8 build/cooja/mtype385.a(linkaddr.o)
                0x000000000003efe8                linkaddr_null
 .rodata        0x000000000003eff0      0x5ba build/cooja/mtype385.a(tsch-schedule.o)
 *fill*         0x000000000003f5aa        0x2 
 .rodata        0x000000000003f5ac      0x10f build/cooja/mtype385.a(tsch-slot-opera)
 .rodata        0x000000000003f6bb       0x16 build/cooja/mtype385.a(conf.o)
 *fill*         0x000000000003f6d1        0x3 
 .rodata        0x000000000003f6d4       0x50 build/cooja/mtype385.a(tsch-adaptive-t)
 .rodata        0x000000000003f724       0xe9 build/cooja/mtype385.a(tsch-packet.o)
 *fill*         0x000000000003f80d        0x3 
 .rodata        0x000000000003f810      0x9b4 build/cooja/mtype385.a(tsch.o)
                0x000000000003f810                tsch_broadcast_address
                0x000000000003f818                tsch_eb_address
                0x00000000000401a8                tschmac_driver
 .rodata        0x00000000000401c4      0x156 build/cooja/mtype385.a(tsch-log.o)
 .rodata        0x000000000004031a       0x2d build/cooja/mtype385.a(uiplib.o)
 *fill*         0x0000000000040347        0x1 
 .rodata        0x0000000000040348      0x185 build/cooja/mtype385.a(tcpip.o)
 *fill*         0x00000000000404cd        0x3 
 .rodata        0x00000000000404d0      0x1de build/cooja/mtype385.a(uip-ds6-route.o)
 *fill*         0x00000000000406ae        0x2 
 .rodata        0x00000000000406b0      0x2b7 build/cooja/mtype385.a(uip6.o)
 *fill*         0x0000000000040967        0x1 
 .rodata        0x0000000000040968       0xd2 build/cooja/mtype385.a(uip-ds6-nbr.o)
 .rodata        0x0000000000040a3a       0x53 build/cooja/mtype385.a(uip-nd6.o)
 .rodata        0x0000000000040a8d       0x13 build/cooja/mtype385.a(simple-udp.o)
 .rodata        0x0000000000040aa0      0x348 build/cooja/mtype385.a(sicslowpan.o)
                0x0000000000040aa0                unc_llconf
                0x0000000000040aa4                unc_ctxconf
                0x0000000000040aa8                unc_mxconf
                0x0000000000040aac                llprefix
                0x0000000000040dd8                sicslowpan_driver
 *fill*         0x0000000000040de8       0x18 
 .rodata        0x0000000000040e00       0xb4 build/cooja/mtype385.a(rpl.o)
                0x0000000000040e60                rpl_lite_driver
 .rodata        0x0000000000040eb4      0x3b2 build/cooja/mtype385.a(rpl-icmp6.o)
 *fill*         0x0000000000041266        0x2 
 .rodata        0x0000000000041268      0x508 build/cooja/mtype385.a(rpl-dag.o)
 .rodata        0x0000000000041770       0x38 build/cooja/mtype385.a(rpl-dag-root.o)
 .rodata        0x00000000000417a8       0x18 build/cooja/mtype385.a(serial-shell.o)
 .rodata        0x00000000000417c0      0x10e build/cooja/mtype385.a(frame802154e-ie)
 *fill*         0x00000000000418ce        0x2 
 .rodata        0x00000000000418d0       0x64 build/cooja/mtype385.a(framer-802154.o)
                0x0000000000041928                framer_802154
 .rodata        0x0000000000041934       0xad build/cooja/mtype385.a(tsch-queue.o)
 *fill*         0x00000000000419e1        0x3 
 .rodata        0x00000000000419e4       0x18 build/cooja/mtype385.a(tsch-timeslot-t)
                0x00000000000419e4                tsch_timeslot_timing_us_10000
 .rodata        0x00000000000419fc        0xd build/cooja/mtype385.a(tsch-rpl.o)
 *fill*         0x0000000000041a09        0x3 
 .rodata        0x0000000000041a0c       0xc0 build/cooja/mtype385.a(uip-icmp6.o)
 .rodata        0x0000000000041acc       0xa1 build/cooja/mtype385.a(uip-sr.o)
 *fill*         0x0000000000041b6d        0x3 
 .rodata        0x0000000000041b70       0x42 build/cooja/mtype385.a(rpl-nbr-policy.)
 *fill*         0x0000000000041bb2        0x2 
 .rodata        0x0000000000041bb4       0x58 build/cooja/mtype385.a(rpl-neighbor.o)
 .rodata        0x0000000000041c0c        0xc build/cooja/mtype385.a(rpl-timers.o)
 .rodata        0x0000000000041c18      0x202 build/cooja/mtype385.a(rpl-ext-header.)
 .rodata        0x0000000000041e1a        0x8 build/cooja/mtype385.a(shell.o)
 *fill*         0x0000000000041e22       0x1e 
 .rodata        0x0000000000041e40      0xa78 build/cooja/mtype385.a(shell-commands.)
                0x00000000000427e0                builtin_shell_commands
 .rodata        0x00000000000428b8        0x8 build/cooja/mtype385.a(ccm-star.o)
                0x00000000000428b8                ccm_star_driver
 .rodata        0x00000000000428c0      0x108 build/cooja/mtype385.a(aes-128.o)
                0x00000000000429c0                aes_128_driver

.rodata1
 *(.rodata1)

.eh_frame_hdr   0x00000000000429c8     0x1c64
 *(.eh_frame_hdr)
 .eh_frame_hdr  0x00000000000429c8     0x1c64 node.o
                0x00000000000429c8                __GNU_EH_FRAME_HDR
 *(.eh_frame_entry .eh_frame_entry.*)

.eh_frame       0x000000000004462c     0x74d4
 *(.eh_frame)
 .eh_frame      0x000000000004462c       0x3c /usr/lib/gcc/i686-linux-gnu/5/../../../i386-linux-gnu/crti.o
                                         0x40 (size before relaxing)
 .eh_frame      0x0000000000044668       0xd4 node.o
                                         0xec (size before relaxing)
 .eh_frame      0x000000000004473c      0x178 build/cooja/mtype385.o
                                        0x190 (size before relaxing)
 .eh_frame      0x00000000000448b4       0x40 build/cooja/mtype385.a(simEnvChange.o)
                                         0x58 (size before relaxing)
 .eh_frame      0x00000000000448f4       0x60 build/cooja/mtype385.a(cooja_mt.o)
                                         0x78 (size before relaxing)
 .eh_frame      0x0000000000044954       0x80 build/cooja/mtype385.a(cooja_mtarch.o)
                                         0x98 (size before relaxing)
 .eh_frame      0x00000000000449d4       0xc8 build/cooja/mtype385.a(rtimer-arch.o)
                                         0xe0 (size before relaxing)
 .eh_frame      0x0000000000044a9c      0x160 build/cooja/mtype385.a(beep.o)
                                        0x178 (size before relaxing)
 .eh_frame      0x0000000000044bfc       0x80 build/cooja/mtype385.a(leds-arch.o)
                                         0x98 (size before relaxing)
 .eh_frame      0x0000000000044c7c       0x40 build/cooja/mtype385.a(moteid.o)
                                         0x58 (size before relaxing)
 .eh_frame      0x0000000000044cbc       0xa0 build/cooja/mtype385.a(pir-sensor.o)
                                         0xb8 (size before relaxing)
 .eh_frame      0x0000000000044d5c      0x100 build/cooja/mtype385.a(rs232.o)
                                        0x118 (size before relaxing)
 .eh_frame      0x0000000000044e5c       0xa0 build/cooja/mtype385.a(vib-sensor.o)
                                         0xb8 (size before relaxing)
 .eh_frame      0x0000000000044efc       0xc0 build/cooja/mtype385.a(clock.o)
                                         0xd8 (size before relaxing)
 .eh_frame      0x0000000000044fbc      0x120 build/cooja/mtype385.a(cooja-log.o)
                                        0x138 (size before relaxing)
 .eh_frame      0x00000000000450dc      0x160 build/cooja/mtype385.a(cfs-cooja.o)
                                        0x178 (size before relaxing)
 .eh_frame      0x000000000004523c      0x3b0 build/cooja/mtype385.a(cooja-radio.o)
                                        0x3c8 (size before relaxing)
 .eh_frame      0x00000000000455ec       0xa0 build/cooja/mtype385.a(eeprom.o)
                                         0xb8 (size before relaxing)
 .eh_frame      0x000000000004568c       0x40 build/cooja/mtype385.a(random.o)
                                         0x58 (size before relaxing)
 .eh_frame      0x00000000000456cc       0xc0 build/cooja/mtype385.a(sensors.o)
                                         0xd8 (size before relaxing)
 .eh_frame      0x000000000004578c      0x120 build/cooja/mtype385.a(leds.o)
                                        0x138 (size before relaxing)
 .eh_frame      0x00000000000458ac      0x220 build/cooja/mtype385.a(gpio-hal-arch.o)
                                        0x238 (size before relaxing)
 .eh_frame      0x0000000000045acc       0xa0 build/cooja/mtype385.a(buttons.o)
                                         0xb8 (size before relaxing)
 .eh_frame      0x0000000000045b6c       0x30 build/cooja/mtype385.a(contiki-main.o)
                                         0x48 (size before relaxing)
 .eh_frame      0x0000000000045b9c       0x40 build/cooja/mtype385.a(autostart.o)
                                         0x58 (size before relaxing)
 .eh_frame      0x0000000000045bdc      0x100 build/cooja/mtype385.a(ctimer.o)
                                        0x118 (size before relaxing)
 .eh_frame      0x0000000000045cdc      0x120 build/cooja/mtype385.a(log.o)
                                        0x138 (size before relaxing)
 .eh_frame      0x0000000000045dfc       0xb4 build/cooja/mtype385.a(energest.o)
                                         0xcc (size before relaxing)
 .eh_frame      0x0000000000045eb0      0x1e0 build/cooja/mtype385.a(etimer.o)
                                        0x1f8 (size before relaxing)
 .eh_frame      0x0000000000046090       0x20 build/cooja/mtype385.a(node-id.o)
                                         0x38 (size before relaxing)
 .eh_frame      0x00000000000460b0       0x60 build/cooja/mtype385.a(rtimer.o)
                                         0x78 (size before relaxing)
 .eh_frame      0x0000000000046110      0x1c4 build/cooja/mtype385.a(process.o)
                                        0x1dc (size before relaxing)
 .eh_frame      0x00000000000462d4       0xa4 build/cooja/mtype385.a(timer.o)
                                         0xbc (size before relaxing)
 .eh_frame      0x0000000000046378      0x1a0 build/cooja/mtype385.a(list.o)
                                        0x1b8 (size before relaxing)
 .eh_frame      0x0000000000046518      0x164 build/cooja/mtype385.a(button-hal.o)
                                        0x17c (size before relaxing)
 .eh_frame      0x000000000004667c       0x60 build/cooja/mtype385.a(serial-line.o)
                                         0x78 (size before relaxing)
 .eh_frame      0x00000000000466dc       0xe0 build/cooja/mtype385.a(gpio-hal.o)
                                         0xf8 (size before relaxing)
 .eh_frame      0x00000000000467bc      0x1a0 build/cooja/mtype385.a(queuebuf.o)
                                        0x1b8 (size before relaxing)
 .eh_frame      0x000000000004695c      0x28c build/cooja/mtype385.a(packetbuf.o)
                                        0x2a4 (size before relaxing)
 .eh_frame      0x0000000000046be8       0x80 build/cooja/mtype385.a(netstack.o)
                                         0x98 (size before relaxing)
 .eh_frame      0x0000000000046c68       0x60 build/cooja/mtype385.a(linkaddr.o)
                                         0x78 (size before relaxing)
 .eh_frame      0x0000000000046cc8      0x528 build/cooja/mtype385.a(tsch-schedule.o)
                                        0x540 (size before relaxing)
 .eh_frame      0x00000000000471f0      0x2c0 build/cooja/mtype385.a(tsch-slot-opera)
                                        0x2d8 (size before relaxing)
 .eh_frame      0x00000000000474b0       0xb0 build/cooja/mtype385.a(conf.o)
                                         0xc8 (size before relaxing)
 .eh_frame      0x0000000000047560       0xf4 build/cooja/mtype385.a(tsch-adaptive-t)
                                        0x10c (size before relaxing)
 .eh_frame      0x0000000000047654      0x134 build/cooja/mtype385.a(tsch-packet.o)
                                        0x14c (size before relaxing)
 .eh_frame      0x0000000000047788      0x3a8 build/cooja/mtype385.a(tsch.o)
                                        0x3c0 (size before relaxing)
 .eh_frame      0x0000000000047b30       0xb0 build/cooja/mtype385.a(tsch-log.o)
                                         0xc8 (size before relaxing)
 .eh_frame      0x0000000000047be0      0x328 build/cooja/mtype385.a(uip-ds6.o)
                                        0x340 (size before relaxing)
 .eh_frame      0x0000000000047f08       0x88 build/cooja/mtype385.a(uiplib.o)
                                         0xa0 (size before relaxing)
 .eh_frame      0x0000000000047f90      0x244 build/cooja/mtype385.a(tcpip.o)
                                        0x25c (size before relaxing)
 .eh_frame      0x00000000000481d4      0x2e0 build/cooja/mtype385.a(uip-ds6-route.o)
                                        0x2f8 (size before relaxing)
 .eh_frame      0x00000000000484b4      0x1e8 build/cooja/mtype385.a(uip6.o)
                                        0x200 (size before relaxing)
 .eh_frame      0x000000000004869c      0x1c0 build/cooja/mtype385.a(uip-ds6-nbr.o)
                                        0x1d8 (size before relaxing)
 .eh_frame      0x000000000004885c       0x84 build/cooja/mtype385.a(uip-nd6.o)
                                         0x9c (size before relaxing)
 .eh_frame      0x00000000000488e0       0xd4 build/cooja/mtype385.a(simple-udp.o)
                                         0xec (size before relaxing)
 .eh_frame      0x00000000000489b4      0x234 build/cooja/mtype385.a(sicslowpan.o)
                                        0x24c (size before relaxing)
 .eh_frame      0x0000000000048be8      0x1e0 build/cooja/mtype385.a(rpl.o)
                                        0x1f8 (size before relaxing)
 .eh_frame      0x0000000000048dc8      0x1c4 build/cooja/mtype385.a(rpl-icmp6.o)
                                        0x1dc (size before relaxing)
 .eh_frame      0x0000000000048f8c      0x370 build/cooja/mtype385.a(rpl-dag.o)
                                        0x388 (size before relaxing)
 .eh_frame      0x00000000000492fc       0xa0 build/cooja/mtype385.a(rpl-dag-root.o)
                                         0xb8 (size before relaxing)
 .eh_frame      0x000000000004939c       0xa0 build/cooja/mtype385.a(watchdog.o)
                                         0xb8 (size before relaxing)
 .eh_frame      0x000000000004943c       0x80 build/cooja/mtype385.a(int-master.o)
                                         0x98 (size before relaxing)
 .eh_frame      0x00000000000494bc       0x60 build/cooja/mtype385.a(serial-shell.o)
                                         0x78 (size before relaxing)
 .eh_frame      0x000000000004951c       0xc4 build/cooja/mtype385.a(stimer.o)
                                         0xdc (size before relaxing)
 .eh_frame      0x00000000000495e0      0x120 build/cooja/mtype385.a(ringbufindex.o)
                                        0x138 (size before relaxing)
 .eh_frame      0x0000000000049700       0xa0 build/cooja/mtype385.a(memb.o)
                                         0xb8 (size before relaxing)
 .eh_frame      0x00000000000497a0       0xa0 build/cooja/mtype385.a(ringbuf.o)
                                         0xb8 (size before relaxing)
 .eh_frame      0x0000000000049840      0x2ac build/cooja/mtype385.a(nbr-table.o)
                                        0x2c4 (size before relaxing)
 .eh_frame      0x0000000000049aec      0x120 build/cooja/mtype385.a(link-stats.o)
                                        0x138 (size before relaxing)
 .eh_frame      0x0000000000049c0c       0x48 build/cooja/mtype385.a(mac-sequence.o)
                                         0x60 (size before relaxing)
 .eh_frame      0x0000000000049c54       0x20 build/cooja/mtype385.a(mac.o)
                                         0x38 (size before relaxing)
 .eh_frame      0x0000000000049c74      0x22c build/cooja/mtype385.a(frame802154e-ie)
                                        0x244 (size before relaxing)
 .eh_frame      0x0000000000049ea0       0xa4 build/cooja/mtype385.a(framer-802154.o)
                                         0xbc (size before relaxing)
 .eh_frame      0x0000000000049f44      0x1a4 build/cooja/mtype385.a(frame802154.o)
                                        0x1bc (size before relaxing)
 .eh_frame      0x000000000004a0e8      0x314 build/cooja/mtype385.a(tsch-queue.o)
                                        0x32c (size before relaxing)
 .eh_frame      0x000000000004a3fc       0xe0 build/cooja/mtype385.a(tsch-security.o)
                                         0xf8 (size before relaxing)
 .eh_frame      0x000000000004a4dc       0xc4 build/cooja/mtype385.a(tsch-rpl.o)
                                         0xdc (size before relaxing)
 .eh_frame      0x000000000004a5a0      0x200 build/cooja/mtype385.a(uipbuf.o)
                                        0x218 (size before relaxing)
 .eh_frame      0x000000000004a7a0      0x150 build/cooja/mtype385.a(uip-icmp6.o)
                                        0x168 (size before relaxing)
 .eh_frame      0x000000000004a8f0      0x184 build/cooja/mtype385.a(uip-sr.o)
                                        0x19c (size before relaxing)
 .eh_frame      0x000000000004aa74       0xe0 build/cooja/mtype385.a(uip-packetqueue)
                                         0xf8 (size before relaxing)
 .eh_frame      0x000000000004ab54       0x40 build/cooja/mtype385.a(uip-udp-packet.)
                                         0x58 (size before relaxing)
 .eh_frame      0x000000000004ab94       0x80 build/cooja/mtype385.a(rpl-nbr-policy.)
                                         0x98 (size before relaxing)
 .eh_frame      0x000000000004ac14      0x2d4 build/cooja/mtype385.a(rpl-neighbor.o)
                                        0x2ec (size before relaxing)
 .eh_frame      0x000000000004aee8      0x3a8 build/cooja/mtype385.a(rpl-timers.o)
                                        0x3c0 (size before relaxing)
 .eh_frame      0x000000000004b290      0x124 build/cooja/mtype385.a(rpl-ext-header.)
                                        0x13c (size before relaxing)
 .eh_frame      0x000000000004b3b4      0x148 build/cooja/mtype385.a(rpl-mrhof.o)
                                        0x160 (size before relaxing)
 .eh_frame      0x000000000004b4fc       0xa0 build/cooja/mtype385.a(shell.o)
                                         0xb8 (size before relaxing)
 .eh_frame      0x000000000004b59c      0x36c build/cooja/mtype385.a(shell-commands.)
                                        0x384 (size before relaxing)
 .eh_frame      0x000000000004b908       0xc8 build/cooja/mtype385.a(ccm-star.o)
                                         0xe0 (size before relaxing)
 .eh_frame      0x000000000004b9d0       0x68 build/cooja/mtype385.a(aes-128.o)
                                         0x80 (size before relaxing)
 .eh_frame      0x000000000004ba38       0x40 /usr/lib/gcc/i686-linux-gnu/5/libgcc.a(_divdi3.o)
                                         0x58 (size before relaxing)
 .eh_frame      0x000000000004ba78       0x84 /usr/lib/gcc/i686-linux-gnu/5/libgcc.a(_udivdi3.o)
                                         0x9c (size before relaxing)
 .eh_frame      0x000000000004bafc        0x4 /usr/lib/gcc/i686-linux-gnu/5/crtendS.o
 *(.eh_frame.*)

.gcc_except_table
 *(.gcc_except_table .gcc_except_table.*)

.gnu_extab
 *(.gnu_extab*)

.exception_ranges
 *(.exception_ranges .exception_ranges*)
                0x000000000004cf10                . = DATA_SEGMENT_ALIGN (0x1000, 0x1000)

.eh_frame
 *(.eh_frame)
 *(.eh_frame.*)

.gnu_extab
 *(.gnu_extab)

.gcc_except_table
 *(.gcc_except_table .gcc_except_table.*)

.exception_ranges
 *(.exception_ranges .exception_ranges*)

.tdata
 *(.tdata .tdata.* .gnu.linkonce.td.*)

.tbss
 *(.tbss .tbss.* .gnu.linkonce.tb.*)
 *(.tcommon)

.preinit_array
 *(.preinit_array)

.init_array     0x000000000004cf10        0x4
 *(SORT(.init_array.*) SORT(.ctors.*))
 *(.init_array EXCLUDE_FILE(*crtend?.o *crtend.o *crtbegin?.o *crtbegin.o) .ctors)
 .init_array    0x000000000004cf10        0x4 /usr/lib/gcc/i686-linux-gnu/5/crtbeginS.o

.fini_array     0x000000000004cf14        0x4
 *(SORT(.fini_array.*) SORT(.dtors.*))
 *(.fini_array EXCLUDE_FILE(*crtend?.o *crtend.o *crtbegin?.o *crtbegin.o) .dtors)
 .fini_array    0x000000000004cf14        0x4 /usr/lib/gcc/i686-linux-gnu/5/crtbeginS.o

.ctors
 *crtbegin.o(.ctors)
 *crtbegin?.o(.ctors)
 *(EXCLUDE_FILE(*crtend?.o *crtend.o) .ctors)
 *(SORT(.ctors.*))
 *(.ctors)

.dtors
 *crtbegin.o(.dtors)
 *crtbegin?.o(.dtors)
 *(EXCLUDE_FILE(*crtend?.o *crtend.o) .dtors)
 *(SORT(.dtors.*))
 *(.dtors)

.jcr            0x000000000004cf18        0x4
 *(.jcr)
 .jcr           0x000000000004cf18        0x0 /usr/lib/gcc/i686-linux-gnu/5/crtbeginS.o
 .jcr           0x000000000004cf18        0x4 /usr/lib/gcc/i686-linux-gnu/5/crtendS.o

.data.rel.ro
 *(.data.rel.ro.local* .gnu.linkonce.d.rel.ro.local.*)
 *(.data.rel.ro .data.rel.ro.* .gnu.linkonce.d.rel.ro.*)

.dynamic        0x000000000004cf1c       0xd0
 *(.dynamic)
 .dynamic       0x000000000004cf1c       0xd0 /usr/lib/gcc/i686-linux-gnu/5/../../../i386-linux-gnu/crti.o
                0x000000000004cf1c                _DYNAMIC

.got            0x000000000004cfec       0x14
 *(.got)
 .got           0x000000000004cfec       0x14 /usr/lib/gcc/i686-linux-gnu/5/../../../i386-linux-gnu/crti.o
 *(.igot)
                0x000000000004dff4                . = DATA_SEGMENT_RELRO_END (., (SIZEOF (.got.plt) >= 0xc)?0xc:0x0)

.got.plt        0x000000000004d000        0xc
 *(.got.plt)
 .got.plt       0x000000000004d000        0xc /usr/lib/gcc/i686-linux-gnu/5/../../../i386-linux-gnu/crti.o
                0x000000000004d000                _GLOBAL_OFFSET_TABLE_
 *(.igot.plt)

.data           0x000000000004d020      0x470
 *(.data .data.* .gnu.linkonce.d.*)
 .data          0x000000000004d020        0x0 /usr/lib/gcc/i686-linux-gnu/5/../../../i386-linux-gnu/crti.o
 .data          0x000000000004d020        0x0 /usr/lib/gcc/i686-linux-gnu/5/crtbeginS.o
 .data.rel.local
                0x000000000004d020        0x4 /usr/lib/gcc/i686-linux-gnu/5/crtbeginS.o
                0x000000000004d020                __dso_handle
 .data          0x000000000004d024       0x18 node.o
                0x000000000004d024                node_process
 *fill*         0x000000000004d03c        0x4 
 .data          0x000000000004d040       0x44 build/cooja/mtype385.o
                0x000000000004d040                simInterfaces
                0x000000000004d074                sensors
 .data          0x000000000004d084        0x0 build/cooja/mtype385.a(simEnvChange.o)
 .data          0x000000000004d084        0x0 build/cooja/mtype385.a(cooja_mt.o)
 .data          0x000000000004d084        0x0 build/cooja/mtype385.a(cooja_mtarch.o)
 .data          0x000000000004d084        0x0 build/cooja/mtype385.a(rtimer-arch.o)
 .data          0x000000000004d084        0x0 build/cooja/mtype385.a(beep.o)
 .data          0x000000000004d084        0x0 build/cooja/mtype385.a(leds-arch.o)
 .data          0x000000000004d084        0x0 build/cooja/mtype385.a(moteid.o)
 .data          0x000000000004d084        0x0 build/cooja/mtype385.a(pir-sensor.o)
 .data          0x000000000004d084        0x0 build/cooja/mtype385.a(rs232.o)
 .data          0x000000000004d084        0x0 build/cooja/mtype385.a(vib-sensor.o)
 .data          0x000000000004d084        0x0 build/cooja/mtype385.a(clock.o)
 .data          0x000000000004d084        0x0 build/cooja/mtype385.a(cooja-log.o)
 .data          0x000000000004d084        0x0 build/cooja/mtype385.a(cfs-cooja.o)
 .data          0x000000000004d084       0x2c build/cooja/mtype385.a(cooja-radio.o)
                0x000000000004d084                simRadioHWOn
                0x000000000004d088                simSignalStrength
                0x000000000004d08c                simLastSignalStrength
                0x000000000004d090                simPower
                0x000000000004d094                simRadioChannel
                0x000000000004d098                simLQI
                0x000000000004d0a0                cooja_radio_process
 .data          0x000000000004d0b0        0x0 build/cooja/mtype385.a(eeprom.o)
 .data          0x000000000004d0b0        0x0 build/cooja/mtype385.a(random.o)
 .data          0x000000000004d0b0       0x10 build/cooja/mtype385.a(sensors.o)
                0x000000000004d0b0                sensors_process
 .data          0x000000000004d0c0        0x0 build/cooja/mtype385.a(leds.o)
 .data          0x000000000004d0c0        0x0 build/cooja/mtype385.a(gpio-hal-arch.o)
 .data          0x000000000004d0c0       0x78 build/cooja/mtype385.a(buttons.o)
                0x000000000004d0c0                simButtonIsActive
                0x000000000004d130                button_hal_buttons
 .data          0x000000000004d138        0x0 build/cooja/mtype385.a(contiki-main.o)
 .data          0x000000000004d138        0x0 build/cooja/mtype385.a(autostart.o)
 .data          0x000000000004d138       0x14 build/cooja/mtype385.a(ctimer.o)
                0x000000000004d13c                ctimer_process
 *fill*         0x000000000004d14c       0x14 
 .data          0x000000000004d160       0xbc build/cooja/mtype385.a(log.o)
                0x000000000004d160                curr_log_level_rpl
                0x000000000004d164                curr_log_level_tcpip
                0x000000000004d168                curr_log_level_ipv6
                0x000000000004d16c                curr_log_level_6lowpan
                0x000000000004d170                curr_log_level_mac
                0x000000000004d174                curr_log_level_framer
                0x000000000004d178                curr_log_level_main
                0x000000000004d180                all_modules
 .data          0x000000000004d21c        0x0 build/cooja/mtype385.a(energest.o)
 .data          0x000000000004d21c       0x10 build/cooja/mtype385.a(etimer.o)
                0x000000000004d21c                etimer_process
 .data          0x000000000004d22c        0x0 build/cooja/mtype385.a(node-id.o)
 .data          0x000000000004d22c        0x0 build/cooja/mtype385.a(rtimer.o)
 .data          0x000000000004d22c        0x0 build/cooja/mtype385.a(process.o)
 .data          0x000000000004d22c        0x0 build/cooja/mtype385.a(timer.o)
 .data          0x000000000004d22c        0x0 build/cooja/mtype385.a(list.o)
 .data          0x000000000004d22c       0x10 build/cooja/mtype385.a(button-hal.o)
                0x000000000004d22c                button_hal_process
 .data          0x000000000004d23c       0x10 build/cooja/mtype385.a(serial-line.o)
                0x000000000004d23c                serial_line_process
 .data          0x000000000004d24c        0x4 build/cooja/mtype385.a(gpio-hal.o)
 .data          0x000000000004d250       0x18 build/cooja/mtype385.a(queuebuf.o)
 .data          0x000000000004d268        0x4 build/cooja/mtype385.a(packetbuf.o)
 .data          0x000000000004d26c        0x4 build/cooja/mtype385.a(netstack.o)
 .data          0x000000000004d270        0x0 build/cooja/mtype385.a(linkaddr.o)
 .data          0x000000000004d270       0x20 build/cooja/mtype385.a(tsch-schedule.o)
 .data          0x000000000004d290        0x4 build/cooja/mtype385.a(tsch-slot-opera)
 .data          0x000000000004d294        0x0 build/cooja/mtype385.a(conf.o)
 .data          0x000000000004d294        0x0 build/cooja/mtype385.a(tsch-adaptive-t)
 .data          0x000000000004d294        0x0 build/cooja/mtype385.a(tsch-packet.o)
 .data          0x000000000004d294       0x30 build/cooja/mtype385.a(tsch.o)
                0x000000000004d294                tsch_process
                0x000000000004d2a4                tsch_send_eb_process
                0x000000000004d2b4                tsch_pending_events_process
 .data          0x000000000004d2c4        0x0 build/cooja/mtype385.a(tsch-log.o)
 .data          0x000000000004d2c4        0x0 build/cooja/mtype385.a(uip-ds6.o)
 .data          0x000000000004d2c4        0x0 build/cooja/mtype385.a(uiplib.o)
 .data          0x000000000004d2c4       0x10 build/cooja/mtype385.a(tcpip.o)
                0x000000000004d2c4                tcpip_process
 .data          0x000000000004d2d4       0x44 build/cooja/mtype385.a(uip-ds6-route.o)
                0x000000000004d2e4                nbr_routes
 .data          0x000000000004d318        0x0 build/cooja/mtype385.a(uip6.o)
 .data          0x000000000004d318       0x14 build/cooja/mtype385.a(uip-ds6-nbr.o)
 .data          0x000000000004d32c        0xc build/cooja/mtype385.a(uip-nd6.o)
 .data          0x000000000004d338       0x10 build/cooja/mtype385.a(simple-udp.o)
                0x000000000004d338                simple_udp_process
 .data          0x000000000004d348        0x0 build/cooja/mtype385.a(sicslowpan.o)
 .data          0x000000000004d348        0x0 build/cooja/mtype385.a(rpl.o)
 .data          0x000000000004d348       0x30 build/cooja/mtype385.a(rpl-icmp6.o)
 .data          0x000000000004d378        0x0 build/cooja/mtype385.a(rpl-dag.o)
 .data          0x000000000004d378        0x0 build/cooja/mtype385.a(rpl-dag-root.o)
 .data          0x000000000004d378        0x0 build/cooja/mtype385.a(watchdog.o)
 .data          0x000000000004d378        0x0 build/cooja/mtype385.a(int-master.o)
 .data          0x000000000004d378       0x10 build/cooja/mtype385.a(serial-shell.o)
                0x000000000004d378                serial_shell_process
 .data          0x000000000004d388        0x0 build/cooja/mtype385.a(stimer.o)
 .data          0x000000000004d388        0x0 build/cooja/mtype385.a(ringbufindex.o)
 .data          0x000000000004d388        0x0 build/cooja/mtype385.a(memb.o)
 .data          0x000000000004d388        0x0 build/cooja/mtype385.a(ringbuf.o)
 .data          0x000000000004d388       0x10 build/cooja/mtype385.a(nbr-table.o)
 .data          0x000000000004d398       0x14 build/cooja/mtype385.a(link-stats.o)
 .data          0x000000000004d3ac        0x0 build/cooja/mtype385.a(mac-sequence.o)
 .data          0x000000000004d3ac        0x0 build/cooja/mtype385.a(mac.o)
 .data          0x000000000004d3ac        0x0 build/cooja/mtype385.a(frame802154e-ie)
 .data          0x000000000004d3ac        0x0 build/cooja/mtype385.a(framer-802154.o)
 .data          0x000000000004d3ac        0x2 build/cooja/mtype385.a(frame802154.o)
 *fill*         0x000000000004d3ae        0x2 
 .data          0x000000000004d3b0       0x20 build/cooja/mtype385.a(tsch-queue.o)
 .data          0x000000000004d3d0        0x0 build/cooja/mtype385.a(tsch-timeslot-t)
 *fill*         0x000000000004d3d0       0x10 
 .data          0x000000000004d3e0       0x20 build/cooja/mtype385.a(tsch-security.o)
 .data          0x000000000004d400        0x0 build/cooja/mtype385.a(tsch-rpl.o)
 .data          0x000000000004d400        0x0 build/cooja/mtype385.a(uipbuf.o)
 .data          0x000000000004d400       0x20 build/cooja/mtype385.a(uip-icmp6.o)
 .data          0x000000000004d420       0x10 build/cooja/mtype385.a(uip-sr.o)
 .data          0x000000000004d430        0xc build/cooja/mtype385.a(uip-packetqueue)
 .data          0x000000000004d43c        0x0 build/cooja/mtype385.a(uip-udp-packet.)
 .data          0x000000000004d43c        0x0 build/cooja/mtype385.a(rpl-nbr-policy.)
 .data          0x000000000004d43c       0x14 build/cooja/mtype385.a(rpl-neighbor.o)
                0x000000000004d44c                rpl_neighbors
 .data          0x000000000004d450        0x0 build/cooja/mtype385.a(rpl-timers.o)
 .data          0x000000000004d450        0x0 build/cooja/mtype385.a(rpl-ext-header.)
 *fill*         0x000000000004d450       0x10 
 .data          0x000000000004d460       0x24 build/cooja/mtype385.a(rpl-mrhof.o)
                0x000000000004d460                rpl_mrhof
 .data          0x000000000004d484        0x0 build/cooja/mtype385.a(shell.o)
 .data          0x000000000004d484        0xc build/cooja/mtype385.a(shell-commands.)
 .data          0x000000000004d490        0x0 build/cooja/mtype385.a(ccm-star.o)
 .data          0x000000000004d490        0x0 build/cooja/mtype385.a(aes-128.o)
 .data          0x000000000004d490        0x0 /usr/lib/gcc/i686-linux-gnu/5/libgcc.a(_divdi3.o)
 .data          0x000000000004d490        0x0 /usr/lib/gcc/i686-linux-gnu/5/libgcc.a(_udivdi3.o)
 .data          0x000000000004d490        0x0 /usr/lib/gcc/i686-linux-gnu/5/crtendS.o
 .data          0x000000000004d490        0x0 /usr/lib/gcc/i686-linux-gnu/5/../../../i386-linux-gnu/crtn.o

.tm_clone_table
                0x000000000004d490        0x0
 .tm_clone_table
                0x000000000004d490        0x0 /usr/lib/gcc/i686-linux-gnu/5/crtbeginS.o
 .tm_clone_table
                0x000000000004d490        0x0 /usr/lib/gcc/i686-linux-gnu/5/crtendS.o

.data1
 *(.data1)
                0x000000000004d490                _edata = .
                [!provide]                        PROVIDE (edata, .)
                0x000000000004d490                . = .
                0x000000000004d490                __bss_start = .

.bss            0x000000000004d4a0    0x28168
 *(.dynbss)
 .dynbss        0x000000000004d4a0        0x0 /usr/lib/gcc/i686-linux-gnu/5/../../../i386-linux-gnu/crti.o
 *(.bss .bss.* .gnu.linkonce.b.*)
 .bss           0x000000000004d4a0        0x0 /usr/lib/gcc/i686-linux-gnu/5/../../../i386-linux-gnu/crti.o
 .bss           0x000000000004d4a0        0x1 /usr/lib/gcc/i686-linux-gnu/5/crtbeginS.o
 *fill*         0x000000000004d4a1       0x1f 
 .bss           0x000000000004d4c0       0x58 node.o
                0x000000000004d4c0                verify
 *fill*         0x000000000004d518        0x8 
 .bss           0x000000000004d520     0x2030 build/cooja/mtype385.o