Archive member included to satisfy reference by file (symbol)

build/cooja/mtype540.a(simEnvChange.o)
                              build/cooja/mtype540.o (simDontFallAsleep)
build/cooja/mtype540.a(cooja_mt.o)
                              build/cooja/mtype540.o (cooja_mt_start)
build/cooja/mtype540.a(cooja_mtarch.o)
                              build/cooja/mtype540.a(cooja_mt.o) (cooja_mtarch_start)
build/cooja/mtype540.a(rtimer-arch.o)
                              build/cooja/mtype540.o (rtimer_arch_check)
build/cooja/mtype540.a(beep.o)
                              build/cooja/mtype540.o (beep_interface)
build/cooja/mtype540.a(leds-arch.o)
                              build/cooja/mtype540.o (leds_interface)
build/cooja/mtype540.a(moteid.o)
                              build/cooja/mtype540.o (moteid_interface)
build/cooja/mtype540.a(pir-sensor.o)
                              build/cooja/mtype540.o (pir_interface)
build/cooja/mtype540.a(rs232.o)
                              build/cooja/mtype540.o (rs232_interface)
build/cooja/mtype540.a(vib-sensor.o)
                              build/cooja/mtype540.o (vib_interface)
build/cooja/mtype540.a(clock.o)
                              build/cooja/mtype540.o (clock_interface)
build/cooja/mtype540.a(cooja-log.o)
                              build/cooja/mtype540.o (simlog_interface)
build/cooja/mtype540.a(cfs-cooja.o)
                              build/cooja/mtype540.o (cfs_interface)
build/cooja/mtype540.a(cooja-radio.o)
                              build/cooja/mtype540.o (radio_interface)
build/cooja/mtype540.a(eeprom.o)
                              build/cooja/mtype540.o (eeprom_interface)
build/cooja/mtype540.a(random.o)
                              build/cooja/mtype540.a(moteid.o) (random_init)
build/cooja/mtype540.a(sensors.o)
                              build/cooja/mtype540.a(pir-sensor.o) (sensors_changed)
build/cooja/mtype540.a(leds.o)
                              build/cooja/mtype540.a(leds-arch.o) (leds_get)
build/cooja/mtype540.a(gpio-hal-arch.o)
                              build/cooja/mtype540.a(leds-arch.o) (gpio_hal_arch_register_pin_callback)
build/cooja/mtype540.a(buttons.o)
                              build/cooja/mtype540.o (button_interface)
build/cooja/mtype540.a(contiki-main.o)
                              build/cooja/mtype540.o (main)
build/cooja/mtype540.a(autostart.o)
                              build/cooja/mtype540.a(contiki-main.o) (autostart_start)
build/cooja/mtype540.a(ctimer.o)
                              build/cooja/mtype540.a(contiki-main.o) (ctimer_init)
build/cooja/mtype540.a(log.o)
                              build/cooja/mtype540.a(contiki-main.o) (curr_log_level_main)
build/cooja/mtype540.a(energest.o)
                              node.o (energest_total_time)
build/cooja/mtype540.a(etimer.o)
                              build/cooja/mtype540.a(contiki-main.o) (etimer_process)
build/cooja/mtype540.a(node-id.o)
                              node.o (node_id)
build/cooja/mtype540.a(rtimer.o)
                              build/cooja/mtype540.a(contiki-main.o) (rtimer_init)
build/cooja/mtype540.a(process.o)
                              build/cooja/mtype540.a(ctimer.o) (process_current)
build/cooja/mtype540.a(timer.o)
                              build/cooja/mtype540.a(etimer.o) (timer_set)
build/cooja/mtype540.a(list.o)
                              build/cooja/mtype540.a(ctimer.o) (list_init)
build/cooja/mtype540.a(button-hal.o)
                              build/cooja/mtype540.o (button_hal_init)
build/cooja/mtype540.a(serial-line.o)
                              build/cooja/mtype540.a(rs232.o) (serial_line_input_byte)
build/cooja/mtype540.a(gpio-hal.o)
                              build/cooja/mtype540.a(button-hal.o) (gpio_hal_register_handler)
build/cooja/mtype540.a(queuebuf.o)
                              build/cooja/mtype540.a(contiki-main.o) (queuebuf_init)
build/cooja/mtype540.a(packetbuf.o)
                              build/cooja/mtype540.a(cooja-radio.o) (packetbuf_clear)
build/cooja/mtype540.a(netstack.o)
                              build/cooja/mtype540.a(contiki-main.o) (netstack_init)
build/cooja/mtype540.a(linkaddr.o)
                              node.o (linkaddr_node_addr)
build/cooja/mtype540.a(tsch-schedule.o)
                              node.o (tsch_schedule_add_slotframe)
build/cooja/mtype540.a(tsch-slot-opera)
                              build/cooja/mtype540.a(tsch-schedule.o) (current_link)
build/cooja/mtype540.a(conf.o)
                              build/cooja/mtype540.a(tsch-schedule.o) (DCFL)
build/cooja/mtype540.a(tsch-adaptive-t)
                              build/cooja/mtype540.a(tsch-slot-opera) (tsch_timesync_update)
build/cooja/mtype540.a(tsch-packet.o)
                              build/cooja/mtype540.a(tsch-slot-opera) (tsch_packet_create_eack)
build/cooja/mtype540.a(tsch.o)
[...]
Memory Configuration

Name             Origin             Length             Attributes
*default*        0x0000000000000000 0xffffffffffffffff

Linker script and memory map

LOAD /usr/lib/gcc/i686-linux-gnu/5/../../../i386-linux-gnu/crti.o
LOAD /usr/lib/gcc/i686-linux-gnu/5/crtbeginS.o
LOAD node.o
LOAD build/cooja/mtype540.o
LOAD build/cooja/mtype540.a
LOAD /usr/lib/gcc/i686-linux-gnu/5/libgcc.a
LOAD /usr/lib/gcc/i686-linux-gnu/5/libgcc_s.so
LOAD /usr/lib/gcc/i686-linux-gnu/5/../../../i386-linux-gnu/libc.so
START GROUP
LOAD /lib/i386-linux-gnu/libc.so.6
LOAD /usr/lib/i386-linux-gnu/libc_nonshared.a
LOAD /lib/i386-linux-gnu/ld-linux.so.2
END GROUP
LOAD /usr/lib/gcc/i686-linux-gnu/5/libgcc.a
LOAD /usr/lib/gcc/i686-linux-gnu/5/libgcc_s.so
LOAD /usr/lib/gcc/i686-linux-gnu/5/crtendS.o
LOAD /usr/lib/gcc/i686-linux-gnu/5/../../../i386-linux-gnu/crtn.o
                0x0000000000000114                . = (0x0 + SIZEOF_HEADERS)

.note.gnu.build-id
                0x0000000000000114       0x24
 *(.note.gnu.build-id)
 .note.gnu.build-id
                0x0000000000000114       0x24 /usr/lib/gcc/i686-linux-gnu/5/../../../i386-linux-gnu/crti.o

.hash
 *(.hash)

.gnu.hash       0x0000000000000138     0x18ec
 *(.gnu.hash)
 .gnu.hash      0x0000000000000138     0x18ec /usr/lib/gcc/i686-linux-gnu/5/../../../i386-linux-gnu/crti.o

.dynsym         0x0000000000001a24     0x34a0
 *(.dynsym)
 .dynsym        0x0000000000001a24     0x34a0 /usr/lib/gcc/i686-linux-gnu/5/../../../i386-linux-gnu/crti.o

.dynstr         0x0000000000004ec4     0x3e4c
 *(.dynstr)
 .dynstr        0x0000000000004ec4     0x3e4c /usr/lib/gcc/i686-linux-gnu/5/../../../i386-linux-gnu/crti.o

.gnu.version    0x0000000000008d10      0x694
 *(.gnu.version)
 .gnu.version   0x0000000000008d10      0x694 /usr/lib/gcc/i686-linux-gnu/5/../../../i386-linux-gnu/crti.o

.gnu.version_d  0x00000000000093a4        0x0
 *(.gnu.version_d)
 .gnu.version_d
                0x00000000000093a4        0x0 /usr/lib/gcc/i686-linux-gnu/5/../../../i386-linux-gnu/crti.o

.gnu.version_r  0x00000000000093a4       0x60
 *(.gnu.version_r)
 .gnu.version_r
                0x00000000000093a4       0x60 /usr/lib/gcc/i686-linux-gnu/5/../../../i386-linux-gnu/crti.o

.rel.dyn        0x0000000000009404    0x100c8
 *(.rel.init)
 .rel.init      0x0000000000009404        0x0 /usr/lib/gcc/i686-linux-gnu/5/../../../i386-linux-gnu/crti.o
 *(.rel.text .rel.text.* .rel.gnu.linkonce.t.*)
 .rel.text      0x0000000000009404     0xf720 /usr/lib/gcc/i686-linux-gnu/5/../../../i386-linux-gnu/crti.o
 *(.rel.fini)
 .rel.fini      0x0000000000018b24        0x0 /usr/lib/gcc/i686-linux-gnu/5/../../../i386-linux-gnu/crti.o
 *(.rel.rodata .rel.rodata.* .rel.gnu.linkonce.r.*)
 .rel.rodata    0x0000000000018b24      0x568 /usr/lib/gcc/i686-linux-gnu/5/../../../i386-linux-gnu/crti.o
 *(.rel.data.rel.ro .rel.data.rel.ro.* .rel.gnu.linkonce.d.rel.ro.*)
 *(.rel.data .rel.data.* .rel.gnu.linkonce.d.*)
 .rel.data.rel.local
                0x000000000001908c        0x8 /usr/lib/gcc/i686-linux-gnu/5/../../../i386-linux-gnu/crti.o
 .rel.data      0x0000000000019094      0x400 /usr/lib/gcc/i686-linux-gnu/5/../../../i386-linux-gnu/crti.o
 *(.rel.tdata .rel.tdata.* .rel.gnu.linkonce.td.*)
 *(.rel.tbss .rel.tbss.* .rel.gnu.linkonce.tb.*)
 *(.rel.ctors)
 *(.rel.dtors)
 *(.rel.got)
 .rel.got       0x0000000000019494       0x28 /usr/lib/gcc/i686-linux-gnu/5/../../../i386-linux-gnu/crti.o
 *(.rel.bss .rel.bss.* .rel.gnu.linkonce.b.*)
 *(.rel.ifunc)
 .rel.ifunc     0x00000000000194bc        0x0 /usr/lib/gcc/i686-linux-gnu/5/../../../i386-linux-gnu/crti.o
 .rel.fini_array
                0x00000000000194bc        0x8 /usr/lib/gcc/i686-linux-gnu/5/../../../i386-linux-gnu/crti.o
 .rel.init_array
                0x00000000000194c4        0x8 /usr/lib/gcc/i686-linux-gnu/5/../../../i386-linux-gnu/crti.o

.rel.plt        0x00000000000194cc        0x0
 *(.rel.plt)
 .rel.plt       0x00000000000194cc        0x0 /usr/lib/gcc/i686-linux-gnu/5/../../../i386-linux-gnu/crti.o
 *(.rel.iplt)

.init           0x00000000000194cc       0x23
 *(SORT(.init))
 .init          0x00000000000194cc       0x1e /usr/lib/gcc/i686-linux-gnu/5/../../../i386-linux-gnu/crti.o
                0x00000000000194cc                _init
 .init          0x00000000000194ea        0x5 /usr/lib/gcc/i686-linux-gnu/5/../../../i386-linux-gnu/crtn.o

.plt            0x00000000000194f0       0x10
 *(.plt)
 .plt           0x00000000000194f0       0x10 /usr/lib/gcc/i686-linux-gnu/5/../../../i386-linux-gnu/crti.o
 *(.iplt)

.plt.got        0x0000000000019500       0x10
 *(.plt.got)
 .plt.got       0x0000000000019500       0x10 /usr/lib/gcc/i686-linux-gnu/5/../../../i386-linux-gnu/crti.o

.text           0x0000000000019510    0x255f2
 *(.text.unlikely .text.*_unlikely .text.unlikely.*)
 .text.unlikely
                0x0000000000019510        0x0 /usr/lib/gcc/i686-linux-gnu/5/crtbeginS.o
 .text.unlikely
                0x0000000000019510        0x0 /usr/lib/gcc/i686-linux-gnu/5/libgcc.a(_divdi3.o)
 .text.unlikely
                0x0000000000019510        0x0 /usr/lib/gcc/i686-linux-gnu/5/libgcc.a(_udivdi3.o)
 *(.text.exit .text.exit.*)
 *(.text.startup .text.startup.*)
 *(.text.hot .text.hot.*)
 *(.text .stub .text.* .gnu.linkonce.t.*)
 .text          0x0000000000019510        0x0 /usr/lib/gcc/i686-linux-gnu/5/../../../i386-linux-gnu/crti.o
 .gnu.linkonce.t.__x86.get_pc_thunk.bx
                0x0000000000019510        0x4 /usr/lib/gcc/i686-linux-gnu/5/../../../i386-linux-gnu/crti.o
                0x0000000000019510                __x86.get_pc_thunk.bx
 *fill*         0x0000000000019514        0xc 
 .text          0x0000000000019520      0x11c /usr/lib/gcc/i686-linux-gnu/5/crtbeginS.o
 .text.__x86.get_pc_thunk.dx
                0x000000000001963c        0x4 /usr/lib/gcc/i686-linux-gnu/5/crtbeginS.o
                0x000000000001963c                __x86.get_pc_thunk.dx
 .text          0x0000000000019640      0x671 node.o
                0x00000000000196cb                initialize_tsch_schedule
 .text          0x0000000000019cb1      0x283 build/cooja/mtype540.o
                0x0000000000019d43                platform_init_stage_one
                0x0000000000019d56                platform_init_stage_two
                0x0000000000019d69                platform_init_stage_three
                0x0000000000019d7c                platform_main_loop
                0x0000000000019def                Java_org_contikios_cooja_corecomm_Lib5_init
                0x0000000000019e26                Java_org_contikios_cooja_corecomm_Lib5_getMemory
                0x0000000000019e59                Java_org_contikios_cooja_corecomm_Lib5_setMemory
                0x0000000000019eb9                Java_org_contikios_cooja_corecomm_Lib5_tick
                0x0000000000019f21                Java_org_contikios_cooja_corecomm_Lib5_setReferenceAddress
 .text          0x0000000000019f34       0x65 build/cooja/mtype540.a(simEnvChange.o)
                0x0000000000019f34                doActionsBeforeTick
                0x0000000000019f66                doActionsAfterTick
 .text          0x0000000000019f99       0x83 build/cooja/mtype540.a(cooja_mt.o)
                0x0000000000019f99                cooja_mt_start
                0x0000000000019fc3                cooja_mt_exec
                0x0000000000019ff9                cooja_mt_yield
 .text          0x000000000001a01c       0xbe build/cooja/mtype540.a(cooja_mtarch.o)
                0x000000000001a01c                cooja_mtarch_start
                0x000000000001a08f                cooja_sw
                0x000000000001a0b2                cooja_mtarch_exec
                0x000000000001a0cf                cooja_mtarch_yield
 .text          0x000000000001a0da       0xc5 build/cooja/mtype540.a(rtimer-arch.o)
                0x000000000001a0da                rtimer_arch_init
                0x000000000001a0fe                rtimer_arch_schedule
                0x000000000001a12e                rtimer_arch_next
                0x000000000001a13e                rtimer_arch_pending
                0x000000000001a148                rtimer_arch_check
                0x000000000001a18f                rtimer_arch_now
 .text          0x000000000001a19f       0x81 build/cooja/mtype540.a(beep.o)
                0x000000000001a19f                beep_alarm
                0x000000000001a1ac                beep_beep
                0x000000000001a1b9                beep
                0x000000000001a1c6                beep_down
                0x000000000001a1d3                beep_on
                0x000000000001a1e0                beep_off
                0x000000000001a1ed                beep_spinup
                0x000000000001a1fa                beep_quick
                0x000000000001a207                beep_long
 .text          0x000000000001a220       0x65 build/cooja/mtype540.a(leds-arch.o)
                0x000000000001a233                leds_arch_init
 .text          0x000000000001a285       0x35 build/cooja/mtype540.a(moteid.o)
 .text          0x000000000001a2ba       0xb7 build/cooja/mtype540.a(pir-sensor.o)
 .text          0x000000000001a371      0x148 build/cooja/mtype540.a(rs232.o)
                0x000000000001a371                rs232_init
                0x000000000001a377                rs232_set_speed
                0x000000000001a386                rs232_set_input
                0x000000000001a394                rs232_send
                0x000000000001a3b8                rs232_print
                0x000000000001a3d4                slip_arch_writeb
 .text          0x000000000001a4b9       0xb7 build/cooja/mtype540.a(vib-sensor.o)
 .text          0x000000000001a570       0x38 build/cooja/mtype540.a(clock.o)
                0x000000000001a570                clock_init
                0x000000000001a576                clock_time
                0x000000000001a580                clock_seconds
                0x000000000001a596                clock_delay
 .text          0x000000000001a5a8      0x219 build/cooja/mtype540.a(cooja-log.o)
                0x000000000001a5a8                simlog_char
                0x000000000001a5eb                simlog
                0x000000000001a661                log_message
                0x000000000001a692                log_set_putchar_with_slip
                0x000000000001a6a0                log_putchar
                0x000000000001a71b                log_puts
                0x000000000001a743                log_printf
 .text          0x000000000001a7c1      0x2b9 build/cooja/mtype540.a(cfs-cooja.o)
                0x000000000001a7c1                cfs_open
                0x000000000001a82a                cfs_close
                0x000000000001a837                cfs_read
                0x000000000001a8cc                cfs_write
                0x000000000001a9a8                cfs_seek
                0x000000000001aa30                cfs_remove
                0x000000000001aa54                cfs_opendir
                0x000000000001aa5e                cfs_readdir
                0x000000000001aa68                cfs_closedir
 .text          0x000000000001aa7a      0x7ba build/cooja/mtype540.a(cooja-radio.o)
                0x000000000001ac0e                radio_set_channel
                0x000000000001ac1c                radio_set_txpower
                0x000000000001ac34                radio_signal_strength_last
                0x000000000001ac3e                radio_signal_strength_current
                0x000000000001ac48                radio_LQI
 .text          0x000000000001b234       0xee build/cooja/mtype540.a(eeprom.o)
                0x000000000001b234                eeprom_init
                0x000000000001b23a                eeprom_read
                0x000000000001b2a8                eeprom_write
 .text          0x000000000001b322       0x2d build/cooja/mtype540.a(random.o)
                0x000000000001b322                random_init
                0x000000000001b342                random_rand
 .text          0x000000000001b34f      0x29c build/cooja/mtype540.a(sensors.o)
                0x000000000001b38a                sensors_first
                0x000000000001b394                sensors_next
                0x000000000001b3ae                sensors_changed
                0x000000000001b3e2                sensors_find
 .text          0x000000000001b5eb      0x349 build/cooja/mtype540.a(leds.o)
                0x000000000001b5eb                leds_init
                0x000000000001b632                leds_single_on
                0x000000000001b691                leds_single_off
                0x000000000001b6f0                leds_single_toggle
                0x000000000001b722                leds_on
                0x000000000001b7a4                leds_off
                0x000000000001b826                leds_toggle
                0x000000000001b87b                leds_set
                0x000000000001b8a7                leds_get
 .text          0x000000000001b934      0x343 build/cooja/mtype540.a(gpio-hal-arch.o)
                0x000000000001b934                gpio_hal_arch_register_pin_callback
                0x000000000001b9a0                gpio_hal_arch_init
                0x000000000001b9e5                gpio_hal_arch_no_port_interrupt_enable
                0x000000000001ba15                gpio_hal_arch_no_port_interrupt_disable
                0x000000000001ba45                gpio_hal_arch_no_port_pin_cfg_set
                0x000000000001ba6a                gpio_hal_arch_no_port_pin_cfg_get
                0x000000000001ba90                gpio_hal_arch_no_port_pin_set_input
                0x000000000001baa2                gpio_hal_arch_no_port_pin_set_output
                0x000000000001bab4                gpio_hal_arch_no_port_set_pin
                0x000000000001bad5                gpio_hal_arch_no_port_clear_pin
                0x000000000001baf6                gpio_hal_arch_no_port_read_pin
                0x000000000001bb1c                gpio_hal_arch_no_port_write_pin
                0x000000000001bb46                gpio_hal_arch_no_port_set_pins
                0x000000000001bb8d                gpio_hal_arch_no_port_clear_pins
                0x000000000001bbd4                gpio_hal_arch_no_port_read_pins
                0x000000000001bc17                gpio_hal_arch_no_port_write_pins
 .text          0x000000000001bc77       0x89 build/cooja/mtype540.a(buttons.o)
 .text          0x000000000001bd00      0x332 build/cooja/mtype540.a(contiki-main.o)
                0x000000000001bd00                main
 .text          0x000000000001c032       0x92 build/cooja/mtype540.a(autostart.o)
                0x000000000001c032                autostart_start
                0x000000000001c07c                autostart_exit
 .text          0x000000000001c0c4      0x355 build/cooja/mtype540.a(ctimer.o)
                0x000000000001c1ec                ctimer_init
                0x000000000001c21f                ctimer_set
                0x000000000001c245                ctimer_set_with_process
                0x000000000001c2c2                ctimer_reset
                0x000000000001c316                ctimer_restart
                0x000000000001c36a                ctimer_stop
                0x000000000001c3ba                ctimer_expired
 .text          0x000000000001c419      0x3d7 build/cooja/mtype540.a(log.o)
                0x000000000001c419                log_6addr
                0x000000000001c46c                log_6addr_compact_snprint
                0x000000000001c50a                log_6addr_compact
                0x000000000001c55d                log_lladdr
                0x000000000001c5cf                log_lladdr_compact
                0x000000000001c637                log_bytes
                0x000000000001c67a                log_set_level
                0x000000000001c735                log_get_level
                0x000000000001c7ae                log_level_to_str
 .text          0x000000000001c7f0      0x198 build/cooja/mtype540.a(energest.o)
                0x000000000001c83f                energest_init
                0x000000000001c8ae                energest_flush
                0x000000000001c949                energest_get_total_time
 .text          0x000000000001c988      0x43f build/cooja/mtype540.a(etimer.o)
                0x000000000001cbac                etimer_request_poll
                0x000000000001cc35                etimer_set
                0x000000000001cc5e                etimer_reset_with_new_interval
                0x000000000001cc8d                etimer_reset
                0x000000000001ccb3                etimer_restart
                0x000000000001ccd9                etimer_adjust
                0x000000000001ccf6                etimer_expired
                0x000000000001cd09                etimer_expiration_time
                0x000000000001cd1b                etimer_start_time
                0x000000000001cd25                etimer_pending
                0x000000000001cd37                etimer_next_expiration_time
                0x000000000001cd51                etimer_stop
 .text          0x000000000001cdc7       0x25 build/cooja/mtype540.a(node-id.o)
                0x000000000001cdc7                node_id_init
 .text          0x000000000001cdec       0xeb build/cooja/mtype540.a(rtimer.o)
                0x000000000001cdec                rtimer_init
                0x000000000001cdfa                rtimer_set
                0x000000000001ce75                rtimer_run_next
 .text          0x000000000001ced7      0x4fb build/cooja/mtype540.a(process.o)
                0x000000000001ced7                process_alloc_event
                0x000000000001ceec                process_start
                0x000000000001d0c6                process_exit
                0x000000000001d0e3                process_init
                0x000000000001d278                process_run
                0x000000000001d2ab                process_nevents
                0x000000000001d2c6                process_post
                0x000000000001d359                process_post_synch
                0x000000000001d38e                process_poll
                0x000000000001d3be                process_is_running
 .text          0x000000000001d3d2       0xb1 build/cooja/mtype540.a(timer.o)
                0x000000000001d3d2                timer_set
                0x000000000001d3f0                timer_reset
                0x000000000001d41d                timer_restart
                0x000000000001d432                timer_expired
                0x000000000001d45f                timer_remaining
 .text          0x000000000001d483      0x28f build/cooja/mtype540.a(list.o)
                0x000000000001d483                list_init
                0x000000000001d492                list_head
                0x000000000001d49c                list_copy
                0x000000000001d4ac                list_tail
                0x000000000001d4e2                list_add
                0x000000000001d52e                list_push
                0x000000000001d55a                list_chop
                0x000000000001d5c4                list_pop
                0x000000000001d5ec                list_remove
                0x000000000001d654                list_length
                0x000000000001d682                list_insert
                0x000000000001d6c7                list_item_next
                0x000000000001d6de                list_contains
 .text          0x000000000001d712      0x493 build/cooja/mtype540.a(button-hal.o)
                0x000000000001d89e                button_hal_get_by_id
                0x000000000001d8dc                button_hal_get_by_index
                0x000000000001d908                button_hal_get_state
                0x000000000001d95a                button_hal_init
 .text          0x000000000001dba5      0x1f3 build/cooja/mtype540.a(serial-line.o)
                0x000000000001dba5                serial_line_input_byte
                0x000000000001dd63                serial_line_init
 .text          0x000000000001dd98      0x168 build/cooja/mtype540.a(gpio-hal.o)
                0x000000000001dd98                gpio_hal_register_handler
                0x000000000001ddb5                gpio_hal_event_handler
                0x000000000001de11                gpio_hal_init
                0x000000000001de30                gpio_hal_arch_port_toggle_pin
                0x000000000001de6c                gpio_hal_arch_port_toggle_pins
                0x000000000001de9a                gpio_hal_arch_no_port_toggle_pin
                0x000000000001ded8                gpio_hal_arch_no_port_toggle_pins
 .text          0x000000000001df00      0x2e7 build/cooja/mtype540.a(queuebuf.o)
                0x000000000001df0a                queuebuf_init
                0x000000000001df33                queuebuf_numfree
                0x000000000001df4b                queuebuf_new_from_packetbuf
                0x000000000001dfea                queuebuf_update_attr_from_packetbuf
                0x000000000001e01f                queuebuf_update_from_packetbuf
                0x000000000001e06f                queuebuf_free
                0x000000000001e0b8                queuebuf_to_packetbuf
                0x000000000001e124                queuebuf_dataptr
                0x000000000001e15e                queuebuf_datalen
                0x000000000001e181                queuebuf_addr
                0x000000000001e1b6                queuebuf_attr
                0x000000000001e1e1                queuebuf_debug_print
 .text          0x000000000001e1e7      0x407 build/cooja/mtype540.a(packetbuf.o)
                0x000000000001e1e7                packetbuf_clear
                0x000000000001e212                packetbuf_copyfrom
                0x000000000001e261                packetbuf_copyto
                0x000000000001e2f4                packetbuf_hdralloc
                0x000000000001e370                packetbuf_hdrreduce
                0x000000000001e3b6                packetbuf_set_datalen
                0x000000000001e3d0                packetbuf_dataptr
                0x000000000001e3ed                packetbuf_hdrptr
                0x000000000001e3f7                packetbuf_datalen
                0x000000000001e403                packetbuf_hdrlen
                0x000000000001e41a                packetbuf_totlen
                0x000000000001e430                packetbuf_remaininglen
                0x000000000001e443                packetbuf_attr_clear
                0x000000000001e48f                packetbuf_attr_copyto
                0x000000000001e4e7                packetbuf_attr_copyfrom
                0x000000000001e53f                packetbuf_set_attr
                0x000000000001e569                packetbuf_attr
                0x000000000001e583                packetbuf_set_addr
                0x000000000001e5b4                packetbuf_addr
                0x000000000001e5d1                packetbuf_holds_broadcast
 .text          0x000000000001e5ee       0xef build/cooja/mtype540.a(netstack.o)
                0x000000000001e5ee                netstack_process_ip_callback
                0x000000000001e67f                netstack_ip_packet_processor_add
                0x000000000001e6a2                uip_ds6_ip_packet_processor_rm
                0x000000000001e6bf                netstack_init
 .text          0x000000000001e6dd       0x4f build/cooja/mtype540.a(linkaddr.o)
                0x000000000001e6dd                linkaddr_copy
                0x000000000001e6f3                linkaddr_cmp
                0x000000000001e716                linkaddr_set_node_addr
 .text          0x000000000001e72c     0x30a8 build/cooja/mtype540.a(tsch-schedule.o)
                0x000000000001e72c                tsch_schedule_add_slotframe
                0x000000000001e861                tsch_schedule_remove_all_slotframes
                0x000000000001e8a3                tsch_schedule_remove_slotframe
                0x000000000001e96e                tsch_schedule_get_slotframe_by_handle
                0x000000000001e9ca                tsch_schedule_get_link_by_handle
                0x000000000001eb6b                tsch_schedule_add_link
                0x000000000001ef41                tsch_schedule_remove_link
                0x000000000001f15c                tsch_schedule_remove_link_by_timeslot
                0x000000000001f1f5                tsch_schedule_get_link_by_timeslot
                0x000000000001f33a                tsch_schedule_get_next_active_link
                0x000000000001f5af                tsch_schedule_init
                0x000000000001f60c                tsch_schedule_create_minimal
                0x000000000001f649                tsch_schedule_slotframe_head
                0x000000000001f662                tsch_schedule_slotframe_next
                0x000000000001f678                tsch_schedule_print
                0x000000000001f848                executa
                0x000000000001f9ab                verify_packs
                0x000000000001fb14                alocaPacotes2
                0x000000000001fbb9                tsch_num_nos
                0x000000000001fbcb                tsch_write_in_file
                0x000000000001fc27                count_lines
                0x000000000001fca0                count_sent_packs
                0x000000000001fd1a                count_packs
                0x000000000001fe09                SCHEDULE_static
                0x0000000000020f2f                rx_schedule_intern
                0x000000000002110e                find_neighbor_to_Rx
                0x000000000002142b                tsch_get_same_link
                0x00000000000214a0                setZero_Id_reception
                0x00000000000214cb                fill_id
                0x0000000000021516                verify_link_by_id
                0x000000000002159e                sort_node_to_create_link
                0x00000000000215e7                list_init_nbr
                0x0000000000021611                tsch_print_neighbors
                0x0000000000021662                show_nbr
                0x00000000000216f1                change_slotframe
                0x0000000000021737                verify_in_topology
 .text          0x00000000000217d4     0x2003 build/cooja/mtype540.a(tsch-slot-opera)
                0x00000000000217fe                tsch_is_locked
                0x0000000000021808                tsch_get_lock
                0x000000000002190c                tsch_release_lock
                0x0000000000021cdc                tsch_get_network_uptime_ticks
                0x0000000000023625                tsch_slot_operation_start
                0x000000000002375e                tsch_slot_operation_sync
 .text          0x00000000000237d7      0x75a build/cooja/mtype540.a(conf.o)
                0x00000000000237d7                DCFL
                0x000000000002390e                geraMaching
                0x0000000000023bf2                mapGraphConf
                0x0000000000023c77                fazMatrizConf
 .text          0x0000000000023f31      0x3e1 build/cooja/mtype540.a(tsch-adaptive-t)
                0x0000000000023f31                tsch_adaptive_timesync_get_drift_ppm
                0x00000000000240c5                tsch_timesync_update
                0x0000000000024279                tsch_timesync_adaptive_compensate
                0x00000000000242dd                tsch_adaptive_timesync_reset
 .text          0x0000000000024312      0x9d1 build/cooja/mtype540.a(tsch-packet.o)
                0x0000000000024312                tsch_packet_eackbuf_set_attr
                0x0000000000024338                tsch_packet_eackbuf_attr
                0x0000000000024352                tsch_packet_create_eack
                0x0000000000024530                tsch_packet_parse_eack
                0x00000000000246d2                tsch_packet_create_eb
                0x00000000000249b3                tsch_packet_update_eb
                0x0000000000024a2c                tsch_packet_parse_eb
                0x0000000000024cb9                tsch_packet_set_frame_pending
                0x0000000000024ccf                tsch_packet_get_frame_pending
 .text          0x0000000000024ce3     0x26c0 build/cooja/mtype540.a(tsch.o)
                0x0000000000024ce3                tsch_set_coordinator
                0x0000000000024d18                tsch_set_pan_secured
                0x0000000000024d28                tsch_set_join_priority
                0x0000000000024d40                tsch_set_ka_timeout
                0x0000000000024d5e                tsch_set_eb_period
                0x0000000000025235                tsch_schedule_keepalive
                0x00000000000259a8                tsch_disassociate
                0x00000000000260cc                tsch_scan
 .text          0x00000000000273a3      0x58b build/cooja/mtype540.a(tsch-log.o)
                0x00000000000273a3                tsch_log_process_pending
                0x0000000000027817                tsch_log_prepare_add
                0x00000000000278ab                tsch_log_commit
                0x00000000000278de                tsch_log_init
                0x000000000002790c                tsch_log_stop
 .text          0x000000000002792e      0xc11 build/cooja/mtype540.a(uip-ds6.o)
                0x000000000002792e                uip_ds6_default_prefix
                0x0000000000027938                uip_ds6_set_default_prefix
                0x0000000000027963                uip_ds6_init
                0x0000000000027bc5                uip_ds6_periodic
                0x0000000000027c4c                uip_ds6_list_loop
                0x0000000000027d0c                uip_ds6_prefix_add
                0x0000000000027db8                uip_ds6_prefix_rm
                0x0000000000027dcb                uip_ds6_prefix_lookup
                0x0000000000027e0a                uip_ds6_is_addr_onlink
                0x0000000000027e7d                uip_ds6_addr_add
                0x0000000000027f9d                uip_ds6_addr_rm
                0x0000000000028046                uip_ds6_addr_lookup
                0x000000000002807f                uip_ds6_get_link_local
                0x0000000000028100                uip_ds6_get_global
                0x0000000000028181                uip_ds6_maddr_add
                0x00000000000281e1                uip_ds6_maddr_rm
                0x00000000000281f4                uip_ds6_maddr_lookup
                0x000000000002822d                uip_ds6_aaddr_add
                0x000000000002828d                uip_ds6_aaddr_rm
                0x00000000000282a0                uip_ds6_aaddr_lookup
                0x00000000000282d9                uip_ds6_select_src
                0x0000000000028422                uip_ds6_set_addr_iid
                0x000000000002844d                uip_ds6_set_lladdr_from_iid
                0x0000000000028476                get_match_length
                0x0000000000028507                uip_ds6_compute_reachable_time
 .text          0x000000000002853f      0x4d1 build/cooja/mtype540.a(uiplib.o)
                0x000000000002853f                uiplib_ip6addrconv
                0x00000000000286f7                uiplib_ip4addrconv
                0x00000000000287ba                uiplib_ipaddr_print
                0x000000000002880d                uiplib_ipaddr_snprint
 .text          0x0000000000028a10      0x94f build/cooja/mtype540.a(tcpip.o)
                0x0000000000028a2a                tcpip_output
                0x0000000000028aa9                udp_attach
                0x0000000000028ac1                udp_new
                0x0000000000028b0b                udp_broadcast_new
                0x0000000000028c7d                tcpip_input
                0x0000000000028edc                tcpip_ipv6_output
                0x0000000000029259                tcpip_poll_udp
                0x0000000000029277                tcpip_uipcall
 .text          0x000000000002935f      0xbdc build/cooja/mtype540.a(uip-ds6-route.o)
                0x0000000000029449                uip_ds6_notification_add
                0x000000000002947b                uip_ds6_notification_rm
                0x0000000000029498                uip_ds6_route_init
                0x0000000000029537                uip_ds6_route_nexthop
                0x0000000000029566                uip_ds6_route_head
                0x000000000002957f                uip_ds6_route_next
                0x00000000000295a8                uip_ds6_route_is_nexthop
                0x00000000000295ea                uip_ds6_route_num_routes
                0x00000000000295f4                uip_ds6_route_lookup
                0x0000000000029705                uip_ds6_route_add
                0x0000000000029a44                uip_ds6_route_rm
                0x0000000000029be2                uip_ds6_route_rm_by_nexthop
                0x0000000000029c21                uip_ds6_defrt_head
                0x0000000000029c3a                uip_ds6_defrt_add
                0x0000000000029d62                uip_ds6_defrt_rm
                0x0000000000029de3                uip_ds6_defrt_lookup
                0x0000000000029e4a                uip_ds6_defrt_choose
                0x0000000000029ec0                uip_ds6_defrt_periodic
 .text          0x0000000000029f3b     0x166e build/cooja/mtype540.a(uip6.o)
                0x0000000000029fea                uip_chksum
                0x000000000002a0c1                uip_icmp6chksum
                0x000000000002a0d6                uip_udpchksum
                0x000000000002a0eb                uip_init
                0x000000000002a134                uip_remove_ext_hdr
                0x000000000002a241                uip_udp_new
                0x000000000002a5bb                uip_process
                0x000000000002b486                uip_htons
                0x000000000002b4a8                uip_htonl
                0x000000000002b4e6                uip_send
 .text          0x000000000002b5a9      0x47c build/cooja/mtype540.a(uip-ds6-nbr.o)
                0x000000000002b5a9                uip_ds6_neighbors_init
                0x000000000002b5cd                uip_ds6_nbr_add
                0x000000000002b653                uip_ds6_nbr_rm
                0x000000000002b69e                uip_ds6_nbr_update_ll
                0x000000000002b89f                uip_ds6_nbr_get_ipaddr
                0x000000000002b8b4                uip_ds6_nbr_get_ll
                0x000000000002b8d0                uip_ds6_nbr_num
                0x000000000002b919                uip_ds6_nbr_head
                0x000000000002b932                uip_ds6_nbr_next
                0x000000000002b94e                uip_ds6_nbr_lookup
                0x000000000002b9a6                uip_ds6_nbr_ll_lookup
                0x000000000002b9c2                uip_ds6_nbr_ipaddr_from_lladdr
                0x000000000002b9eb                uip_ds6_nbr_lladdr_from_ipaddr
                0x000000000002ba1f                uip_ds6_link_callback
 .text          0x000000000002ba25      0x80d build/cooja/mtype540.a(uip-nd6.o)
                0x000000000002c219                uip_nd6_init
 .text          0x000000000002c232      0x3b0 build/cooja/mtype540.a(simple-udp.o)
                0x000000000002c25f                simple_udp_send
                0x000000000002c2c2                simple_udp_sendto
                0x000000000002c31d                simple_udp_sendto_port
                0x000000000002c376                simple_udp_register
 .text          0x000000000002c5e2     0x2dd1 build/cooja/mtype540.a(sicslowpan.o)
                0x000000000002c5e2                netstack_sniffer_add
                0x000000000002c5f0                netstack_sniffer_remove
                0x000000000002f387                sicslowpan_init
                0x000000000002f3a9                sicslowpan_get_last_rssi
 .text          0x000000000002f3b3      0x4fd build/cooja/mtype540.a(rpl.o)
                0x000000000002f3b3                rpl_lollipop_greater_than
                0x000000000002f40d                rpl_get_global_address
                0x000000000002f505                rpl_link_callback
                0x000000000002f549                rpl_has_joined
                0x000000000002f56e                rpl_is_reachable
                0x000000000002f5ef                rpl_reset_prefix
                0x000000000002f659                rpl_set_prefix_from_addr
                0x000000000002f772                rpl_set_prefix
                0x000000000002f88c                rpl_set_leaf_only
                0x000000000002f8a4                rpl_get_leaf_only
 .text          0x000000000002f8b0     0x182c build/cooja/mtype540.a(rpl-icmp6.o)
                0x000000000002f9d5                rpl_icmp6_update_nbr_table
                0x000000000002fb40                rpl_icmp6_dis_output
                0x0000000000030368                rpl_icmp6_dio_output
                0x0000000000030c5c                rpl_icmp6_dao_output
                0x0000000000031023                rpl_icmp6_dao_ack_output
                0x0000000000031093                rpl_icmp6_init
 .text          0x00000000000310dc     0x1483 build/cooja/mtype540.a(rpl-dag.o)
                0x00000000000310dc                rpl_dag_state_to_str
                0x000000000003111b                rpl_dag_get_root_ipaddr
                0x0000000000031163                rpl_dag_leave
                0x00000000000311ec                rpl_dag_poison_and_leave
                0x0000000000031204                rpl_dag_periodic
                0x0000000000031302                rpl_is_addr_in_our_dag
                0x0000000000031346                rpl_get_default_instance
                0x0000000000031362                rpl_get_any_dag
                0x00000000000313bb                rpl_refresh_routes
                0x000000000003143d                rpl_global_repair
                0x000000000003156e                rpl_local_repair
                0x00000000000315ef                rpl_dag_ready_to_advertise
                0x0000000000031632                rpl_dag_update_state
                0x0000000000032145                rpl_process_dio
                0x00000000000321f9                rpl_process_dis
                0x000000000003223e                rpl_process_dao
                0x0000000000032302                rpl_process_dao_ack
                0x00000000000323db                rpl_process_hbh
                0x000000000003242b                rpl_dag_init_root
                0x000000000003253f                rpl_dag_init
 .text          0x000000000003255f      0x297 build/cooja/mtype540.a(rpl-dag-root.o)
                0x000000000003255f                rpl_dag_root_print_links
                0x000000000003268b                rpl_dag_root_set_prefix
                0x00000000000326b7                rpl_dag_root_start
                0x00000000000327c7                rpl_dag_root_is_root
 .text          0x00000000000327f6       0x30 build/cooja/mtype540.a(watchdog.o)
                0x00000000000327f6                watchdog_init
                0x00000000000327fc                watchdog_start
                0x0000000000032802                watchdog_periodic
                0x000000000003281a                watchdog_stop
                0x0000000000032820                watchdog_reboot
 .text          0x0000000000032826       0x4a build/cooja/mtype540.a(int-master.o)
                0x0000000000032826                int_master_enable
                0x0000000000032836                int_master_read_and_disable
                0x0000000000032853                int_master_status_set
                0x0000000000032861                int_master_is_enabled
 .text          0x0000000000032870       0xd8 build/cooja/mtype540.a(serial-shell.o)
                0x000000000003292d                serial_shell_init
 .text          0x0000000000032948       0xc7 build/cooja/mtype540.a(stimer.o)
                0x0000000000032948                stimer_set
                0x0000000000032966                stimer_reset
                0x0000000000032993                stimer_restart
                0x00000000000329a8                stimer_expired
                0x00000000000329d3                stimer_remaining
                0x00000000000329f7                stimer_elapsed
 .text          0x0000000000032a0f      0x1e9 build/cooja/mtype540.a(ringbufindex.o)
                0x0000000000032a0f                ringbufindex_init
                0x0000000000032a38                ringbufindex_put
                0x0000000000032a93                ringbufindex_peek_put
                0x0000000000032ad7                ringbufindex_get
                0x0000000000032b37                ringbufindex_peek_get
                0x0000000000032b72                ringbufindex_size
                0x0000000000032b83                ringbufindex_elements
                0x0000000000032ba9                ringbufindex_full
                0x0000000000032be0                ringbufindex_empty
 .text          0x0000000000032bf8      0x1b5 build/cooja/mtype540.a(memb.o)
                0x0000000000032bf8                memb_init
                0x0000000000032c4d                memb_alloc
                0x0000000000032cb0                memb_free
                0x0000000000032d27                memb_inmemb
                0x0000000000032d66                memb_numfree
 .text          0x0000000000032dad      0x156 build/cooja/mtype540.a(ringbuf.o)
                0x0000000000032dad                ringbuf_init
                0x0000000000032ddf                ringbuf_put
                0x0000000000032e5d                ringbuf_get
                0x0000000000032eca                ringbuf_size
                0x0000000000032edc                ringbuf_elements
 .text          0x0000000000032f03      0x79b build/cooja/mtype540.a(nbr-table.o)
                0x000000000003337c                nbr_table_register
                0x00000000000333e9                nbr_table_is_registered
                0x0000000000033424                nbr_table_head
                0x000000000003347f                nbr_table_next
                0x00000000000334e0                nbr_table_add_lladdr
                0x00000000000335ba                nbr_table_get_from_lladdr
                0x0000000000033606                nbr_table_remove
                0x000000000003363e                nbr_table_lock
                0x0000000000033658                nbr_table_unlock
                0x0000000000033672                nbr_table_get_lladdr
 .text          0x000000000003369e      0x3a5 build/cooja/mtype540.a(link-stats.o)
                0x000000000003369e                link_stats_from_lladdr
                0x00000000000336ba                link_stats_get_lladdr
                0x00000000000336d6                link_stats_is_fresh
                0x0000000000033712                guess_etx_from_rssi
                0x000000000003378e                link_stats_packet_sent
                0x00000000000338ae                link_stats_input_callback
                0x00000000000339be                link_stats_reset
                0x0000000000033a0e                link_stats_init
 .text          0x0000000000033a43      0x187 build/cooja/mtype540.a(mac-sequence.o)
                0x0000000000033a43                mac_sequence_is_duplicate
                0x0000000000033ae3                mac_sequence_register_seqno
 .text          0x0000000000033bca       0x23 build/cooja/mtype540.a(mac.o)
                0x0000000000033bca                mac_call_sent_callback
 .text          0x0000000000033bed     0x1030 build/cooja/mtype540.a(frame802154e-ie)
                0x0000000000033cfa                frame80215e_create_ie_header_ack_nack_time_correction
                0x0000000000033d7a                frame80215e_create_ie_header_list_termination_1
                0x0000000000033db6                frame80215e_create_ie_header_list_termination_2
                0x0000000000033df2                frame80215e_create_ie_payload_list_termination
                0x0000000000033e2e                frame80215e_create_ie_mlme
                0x0000000000033e73                frame80215e_create_ie_tsch_synchronization
                0x0000000000033f0f                frame80215e_create_ie_tsch_slotframe_and_link
                0x00000000000340e0                frame80215e_create_ie_tsch_timeslot
                0x00000000000341a9                frame80215e_create_ie_tsch_channel_hopping_sequence
                0x0000000000034732                frame802154e_parse_information_elements
 .text          0x0000000000034c1d      0x4a8 build/cooja/mtype540.a(framer-802154.o)
                0x0000000000034de2                framer_802154_setup_params
 .text          0x00000000000350c5      0xb6f build/cooja/mtype540.a(frame802154.o)
                0x00000000000350f6                frame802154_get_pan_id
                0x0000000000035102                frame802154_set_pan_id
                0x000000000003511c                frame802154_has_panid
                0x00000000000352cb                frame802154_check_dest_panid
                0x0000000000035353                frame802154_is_broadcast_addr
                0x00000000000353a0                frame802154_extract_linkaddr
                0x0000000000035605                frame802154_hdrlen
                0x0000000000035678                frame802154_create_fcf
                0x0000000000035730                frame802154_create
                0x00000000000358a5                frame802154_parse_fcf
                0x0000000000035987                frame802154_parse
 .text          0x0000000000035c34      0xb2b build/cooja/mtype540.a(tsch-queue.o)
                0x0000000000035c34                tsch_queue_add_nbr
                0x0000000000035d23                tsch_queue_get_nbr
                0x0000000000035d4f                tsch_queue_get_time_source
                0x0000000000035da8                tsch_queue_get_nbr_address
                0x0000000000035dc4                tsch_queue_update_time_source
                0x0000000000036010                tsch_queue_add_packet
                0x00000000000361b6                tsch_queue_global_packet_count
                0x00000000000361d7                tsch_queue_nbr_packet_count
                0x0000000000036200                tsch_queue_remove_packet_from_queue
                0x000000000003624f                tsch_queue_free_packet
                0x0000000000036282                tsch_queue_packet_sent
                0x0000000000036345                tsch_queue_reset
                0x00000000000363ac                tsch_queue_free_unused_neighbors
                0x0000000000036437                tsch_queue_is_empty
                0x0000000000036472                tsch_queue_get_packet_for_nbr
                0x00000000000364f8                tsch_queue_get_packet_for_dest_addr
                0x000000000003652d                tsch_queue_get_unicast_packet_for_any
                0x00000000000365bf                tsch_queue_backoff_expired
                0x00000000000365d3                tsch_queue_backoff_reset
                0x00000000000365e7                tsch_queue_backoff_inc
                0x0000000000036652                tsch_queue_update_all_backoff_windows
                0x0000000000036709                tsch_queue_init
 .text          0x000000000003675f        0x0 build/cooja/mtype540.a(tsch-timeslot-t)
 .text          0x000000000003675f      0x644 build/cooja/mtype540.a(tsch-security.o)
                0x0000000000036877                tsch_security_mic_len
                0x00000000000368ac                tsch_security_secure_frame
                0x0000000000036b29                tsch_security_parse_frame
                0x0000000000036d94                tsch_security_set_packetbuf_attr
 .text          0x0000000000036da3      0x135 build/cooja/mtype540.a(tsch-rpl.o)
                0x0000000000036da3                tsch_rpl_callback_ka_sent
                0x0000000000036dd2                tsch_rpl_callback_joining_network
                0x0000000000036dd8                tsch_rpl_callback_leaving_network
                0x0000000000036df8                tsch_rpl_callback_new_dio_interval
                0x0000000000036e90                tsch_rpl_callback_parent_switch
                0x0000000000036ec9                tsch_rpl_check_dodag_joined
 .text          0x0000000000036ed8      0x4e4 build/cooja/mtype540.a(uipbuf.o)
                0x0000000000036ed8                uipbuf_clear
                0x0000000000036eff                uipbuf_add_ext_hdr
                0x0000000000036f7f                uipbuf_set_len
                0x0000000000036fac                uipbuf_set_len_field
                0x0000000000036fd8                uipbuf_get_len_field
                0x0000000000036ff8                uipbuf_get_next_header
                0x000000000003712a                uipbuf_get_last_header
                0x00000000000371a3                uipbuf_search_header
                0x0000000000037259                uipbuf_get_attr
                0x0000000000037280                uipbuf_set_attr
                0x00000000000372b7                uipbuf_set_default_attr
                0x00000000000372ee                uipbuf_clear_attr
                0x0000000000037312                uipbuf_set_attr_flag
                0x0000000000037333                uipbuf_clr_attr_flag
                0x000000000003735a                uipbuf_is_attr_flag
                0x000000000003737e                uipbuf_init
 .text          0x00000000000373bc      0x85b build/cooja/mtype540.a(uip-icmp6.o)
                0x0000000000037431                uip_icmp6_input
                0x0000000000037488                uip_icmp6_register_input_handler
                0x00000000000375db                uip_icmp6_error_output
                0x0000000000037970                uip_icmp6_send
                0x0000000000037b9f                uip_icmp6_echo_reply_callback_add
                0x0000000000037bd1                uip_icmp6_echo_reply_callback_rm
                0x0000000000037bee                uip_icmp6_init
 .text          0x0000000000037c17      0x735 build/cooja/mtype540.a(uip-sr.o)
                0x0000000000037c17                uip_sr_num_nodes
                0x0000000000037ca5                uip_sr_get_node
                0x0000000000037cfc                uip_sr_is_addr_reachable
                0x0000000000037daa                uip_sr_expire_parent
                0x0000000000037df3                uip_sr_update_node
                0x0000000000037fbd                uip_sr_init
                0x0000000000037ff1                uip_sr_node_head
                0x000000000003800a                uip_sr_node_next
                0x0000000000038020                uip_sr_periodic
                0x0000000000038126                uip_sr_free_all
                0x0000000000038196                uip_sr_link_snprint
 .text          0x000000000003834c      0x146 build/cooja/mtype540.a(uip-packetqueue)
                0x000000000003837a                uip_packetqueue_new
                0x0000000000038389                uip_packetqueue_alloc
                0x00000000000383e4                uip_packetqueue_free
                0x000000000003842b                uip_packetqueue_buf
                0x0000000000038448                uip_packetqueue_buflen
                0x0000000000038469                uip_packetqueue_set_buflen
 .text          0x0000000000038492      0x125 build/cooja/mtype540.a(uip-udp-packet.)
                0x0000000000038492                uip_udp_packet_send
                0x00000000000384ea                uip_udp_packet_sendto
 .text          0x00000000000385b7      0x1ef build/cooja/mtype540.a(rpl-nbr-policy.)
                0x0000000000038763                rpl_nbr_policy_find_removable
 .text          0x00000000000387a6      0x929 build/cooja/mtype540.a(rpl-neighbor.o)
                0x0000000000038822                rpl_neighbor_snprint
                0x0000000000038ad5                rpl_neighbor_print_list
                0x0000000000038b8a                rpl_neighbor_count
                0x0000000000038c31                rpl_neighbor_get_from_lladdr
                0x0000000000038c4d                rpl_neighbor_is_acceptable_parent
                0x0000000000038c81                rpl_neighbor_get_link_metric
                0x0000000000038cb5                rpl_neighbor_rank_via_nbr
                0x0000000000038ce9                rpl_neighbor_get_lladdr
                0x0000000000038d05                rpl_neighbor_get_ipaddr
                0x0000000000038d2c                rpl_neighbor_get_link_stats
                0x0000000000038d53                rpl_neighbor_is_fresh
                0x0000000000038d7a                rpl_neighbor_is_reachable
                0x0000000000038dc5                rpl_neighbor_is_parent
                0x0000000000038def                rpl_neighbor_set_preferred_parent
                0x0000000000038e9a                rpl_neighbor_remove_all
                0x0000000000038ef6                rpl_neighbor_get_from_ipaddr
                0x0000000000039004                rpl_neighbor_select_best
                0x00000000000390b0                rpl_neighbor_init
 .text          0x00000000000390cf      0xa14 build/cooja/mtype540.a(rpl-timers.o)
                0x00000000000390cf                rpl_timers_schedule_periodic_dis
                0x000000000003924a                rpl_timers_dio_reset
                0x0000000000039358                rpl_timers_schedule_unicast_dio
                0x00000000000394ac                rpl_timers_schedule_dao
                0x000000000003956b                rpl_timers_schedule_dao_ack
                0x00000000000395f1                rpl_timers_notify_dao_ack
                0x000000000003964f                get_probing_delay
                0x0000000000039683                get_probing_target
                0x000000000003986d                rpl_schedule_probing
                0x000000000003989b                rpl_schedule_probing_now
                0x0000000000039905                rpl_timers_unschedule_leaving
                0x000000000003993d                rpl_timers_schedule_leaving
                0x000000000003997e                rpl_timers_init
                0x0000000000039a0e                rpl_timers_stop_dag_timers
                0x0000000000039a87                rpl_timers_unschedule_state_update
                0x0000000000039aab                rpl_timers_schedule_state_update
 .text          0x0000000000039ae3      0xe56 build/cooja/mtype540.a(rpl-ext-header.)
                0x0000000000039ae3                rpl_ext_header_srh_get_next_hop
                0x0000000000039bca                rpl_ext_header_srh_update
                0x000000000003a28e                rpl_ext_header_hbh_update
                0x000000000003a6fe                rpl_ext_header_update
                0x000000000003a787                rpl_ext_header_remove
 .text          0x000000000003a939      0x31b build/cooja/mtype540.a(rpl-mrhof.o)
 .text          0x000000000003ac54      0x40e build/cooja/mtype540.a(shell.o)
                0x000000000003ac54                shell_output_6addr
                0x000000000003acdd                shell_output_lladdr
                0x000000000003ae84                shell_input
                0x000000000003b054                shell_init
 .text          0x000000000003b062     0x2e16 build/cooja/mtype540.a(shell-commands.)
                0x000000000003dd64                shell_commands_init
                0x000000000003dda9                shell_command_set_register
                0x000000000003ddc6                shell_command_set_deregister
                0x000000000003de09                shell_command_lookup
 .text          0x000000000003de78      0x467 build/cooja/mtype540.a(ccm-star.o)
 .text          0x000000000003e2df      0x586 build/cooja/mtype540.a(aes-128.o)
 *fill*         0x000000000003e865        0xb 
 .text          0x000000000003e870      0x16a /usr/lib/gcc/i686-linux-gnu/5/libgcc.a(_divdi3.o)
                0x000000000003e870                __divdi3
 *fill*         0x000000000003e9da        0x6 
 .text          0x000000000003e9e0      0x122 /usr/lib/gcc/i686-linux-gnu/5/libgcc.a(_udivdi3.o)
                0x000000000003e9e0                __udivdi3
 .text          0x000000000003eb02        0x0 /usr/lib/gcc/i686-linux-gnu/5/crtendS.o
 .text          0x000000000003eb02        0x0 /usr/lib/gcc/i686-linux-gnu/5/../../../i386-linux-gnu/crtn.o
 *(.gnu.warning)

.fini           0x000000000003eb04       0x14
 *(SORT(.fini))
 .fini          0x000000000003eb04        0xf /usr/lib/gcc/i686-linux-gnu/5/../../../i386-linux-gnu/crti.o
                0x000000000003eb04                _fini
 .fini          0x000000000003eb13        0x5 /usr/lib/gcc/i686-linux-gnu/5/../../../i386-linux-gnu/crtn.o
                [!provide]                        PROVIDE (__etext, .)
                [!provide]                        PROVIDE (_etext, .)
                [!provide]                        PROVIDE (etext, .)

.rodata         0x000000000003eb20     0x3ee8
 *(.rodata .rodata.* .gnu.linkonce.r.*)
 .rodata        0x000000000003eb20      0x134 node.o
                0x000000000003eb34                autostart_processes
 .rodata        0x000000000003ec54        0x8 build/cooja/mtype540.a(beep.o)
                0x000000000003ec54                beep_interface
 .rodata        0x000000000003ec5c        0xe build/cooja/mtype540.a(leds-arch.o)
                0x000000000003ec5c                leds_interface
                0x000000000003ec64                leds_arch_leds
 *fill*         0x000000000003ec6a        0x2 
 .rodata        0x000000000003ec6c        0x8 build/cooja/mtype540.a(moteid.o)
                0x000000000003ec6c                moteid_interface
 .rodata        0x000000000003ec74       0x1c build/cooja/mtype540.a(pir-sensor.o)
                0x000000000003ec74                pir_interface
                0x000000000003ec80                pir_sensor
 .rodata        0x000000000003ec90        0xe build/cooja/mtype540.a(rs232.o)
                0x000000000003ec90                rs232_interface
 *fill*         0x000000000003ec9e        0x2 
 .rodata        0x000000000003eca0       0x24 build/cooja/mtype540.a(vib-sensor.o)
                0x000000000003eca0                vib_interface
                0x000000000003ecb4                vib_sensor
 .rodata        0x000000000003ecc4        0x8 build/cooja/mtype540.a(clock.o)
                0x000000000003ecc4                clock_interface
 .rodata        0x000000000003eccc        0x8 build/cooja/mtype540.a(cooja-log.o)
                0x000000000003eccc                simlog_interface
 .rodata        0x000000000003ecd4       0x2f build/cooja/mtype540.a(cfs-cooja.o)
                0x000000000003ecd4                cfs_interface
 *fill*         0x000000000003ed03       0x1d 
 .rodata        0x000000000003ed20       0xb8 build/cooja/mtype540.a(cooja-radio.o)
                0x000000000003ed20                radio_interface
                0x000000000003eda0                cooja_radio_driver
 .rodata        0x000000000003edd8        0x8 build/cooja/mtype540.a(eeprom.o)
                0x000000000003edd8                eeprom_interface
 .rodata        0x000000000003ede0        0x8 build/cooja/mtype540.a(sensors.o)
 .rodata        0x000000000003ede8       0x2c build/cooja/mtype540.a(buttons.o)
                0x000000000003ede8                button_interface
                0x000000000003edfc                button_hal_button_count
                0x000000000003ee04                button_sensor
 .rodata        0x000000000003ee14      0x110 build/cooja/mtype540.a(contiki-main.o)
 .rodata        0x000000000003ef24        0xf build/cooja/mtype540.a(ctimer.o)
 *fill*         0x000000000003ef33        0x1 
 .rodata        0x000000000003ef34       0xc4 build/cooja/mtype540.a(log.o)
 .rodata        0x000000000003eff8        0xc build/cooja/mtype540.a(etimer.o)
 .rodata        0x000000000003f004       0x13 build/cooja/mtype540.a(button-hal.o)
 .rodata        0x000000000003f017        0xe build/cooja/mtype540.a(serial-line.o)
 *fill*         0x000000000003f025        0x3 
 .rodata        0x000000000003f028        0x8 build/cooja/mtype540.a(linkaddr.o)
                0x000000000003f028                linkaddr_null
 .rodata        0x000000000003f030      0x5ba build/cooja/mtype540.a(tsch-schedule.o)
 *fill*         0x000000000003f5ea        0x2 
 .rodata        0x000000000003f5ec      0x10f build/cooja/mtype540.a(tsch-slot-opera)
 .rodata        0x000000000003f6fb       0x16 build/cooja/mtype540.a(conf.o)
 *fill*         0x000000000003f711        0x3 
 .rodata        0x000000000003f714       0x50 build/cooja/mtype540.a(tsch-adaptive-t)
 .rodata        0x000000000003f764       0xe9 build/cooja/mtype540.a(tsch-packet.o)
 *fill*         0x000000000003f84d        0x3 
 .rodata        0x000000000003f850      0x9b4 build/cooja/mtype540.a(tsch.o)
                0x000000000003f850                tsch_broadcast_address
                0x000000000003f858                tsch_eb_address
                0x00000000000401e8                tschmac_driver
 .rodata        0x0000000000040204      0x156 build/cooja/mtype540.a(tsch-log.o)
 .rodata        0x000000000004035a       0x2d build/cooja/mtype540.a(uiplib.o)
 *fill*         0x0000000000040387        0x1 
 .rodata        0x0000000000040388      0x185 build/cooja/mtype540.a(tcpip.o)
 *fill*         0x000000000004050d        0x3 
 .rodata        0x0000000000040510      0x1de build/cooja/mtype540.a(uip-ds6-route.o)
 *fill*         0x00000000000406ee        0x2 
 .rodata        0x00000000000406f0      0x2b7 build/cooja/mtype540.a(uip6.o)
 *fill*         0x00000000000409a7        0x1 
 .rodata        0x00000000000409a8       0xd2 build/cooja/mtype540.a(uip-ds6-nbr.o)
 .rodata        0x0000000000040a7a       0x53 build/cooja/mtype540.a(uip-nd6.o)
 .rodata        0x0000000000040acd       0x13 build/cooja/mtype540.a(simple-udp.o)
 .rodata        0x0000000000040ae0      0x348 build/cooja/mtype540.a(sicslowpan.o)
                0x0000000000040ae0                unc_llconf
                0x0000000000040ae4                unc_ctxconf
                0x0000000000040ae8                unc_mxconf
                0x0000000000040aec                llprefix
                0x0000000000040e18                sicslowpan_driver
 *fill*         0x0000000000040e28       0x18 
 .rodata        0x0000000000040e40       0xb4 build/cooja/mtype540.a(rpl.o)
                0x0000000000040ea0                rpl_lite_driver
 .rodata        0x0000000000040ef4      0x3b2 build/cooja/mtype540.a(rpl-icmp6.o)
 *fill*         0x00000000000412a6        0x2 
 .rodata        0x00000000000412a8      0x508 build/cooja/mtype540.a(rpl-dag.o)
 .rodata        0x00000000000417b0       0x38 build/cooja/mtype540.a(rpl-dag-root.o)
 .rodata        0x00000000000417e8       0x18 build/cooja/mtype540.a(serial-shell.o)
 .rodata        0x0000000000041800      0x10e build/cooja/mtype540.a(frame802154e-ie)
 *fill*         0x000000000004190e        0x2 
 .rodata        0x0000000000041910       0x64 build/cooja/mtype540.a(framer-802154.o)
                0x0000000000041968                framer_802154
 .rodata        0x0000000000041974       0xad build/cooja/mtype540.a(tsch-queue.o)
 *fill*         0x0000000000041a21        0x3 
 .rodata        0x0000000000041a24       0x18 build/cooja/mtype540.a(tsch-timeslot-t)
                0x0000000000041a24                tsch_timeslot_timing_us_10000
 .rodata        0x0000000000041a3c        0xd build/cooja/mtype540.a(tsch-rpl.o)
 *fill*         0x0000000000041a49        0x3 
 .rodata        0x0000000000041a4c       0xc0 build/cooja/mtype540.a(uip-icmp6.o)
 .rodata        0x0000000000041b0c       0xa1 build/cooja/mtype540.a(uip-sr.o)
 *fill*         0x0000000000041bad        0x3 
 .rodata        0x0000000000041bb0       0x42 build/cooja/mtype540.a(rpl-nbr-policy.)
 *fill*         0x0000000000041bf2        0x2 
 .rodata        0x0000000000041bf4       0x58 build/cooja/mtype540.a(rpl-neighbor.o)
 .rodata        0x0000000000041c4c        0xc build/cooja/mtype540.a(rpl-timers.o)
 .rodata        0x0000000000041c58      0x202 build/cooja/mtype540.a(rpl-ext-header.)
 .rodata        0x0000000000041e5a        0x8 build/cooja/mtype540.a(shell.o)
 *fill*         0x0000000000041e62       0x1e 
 .rodata        0x0000000000041e80      0xa78 build/cooja/mtype540.a(shell-commands.)
                0x0000000000042820                builtin_shell_commands
 .rodata        0x00000000000428f8        0x8 build/cooja/mtype540.a(ccm-star.o)
                0x00000000000428f8                ccm_star_driver
 .rodata        0x0000000000042900      0x108 build/cooja/mtype540.a(aes-128.o)
                0x0000000000042a00                aes_128_driver

.rodata1
 *(.rodata1)

.eh_frame_hdr   0x0000000000042a08     0x1c64
 *(.eh_frame_hdr)
 .eh_frame_hdr  0x0000000000042a08     0x1c64 node.o
                0x0000000000042a08                __GNU_EH_FRAME_HDR
 *(.eh_frame_entry .eh_frame_entry.*)

.eh_frame       0x000000000004466c     0x74d4
 *(.eh_frame)
 .eh_frame      0x000000000004466c       0x3c /usr/lib/gcc/i686-linux-gnu/5/../../../i386-linux-gnu/crti.o
                                         0x40 (size before relaxing)
 .eh_frame      0x00000000000446a8       0xd4 node.o
                                         0xec (size before relaxing)
 .eh_frame      0x000000000004477c      0x178 build/cooja/mtype540.o
                                        0x190 (size before relaxing)
 .eh_frame      0x00000000000448f4       0x40 build/cooja/mtype540.a(simEnvChange.o)
                                         0x58 (size before relaxing)
 .eh_frame      0x0000000000044934       0x60 build/cooja/mtype540.a(cooja_mt.o)
                                         0x78 (size before relaxing)
 .eh_frame      0x0000000000044994       0x80 build/cooja/mtype540.a(cooja_mtarch.o)
                                         0x98 (size before relaxing)
 .eh_frame      0x0000000000044a14       0xc8 build/cooja/mtype540.a(rtimer-arch.o)
                                         0xe0 (size before relaxing)
 .eh_frame      0x0000000000044adc      0x160 build/cooja/mtype540.a(beep.o)
                                        0x178 (size before relaxing)
 .eh_frame      0x0000000000044c3c       0x80 build/cooja/mtype540.a(leds-arch.o)
                                         0x98 (size before relaxing)
 .eh_frame      0x0000000000044cbc       0x40 build/cooja/mtype540.a(moteid.o)
                                         0x58 (size before relaxing)
 .eh_frame      0x0000000000044cfc       0xa0 build/cooja/mtype540.a(pir-sensor.o)
                                         0xb8 (size before relaxing)
 .eh_frame      0x0000000000044d9c      0x100 build/cooja/mtype540.a(rs232.o)
                                        0x118 (size before relaxing)
 .eh_frame      0x0000000000044e9c       0xa0 build/cooja/mtype540.a(vib-sensor.o)
                                         0xb8 (size before relaxing)
 .eh_frame      0x0000000000044f3c       0xc0 build/cooja/mtype540.a(clock.o)
                                         0xd8 (size before relaxing)
 .eh_frame      0x0000000000044ffc      0x120 build/cooja/mtype540.a(cooja-log.o)
                                        0x138 (size before relaxing)
 .eh_frame      0x000000000004511c      0x160 build/cooja/mtype540.a(cfs-cooja.o)
                                        0x178 (size before relaxing)
 .eh_frame      0x000000000004527c      0x3b0 build/cooja/mtype540.a(cooja-radio.o)
                                        0x3c8 (size before relaxing)
 .eh_frame      0x000000000004562c       0xa0 build/cooja/mtype540.a(eeprom.o)
                                         0xb8 (size before relaxing)
 .eh_frame      0x00000000000456cc       0x40 build/cooja/mtype540.a(random.o)
                                         0x58 (size before relaxing)
 .eh_frame      0x000000000004570c       0xc0 build/cooja/mtype540.a(sensors.o)
                                         0xd8 (size before relaxing)
 .eh_frame      0x00000000000457cc      0x120 build/cooja/mtype540.a(leds.o)
                                        0x138 (size before relaxing)
 .eh_frame      0x00000000000458ec      0x220 build/cooja/mtype540.a(gpio-hal-arch.o)
                                        0x238 (size before relaxing)
 .eh_frame      0x0000000000045b0c       0xa0 build/cooja/mtype540.a(buttons.o)
                                         0xb8 (size before relaxing)
 .eh_frame      0x0000000000045bac       0x30 build/cooja/mtype540.a(contiki-main.o)
                                         0x48 (size before relaxing)
 .eh_frame      0x0000000000045bdc       0x40 build/cooja/mtype540.a(autostart.o)
                                         0x58 (size before relaxing)
 .eh_frame      0x0000000000045c1c      0x100 build/cooja/mtype540.a(ctimer.o)
                                        0x118 (size before relaxing)
 .eh_frame      0x0000000000045d1c      0x120 build/cooja/mtype540.a(log.o)
                                        0x138 (size before relaxing)
 .eh_frame      0x0000000000045e3c       0xb4 build/cooja/mtype540.a(energest.o)
                                         0xcc (size before relaxing)
 .eh_frame      0x0000000000045ef0      0x1e0 build/cooja/mtype540.a(etimer.o)
                                        0x1f8 (size before relaxing)
 .eh_frame      0x00000000000460d0       0x20 build/cooja/mtype540.a(node-id.o)
                                         0x38 (size before relaxing)
 .eh_frame      0x00000000000460f0       0x60 build/cooja/mtype540.a(rtimer.o)
                                         0x78 (size before relaxing)
 .eh_frame      0x0000000000046150      0x1c4 build/cooja/mtype540.a(process.o)
                                        0x1dc (size before relaxing)
 .eh_frame      0x0000000000046314       0xa4 build/cooja/mtype540.a(timer.o)
                                         0xbc (size before relaxing)
 .eh_frame      0x00000000000463b8      0x1a0 build/cooja/mtype540.a(list.o)
                                        0x1b8 (size before relaxing)
 .eh_frame      0x0000000000046558      0x164 build/cooja/mtype540.a(button-hal.o)
                                        0x17c (size before relaxing)
 .eh_frame      0x00000000000466bc       0x60 build/cooja/mtype540.a(serial-line.o)
                                         0x78 (size before relaxing)
 .eh_frame      0x000000000004671c       0xe0 build/cooja/mtype540.a(gpio-hal.o)
                                         0xf8 (size before relaxing)
 .eh_frame      0x00000000000467fc      0x1a0 build/cooja/mtype540.a(queuebuf.o)
                                        0x1b8 (size before relaxing)
 .eh_frame      0x000000000004699c      0x28c build/cooja/mtype540.a(packetbuf.o)
                                        0x2a4 (size before relaxing)
 .eh_frame      0x0000000000046c28       0x80 build/cooja/mtype540.a(netstack.o)
                                         0x98 (size before relaxing)
 .eh_frame      0x0000000000046ca8       0x60 build/cooja/mtype540.a(linkaddr.o)
                                         0x78 (size before relaxing)
 .eh_frame      0x0000000000046d08      0x528 build/cooja/mtype540.a(tsch-schedule.o)
                                        0x540 (size before relaxing)
 .eh_frame      0x0000000000047230      0x2c0 build/cooja/mtype540.a(tsch-slot-opera)
                                        0x2d8 (size before relaxing)
 .eh_frame      0x00000000000474f0       0xb0 build/cooja/mtype540.a(conf.o)
                                         0xc8 (size before relaxing)
 .eh_frame      0x00000000000475a0       0xf4 build/cooja/mtype540.a(tsch-adaptive-t)
                                        0x10c (size before relaxing)
 .eh_frame      0x0000000000047694      0x134 build/cooja/mtype540.a(tsch-packet.o)
                                        0x14c (size before relaxing)
 .eh_frame      0x00000000000477c8      0x3a8 build/cooja/mtype540.a(tsch.o)
                                        0x3c0 (size before relaxing)
 .eh_frame      0x0000000000047b70       0xb0 build/cooja/mtype540.a(tsch-log.o)
                                         0xc8 (size before relaxing)
 .eh_frame      0x0000000000047c20      0x328 build/cooja/mtype540.a(uip-ds6.o)
                                        0x340 (size before relaxing)
 .eh_frame      0x0000000000047f48       0x88 build/cooja/mtype540.a(uiplib.o)
                                         0xa0 (size before relaxing)
 .eh_frame      0x0000000000047fd0      0x244 build/cooja/mtype540.a(tcpip.o)
                                        0x25c (size before relaxing)
 .eh_frame      0x0000000000048214      0x2e0 build/cooja/mtype540.a(uip-ds6-route.o)
                                        0x2f8 (size before relaxing)
 .eh_frame      0x00000000000484f4      0x1e8 build/cooja/mtype540.a(uip6.o)
                                        0x200 (size before relaxing)
 .eh_frame      0x00000000000486dc      0x1c0 build/cooja/mtype540.a(uip-ds6-nbr.o)
                                        0x1d8 (size before relaxing)
 .eh_frame      0x000000000004889c       0x84 build/cooja/mtype540.a(uip-nd6.o)
                                         0x9c (size before relaxing)
 .eh_frame      0x0000000000048920       0xd4 build/cooja/mtype540.a(simple-udp.o)
                                         0xec (size before relaxing)
 .eh_frame      0x00000000000489f4      0x234 build/cooja/mtype540.a(sicslowpan.o)
                                        0x24c (size before relaxing)
 .eh_frame      0x0000000000048c28      0x1e0 build/cooja/mtype540.a(rpl.o)
                                        0x1f8 (size before relaxing)
 .eh_frame      0x0000000000048e08      0x1c4 build/cooja/mtype540.a(rpl-icmp6.o)
                                        0x1dc (size before relaxing)
 .eh_frame      0x0000000000048fcc      0x370 build/cooja/mtype540.a(rpl-dag.o)
                                        0x388 (size before relaxing)
 .eh_frame      0x000000000004933c       0xa0 build/cooja/mtype540.a(rpl-dag-root.o)
                                         0xb8 (size before relaxing)
 .eh_frame      0x00000000000493dc       0xa0 build/cooja/mtype540.a(watchdog.o)
                                         0xb8 (size before relaxing)
 .eh_frame      0x000000000004947c       0x80 build/cooja/mtype540.a(int-master.o)
                                         0x98 (size before relaxing)
 .eh_frame      0x00000000000494fc       0x60 build/cooja/mtype540.a(serial-shell.o)
                                         0x78 (size before relaxing)
 .eh_frame      0x000000000004955c       0xc4 build/cooja/mtype540.a(stimer.o)
                                         0xdc (size before relaxing)
 .eh_frame      0x0000000000049620      0x120 build/cooja/mtype540.a(ringbufindex.o)
                                        0x138 (size before relaxing)
 .eh_frame      0x0000000000049740       0xa0 build/cooja/mtype540.a(memb.o)
                                         0xb8 (size before relaxing)
 .eh_frame      0x00000000000497e0       0xa0 build/cooja/mtype540.a(ringbuf.o)
                                         0xb8 (size before relaxing)
 .eh_frame      0x0000000000049880      0x2ac build/cooja/mtype540.a(nbr-table.o)
                                        0x2c4 (size before relaxing)
 .eh_frame      0x0000000000049b2c      0x120 build/cooja/mtype540.a(link-stats.o)
                                        0x138 (size before relaxing)
 .eh_frame      0x0000000000049c4c       0x48 build/cooja/mtype540.a(mac-sequence.o)
                                         0x60 (size before relaxing)
 .eh_frame      0x0000000000049c94       0x20 build/cooja/mtype540.a(mac.o)
                                         0x38 (size before relaxing)
 .eh_frame      0x0000000000049cb4      0x22c build/cooja/mtype540.a(frame802154e-ie)
                                        0x244 (size before relaxing)
 .eh_frame      0x0000000000049ee0       0xa4 build/cooja/mtype540.a(framer-802154.o)
                                         0xbc (size before relaxing)
 .eh_frame      0x0000000000049f84      0x1a4 build/cooja/mtype540.a(frame802154.o)
                                        0x1bc (size before relaxing)
 .eh_frame      0x000000000004a128      0x314 build/cooja/mtype540.a(tsch-queue.o)
                                        0x32c (size before relaxing)
 .eh_frame      0x000000000004a43c       0xe0 build/cooja/mtype540.a(tsch-security.o)
                                         0xf8 (size before relaxing)
 .eh_frame      0x000000000004a51c       0xc4 build/cooja/mtype540.a(tsch-rpl.o)
                                         0xdc (size before relaxing)
 .eh_frame      0x000000000004a5e0      0x200 build/cooja/mtype540.a(uipbuf.o)
                                        0x218 (size before relaxing)
 .eh_frame      0x000000000004a7e0      0x150 build/cooja/mtype540.a(uip-icmp6.o)
                                        0x168 (size before relaxing)
 .eh_frame      0x000000000004a930      0x184 build/cooja/mtype540.a(uip-sr.o)
                                        0x19c (size before relaxing)
 .eh_frame      0x000000000004aab4       0xe0 build/cooja/mtype540.a(uip-packetqueue)
                                         0xf8 (size before relaxing)
 .eh_frame      0x000000000004ab94       0x40 build/cooja/mtype540.a(uip-udp-packet.)
                                         0x58 (size before relaxing)
 .eh_frame      0x000000000004abd4       0x80 build/cooja/mtype540.a(rpl-nbr-policy.)
                                         0x98 (size before relaxing)
 .eh_frame      0x000000000004ac54      0x2d4 build/cooja/mtype540.a(rpl-neighbor.o)
                                        0x2ec (size before relaxing)
 .eh_frame      0x000000000004af28      0x3a8 build/cooja/mtype540.a(rpl-timers.o)
                                        0x3c0 (size before relaxing)
 .eh_frame      0x000000000004b2d0      0x124 build/cooja/mtype540.a(rpl-ext-header.)
                                        0x13c (size before relaxing)
 .eh_frame      0x000000000004b3f4      0x148 build/cooja/mtype540.a(rpl-mrhof.o)
                                        0x160 (size before relaxing)
 .eh_frame      0x000000000004b53c       0xa0 build/cooja/mtype540.a(shell.o)
                                         0xb8 (size before relaxing)
 .eh_frame      0x000000000004b5dc      0x36c build/cooja/mtype540.a(shell-commands.)
                                        0x384 (size before relaxing)
 .eh_frame      0x000000000004b948       0xc8 build/cooja/mtype540.a(ccm-star.o)
                                         0xe0 (size before relaxing)
 .eh_frame      0x000000000004ba10       0x68 build/cooja/mtype540.a(aes-128.o)
                                         0x80 (size before relaxing)
 .eh_frame      0x000000000004ba78       0x40 /usr/lib/gcc/i686-linux-gnu/5/libgcc.a(_divdi3.o)
                                         0x58 (size before relaxing)
 .eh_frame      0x000000000004bab8       0x84 /usr/lib/gcc/i686-linux-gnu/5/libgcc.a(_udivdi3.o)
                                         0x9c (size before relaxing)
 .eh_frame      0x000000000004bb3c        0x4 /usr/lib/gcc/i686-linux-gnu/5/crtendS.o
 *(.eh_frame.*)

.gcc_except_table
 *(.gcc_except_table .gcc_except_table.*)

.gnu_extab
 *(.gnu_extab*)

.exception_ranges
 *(.exception_ranges .exception_ranges*)
                0x000000000004cf10                . = DATA_SEGMENT_ALIGN (0x1000, 0x1000)

.eh_frame
 *(.eh_frame)
 *(.eh_frame.*)

.gnu_extab
 *(.gnu_extab)

.gcc_except_table
 *(.gcc_except_table .gcc_except_table.*)

.exception_ranges
 *(.exception_ranges .exception_ranges*)

.tdata
 *(.tdata .tdata.* .gnu.linkonce.td.*)

.tbss
 *(.tbss .tbss.* .gnu.linkonce.tb.*)
 *(.tcommon)

.preinit_array
 *(.preinit_array)

.init_array     0x000000000004cf10        0x4
 *(SORT(.init_array.*) SORT(.ctors.*))
 *(.init_array EXCLUDE_FILE(*crtend?.o *crtend.o *crtbegin?.o *crtbegin.o) .ctors)
 .init_array    0x000000000004cf10        0x4 /usr/lib/gcc/i686-linux-gnu/5/crtbeginS.o

.fini_array     0x000000000004cf14        0x4
 *(SORT(.fini_array.*) SORT(.dtors.*))
 *(.fini_array EXCLUDE_FILE(*crtend?.o *crtend.o *crtbegin?.o *crtbegin.o) .dtors)
 .fini_array    0x000000000004cf14        0x4 /usr/lib/gcc/i686-linux-gnu/5/crtbeginS.o

.ctors
 *crtbegin.o(.ctors)
 *crtbegin?.o(.ctors)
 *(EXCLUDE_FILE(*crtend?.o *crtend.o) .ctors)
 *(SORT(.ctors.*))
 *(.ctors)

.dtors
 *crtbegin.o(.dtors)
 *crtbegin?.o(.dtors)
 *(EXCLUDE_FILE(*crtend?.o *crtend.o) .dtors)
 *(SORT(.dtors.*))
 *(.dtors)

.jcr            0x000000000004cf18        0x4
 *(.jcr)
 .jcr           0x000000000004cf18        0x0 /usr/lib/gcc/i686-linux-gnu/5/crtbeginS.o
 .jcr           0x000000000004cf18        0x4 /usr/lib/gcc/i686-linux-gnu/5/crtendS.o

.data.rel.ro
 *(.data.rel.ro.local* .gnu.linkonce.d.rel.ro.local.*)
 *(.data.rel.ro .data.rel.ro.* .gnu.linkonce.d.rel.ro.*)

.dynamic        0x000000000004cf1c       0xd0
 *(.dynamic)
 .dynamic       0x000000000004cf1c       0xd0 /usr/lib/gcc/i686-linux-gnu/5/../../../i386-linux-gnu/crti.o
                0x000000000004cf1c                _DYNAMIC

.got            0x000000000004cfec       0x14
 *(.got)
 .got           0x000000000004cfec       0x14 /usr/lib/gcc/i686-linux-gnu/5/../../../i386-linux-gnu/crti.o
 *(.igot)
                0x000000000004dff4                . = DATA_SEGMENT_RELRO_END (., (SIZEOF (.got.plt) >= 0xc)?0xc:0x0)

.got.plt        0x000000000004d000        0xc
 *(.got.plt)
 .got.plt       0x000000000004d000        0xc /usr/lib/gcc/i686-linux-gnu/5/../../../i386-linux-gnu/crti.o
                0x000000000004d000                _GLOBAL_OFFSET_TABLE_
 *(.igot.plt)

.data           0x000000000004d020      0x470
 *(.data .data.* .gnu.linkonce.d.*)
 .data          0x000000000004d020        0x0 /usr/lib/gcc/i686-linux-gnu/5/../../../i386-linux-gnu/crti.o
 .data          0x000000000004d020        0x0 /usr/lib/gcc/i686-linux-gnu/5/crtbeginS.o
 .data.rel.local
                0x000000000004d020        0x4 /usr/lib/gcc/i686-linux-gnu/5/crtbeginS.o
                0x000000000004d020                __dso_handle
 .data          0x000000000004d024       0x18 node.o
                0x000000000004d024                node_process
 *fill*         0x000000000004d03c        0x4 
 .data          0x000000000004d040       0x44 build/cooja/mtype540.o
                0x000000000004d040                simInterfaces
                0x000000000004d074                sensors
 .data          0x000000000004d084        0x0 build/cooja/mtype540.a(simEnvChange.o)
 .data          0x000000000004d084        0x0 build/cooja/mtype540.a(cooja_mt.o)
 .data          0x000000000004d084        0x0 build/cooja/mtype540.a(cooja_mtarch.o)
 .data          0x000000000004d084        0x0 build/cooja/mtype540.a(rtimer-arch.o)
 .data          0x000000000004d084        0x0 build/cooja/mtype540.a(beep.o)
 .data          0x000000000004d084        0x0 build/cooja/mtype540.a(leds-arch.o)
 .data          0x000000000004d084        0x0 build/cooja/mtype540.a(moteid.o)
 .data          0x000000000004d084        0x0 build/cooja/mtype540.a(pir-sensor.o)
 .data          0x000000000004d084        0x0 build/cooja/mtype540.a(rs232.o)
 .data          0x000000000004d084        0x0 build/cooja/mtype540.a(vib-sensor.o)
 .data          0x000000000004d084        0x0 build/cooja/mtype540.a(clock.o)
 .data          0x000000000004d084        0x0 build/cooja/mtype540.a(cooja-log.o)
 .data          0x000000000004d084        0x0 build/cooja/mtype540.a(cfs-cooja.o)
 .data          0x000000000004d084       0x2c build/cooja/mtype540.a(cooja-radio.o)
                0x000000000004d084                simRadioHWOn
                0x000000000004d088                simSignalStrength
                0x000000000004d08c                simLastSignalStrength
                0x000000000004d090                simPower
                0x000000000004d094                simRadioChannel
                0x000000000004d098                simLQI
                0x000000000004d0a0                cooja_radio_process
 .data          0x000000000004d0b0        0x0 build/cooja/mtype540.a(eeprom.o)
 .data          0x000000000004d0b0        0x0 build/cooja/mtype540.a(random.o)
 .data          0x000000000004d0b0       0x10 build/cooja/mtype540.a(sensors.o)
                0x000000000004d0b0                sensors_process
 .data          0x000000000004d0c0        0x0 build/cooja/mtype540.a(leds.o)
 .data          0x000000000004d0c0        0x0 build/cooja/mtype540.a(gpio-hal-arch.o)
 .data          0x000000000004d0c0       0x78 build/cooja/mtype540.a(buttons.o)
                0x000000000004d0c0                simButtonIsActive
                0x000000000004d130                button_hal_buttons
 .data          0x000000000004d138        0x0 build/cooja/mtype540.a(contiki-main.o)
 .data          0x000000000004d138        0x0 build/cooja/mtype540.a(autostart.o)
 .data          0x000000000004d138       0x14 build/cooja/mtype540.a(ctimer.o)
                0x000000000004d13c                ctimer_process
 *fill*         0x000000000004d14c       0x14 
 .data          0x000000000004d160       0xbc build/cooja/mtype540.a(log.o)
                0x000000000004d160                curr_log_level_rpl
                0x000000000004d164                curr_log_level_tcpip
                0x000000000004d168                curr_log_level_ipv6
                0x000000000004d16c                curr_log_level_6lowpan
                0x000000000004d170                curr_log_level_mac
                0x000000000004d174                curr_log_level_framer
                0x000000000004d178                curr_log_level_main
                0x000000000004d180                all_modules
 .data          0x000000000004d21c        0x0 build/cooja/mtype540.a(energest.o)
 .data          0x000000000004d21c       0x10 build/cooja/mtype540.a(etimer.o)
                0x000000000004d21c                etimer_process
 .data          0x000000000004d22c        0x0 build/cooja/mtype540.a(node-id.o)
 .data          0x000000000004d22c        0x0 build/cooja/mtype540.a(rtimer.o)
 .data          0x000000000004d22c        0x0 build/cooja/mtype540.a(process.o)
 .data          0x000000000004d22c        0x0 build/cooja/mtype540.a(timer.o)
 .data          0x000000000004d22c        0x0 build/cooja/mtype540.a(list.o)
 .data          0x000000000004d22c       0x10 build/cooja/mtype540.a(button-hal.o)
                0x000000000004d22c                button_hal_process
 .data          0x000000000004d23c       0x10 build/cooja/mtype540.a(serial-line.o)
                0x000000000004d23c                serial_line_process
 .data          0x000000000004d24c        0x4 build/cooja/mtype540.a(gpio-hal.o)
 .data          0x000000000004d250       0x18 build/cooja/mtype540.a(queuebuf.o)
 .data          0x000000000004d268        0x4 build/cooja/mtype540.a(packetbuf.o)
 .data          0x000000000004d26c        0x4 build/cooja/mtype540.a(netstack.o)
 .data          0x000000000004d270        0x0 build/cooja/mtype540.a(linkaddr.o)
 .data          0x000000000004d270       0x20 build/cooja/mtype540.a(tsch-schedule.o)
 .data          0x000000000004d290        0x4 build/cooja/mtype540.a(tsch-slot-opera)
 .data          0x000000000004d294        0x0 build/cooja/mtype540.a(conf.o)
 .data          0x000000000004d294        0x0 build/cooja/mtype540.a(tsch-adaptive-t)
 .data          0x000000000004d294        0x0 build/cooja/mtype540.a(tsch-packet.o)
 .data          0x000000000004d294       0x30 build/cooja/mtype540.a(tsch.o)
                0x000000000004d294                tsch_process
                0x000000000004d2a4                tsch_send_eb_process
                0x000000000004d2b4                tsch_pending_events_process
 .data          0x000000000004d2c4        0x0 build/cooja/mtype540.a(tsch-log.o)
 .data          0x000000000004d2c4        0x0 build/cooja/mtype540.a(uip-ds6.o)
 .data          0x000000000004d2c4        0x0 build/cooja/mtype540.a(uiplib.o)
 .data          0x000000000004d2c4       0x10 build/cooja/mtype540.a(tcpip.o)
                0x000000000004d2c4                tcpip_process
 .data          0x000000000004d2d4       0x44 build/cooja/mtype540.a(uip-ds6-route.o)
                0x000000000004d2e4                nbr_routes
 .data          0x000000000004d318        0x0 build/cooja/mtype540.a(uip6.o)
 .data          0x000000000004d318       0x14 build/cooja/mtype540.a(uip-ds6-nbr.o)
 .data          0x000000000004d32c        0xc build/cooja/mtype540.a(uip-nd6.o)
 .data          0x000000000004d338       0x10 build/cooja/mtype540.a(simple-udp.o)
                0x000000000004d338                simple_udp_process
 .data          0x000000000004d348        0x0 build/cooja/mtype540.a(sicslowpan.o)
 .data          0x000000000004d348        0x0 build/cooja/mtype540.a(rpl.o)
 .data          0x000000000004d348       0x30 build/cooja/mtype540.a(rpl-icmp6.o)
 .data          0x000000000004d378        0x0 build/cooja/mtype540.a(rpl-dag.o)
 .data          0x000000000004d378        0x0 build/cooja/mtype540.a(rpl-dag-root.o)
 .data          0x000000000004d378        0x0 build/cooja/mtype540.a(watchdog.o)
 .data          0x000000000004d378        0x0 build/cooja/mtype540.a(int-master.o)
 .data          0x000000000004d378       0x10 build/cooja/mtype540.a(serial-shell.o)
                0x000000000004d378                serial_shell_process
 .data          0x000000000004d388        0x0 build/cooja/mtype540.a(stimer.o)
 .data          0x000000000004d388        0x0 build/cooja/mtype540.a(ringbufindex.o)
 .data          0x000000000004d388        0x0 build/cooja/mtype540.a(memb.o)
 .data          0x000000000004d388        0x0 build/cooja/mtype540.a(ringbuf.o)
 .data          0x000000000004d388       0x10 build/cooja/mtype540.a(nbr-table.o)
 .data          0x000000000004d398       0x14 build/cooja/mtype540.a(link-stats.o)
 .data          0x000000000004d3ac        0x0 build/cooja/mtype540.a(mac-sequence.o)
 .data          0x000000000004d3ac        0x0 build/cooja/mtype540.a(mac.o)
 .data          0x000000000004d3ac        0x0 build/cooja/mtype540.a(frame802154e-ie)
 .data          0x000000000004d3ac        0x0 build/cooja/mtype540.a(framer-802154.o)
 .data          0x000000000004d3ac        0x2 build/cooja/mtype540.a(frame802154.o)
 *fill*         0x000000000004d3ae        0x2 
 .data          0x000000000004d3b0       0x20 build/cooja/mtype540.a(tsch-queue.o)
 .data          0x000000000004d3d0        0x0 build/cooja/mtype540.a(tsch-timeslot-t)
 *fill*         0x000000000004d3d0       0x10 
 .data          0x000000000004d3e0       0x20 build/cooja/mtype540.a(tsch-security.o)
 .data          0x000000000004d400        0x0 build/cooja/mtype540.a(tsch-rpl.o)
 .data          0x000000000004d400        0x0 build/cooja/mtype540.a(uipbuf.o)
 .data          0x000000000004d400       0x20 build/cooja/mtype540.a(uip-icmp6.o)
 .data          0x000000000004d420       0x10 build/cooja/mtype540.a(uip-sr.o)
 .data          0x000000000004d430        0xc build/cooja/mtype540.a(uip-packetqueue)
 .data          0x000000000004d43c        0x0 build/cooja/mtype540.a(uip-udp-packet.)
 .data          0x000000000004d43c        0x0 build/cooja/mtype540.a(rpl-nbr-policy.)
 .data          0x000000000004d43c       0x14 build/cooja/mtype540.a(rpl-neighbor.o)
                0x000000000004d44c                rpl_neighbors
 .data          0x000000000004d450        0x0 build/cooja/mtype540.a(rpl-timers.o)
 .data          0x000000000004d450        0x0 build/cooja/mtype540.a(rpl-ext-header.)
 *fill*         0x000000000004d450       0x10 
 .data          0x000000000004d460       0x24 build/cooja/mtype540.a(rpl-mrhof.o)
                0x000000000004d460                rpl_mrhof
 .data          0x000000000004d484        0x0 build/cooja/mtype540.a(shell.o)
 .data          0x000000000004d484        0xc build/cooja/mtype540.a(shell-commands.)
 .data          0x000000000004d490        0x0 build/cooja/mtype540.a(ccm-star.o)
 .data          0x000000000004d490        0x0 build/cooja/mtype540.a(aes-128.o)
 .data          0x000000000004d490        0x0 /usr/lib/gcc/i686-linux-gnu/5/libgcc.a(_divdi3.o)
 .data          0x000000000004d490        0x0 /usr/lib/gcc/i686-linux-gnu/5/libgcc.a(_udivdi3.o)
 .data          0x000000000004d490        0x0 /usr/lib/gcc/i686-linux-gnu/5/crtendS.o
 .data          0x000000000004d490        0x0 /usr/lib/gcc/i686-linux-gnu/5/../../../i386-linux-gnu/crtn.o

.tm_clone_table
                0x000000000004d490        0x0
 .tm_clone_table
                0x000000000004d490        0x0 /usr/lib/gcc/i686-linux-gnu/5/crtbeginS.o
 .tm_clone_table
                0x000000000004d490        0x0 /usr/lib/gcc/i686-linux-gnu/5/crtendS.o

.data1
 *(.data1)
                0x000000000004d490                _edata = .
                [!provide]                        PROVIDE (edata, .)
                0x000000000004d490                . = .
                0x000000000004d490                __bss_start = .

.bss            0x000000000004d4a0    0x28148
 *(.dynbss)
 .dynbss        0x000000000004d4a0        0x0 /usr/lib/gcc/i686-linux-gnu/5/../../../i386-linux-gnu/crti.o
 *(.bss .bss.* .gnu.linkonce.b.*)
 .bss           0x000000000004d4a0        0x0 /usr/lib/gcc/i686-linux-gnu/5/../../../i386-linux-gnu/crti.o
 .bss           0x000000000004d4a0        0x1 /usr/lib/gcc/i686-linux-gnu/5/crtbeginS.o
 *fill*         0x000000000004d4a1       0x1f 
 .bss           0x000000000004d4c0       0x58 node.o
                0x000000000004d4c0                verify
 *fill*         0x000000000004d518        0x8 
 .bss           0x000000000004d520     0x2030 build/cooja/mtype540.o
 .bss           0x000000000004f550        0x1 build/cooja/mtype540.a(simEnvChange.o)