Archive member included to satisfy reference by file (symbol)

build/cooja/mtype963.a(simEnvChange.o)
                              build/cooja/mtype963.o (simDontFallAsleep)
build/cooja/mtype963.a(cooja_mt.o)
                              build/cooja/mtype963.o (cooja_mt_start)
build/cooja/mtype963.a(cooja_mtarch.o)
                              build/cooja/mtype963.a(cooja_mt.o) (cooja_mtarch_start)
build/cooja/mtype963.a(rtimer-arch.o)
                              build/cooja/mtype963.o (rtimer_arch_check)
build/cooja/mtype963.a(beep.o)
                              build/cooja/mtype963.o (beep_interface)
build/cooja/mtype963.a(leds-arch.o)
                              build/cooja/mtype963.o (leds_interface)
build/cooja/mtype963.a(moteid.o)
                              build/cooja/mtype963.o (moteid_interface)
build/cooja/mtype963.a(pir-sensor.o)
                              build/cooja/mtype963.o (pir_interface)
build/cooja/mtype963.a(rs232.o)
                              build/cooja/mtype963.o (rs232_interface)
build/cooja/mtype963.a(vib-sensor.o)
                              build/cooja/mtype963.o (vib_interface)
build/cooja/mtype963.a(clock.o)
                              build/cooja/mtype963.o (clock_interface)
build/cooja/mtype963.a(cooja-log.o)
                              build/cooja/mtype963.o (simlog_interface)
build/cooja/mtype963.a(cfs-cooja.o)
                              build/cooja/mtype963.o (cfs_interface)
build/cooja/mtype963.a(cooja-radio.o)
                              build/cooja/mtype963.o (radio_interface)
build/cooja/mtype963.a(eeprom.o)
                              build/cooja/mtype963.o (eeprom_interface)
build/cooja/mtype963.a(random.o)
                              build/cooja/mtype963.a(moteid.o) (random_init)
build/cooja/mtype963.a(sensors.o)
                              build/cooja/mtype963.a(pir-sensor.o) (sensors_changed)
build/cooja/mtype963.a(leds.o)
                              build/cooja/mtype963.a(leds-arch.o) (leds_get)
build/cooja/mtype963.a(gpio-hal-arch.o)
                              build/cooja/mtype963.a(leds-arch.o) (gpio_hal_arch_register_pin_callback)
build/cooja/mtype963.a(buttons.o)
                              build/cooja/mtype963.o (button_interface)
build/cooja/mtype963.a(contiki-main.o)
                              build/cooja/mtype963.o (main)
build/cooja/mtype963.a(autostart.o)
                              build/cooja/mtype963.a(contiki-main.o) (autostart_start)
build/cooja/mtype963.a(ctimer.o)
                              build/cooja/mtype963.a(contiki-main.o) (ctimer_init)
build/cooja/mtype963.a(log.o)
                              build/cooja/mtype963.a(contiki-main.o) (curr_log_level_main)
build/cooja/mtype963.a(energest.o)
                              node.o (energest_total_time)
build/cooja/mtype963.a(etimer.o)
                              build/cooja/mtype963.a(contiki-main.o) (etimer_process)
build/cooja/mtype963.a(node-id.o)
                              node.o (node_id)
build/cooja/mtype963.a(rtimer.o)
                              build/cooja/mtype963.a(contiki-main.o) (rtimer_init)
build/cooja/mtype963.a(process.o)
                              build/cooja/mtype963.a(ctimer.o) (process_current)
build/cooja/mtype963.a(timer.o)
                              build/cooja/mtype963.a(etimer.o) (timer_set)
build/cooja/mtype963.a(list.o)
                              build/cooja/mtype963.a(ctimer.o) (list_init)
build/cooja/mtype963.a(button-hal.o)
                              build/cooja/mtype963.o (button_hal_init)
build/cooja/mtype963.a(serial-line.o)
                              build/cooja/mtype963.a(rs232.o) (serial_line_input_byte)
build/cooja/mtype963.a(gpio-hal.o)
                              build/cooja/mtype963.a(button-hal.o) (gpio_hal_register_handler)
build/cooja/mtype963.a(queuebuf.o)
                              build/cooja/mtype963.a(contiki-main.o) (queuebuf_init)
build/cooja/mtype963.a(packetbuf.o)
                              build/cooja/mtype963.a(cooja-radio.o) (packetbuf_clear)
build/cooja/mtype963.a(netstack.o)
                              build/cooja/mtype963.a(contiki-main.o) (netstack_init)
build/cooja/mtype963.a(linkaddr.o)
                              node.o (linkaddr_node_addr)
build/cooja/mtype963.a(tsch-schedule.o)
                              node.o (tsch_schedule_add_slotframe)
build/cooja/mtype963.a(tsch-slot-opera)
                              build/cooja/mtype963.a(tsch-schedule.o) (current_link)
build/cooja/mtype963.a(conf.o)
                              build/cooja/mtype963.a(tsch-schedule.o) (DCFL)
build/cooja/mtype963.a(tsch-adaptive-t)
                              build/cooja/mtype963.a(tsch-slot-opera) (tsch_timesync_update)
build/cooja/mtype963.a(tsch-packet.o)
                              build/cooja/mtype963.a(tsch-slot-opera) (tsch_packet_create_eack)
build/cooja/mtype963.a(tsch.o)
[...]
Memory Configuration

Name             Origin             Length             Attributes
*default*        0x0000000000000000 0xffffffffffffffff

Linker script and memory map

LOAD /usr/lib/gcc/i686-linux-gnu/5/../../../i386-linux-gnu/crti.o
LOAD /usr/lib/gcc/i686-linux-gnu/5/crtbeginS.o
LOAD node.o
LOAD build/cooja/mtype963.o
LOAD build/cooja/mtype963.a
LOAD /usr/lib/gcc/i686-linux-gnu/5/libgcc.a
LOAD /usr/lib/gcc/i686-linux-gnu/5/libgcc_s.so
LOAD /usr/lib/gcc/i686-linux-gnu/5/../../../i386-linux-gnu/libc.so
START GROUP
LOAD /lib/i386-linux-gnu/libc.so.6
LOAD /usr/lib/i386-linux-gnu/libc_nonshared.a
LOAD /lib/i386-linux-gnu/ld-linux.so.2
END GROUP
LOAD /usr/lib/gcc/i686-linux-gnu/5/libgcc.a
LOAD /usr/lib/gcc/i686-linux-gnu/5/libgcc_s.so
LOAD /usr/lib/gcc/i686-linux-gnu/5/crtendS.o
LOAD /usr/lib/gcc/i686-linux-gnu/5/../../../i386-linux-gnu/crtn.o
                0x0000000000000114                . = (0x0 + SIZEOF_HEADERS)

.note.gnu.build-id
                0x0000000000000114       0x24
 *(.note.gnu.build-id)
 .note.gnu.build-id
                0x0000000000000114       0x24 /usr/lib/gcc/i686-linux-gnu/5/../../../i386-linux-gnu/crti.o

.hash
 *(.hash)

.gnu.hash       0x0000000000000138     0x18ec
 *(.gnu.hash)
 .gnu.hash      0x0000000000000138     0x18ec /usr/lib/gcc/i686-linux-gnu/5/../../../i386-linux-gnu/crti.o

.dynsym         0x0000000000001a24     0x34a0
 *(.dynsym)
 .dynsym        0x0000000000001a24     0x34a0 /usr/lib/gcc/i686-linux-gnu/5/../../../i386-linux-gnu/crti.o

.dynstr         0x0000000000004ec4     0x3e4c
 *(.dynstr)
 .dynstr        0x0000000000004ec4     0x3e4c /usr/lib/gcc/i686-linux-gnu/5/../../../i386-linux-gnu/crti.o

.gnu.version    0x0000000000008d10      0x694
 *(.gnu.version)
 .gnu.version   0x0000000000008d10      0x694 /usr/lib/gcc/i686-linux-gnu/5/../../../i386-linux-gnu/crti.o

.gnu.version_d  0x00000000000093a4        0x0
 *(.gnu.version_d)
 .gnu.version_d
                0x00000000000093a4        0x0 /usr/lib/gcc/i686-linux-gnu/5/../../../i386-linux-gnu/crti.o

.gnu.version_r  0x00000000000093a4       0x60
 *(.gnu.version_r)
 .gnu.version_r
                0x00000000000093a4       0x60 /usr/lib/gcc/i686-linux-gnu/5/../../../i386-linux-gnu/crti.o

.rel.dyn        0x0000000000009404    0x100c8
 *(.rel.init)
 .rel.init      0x0000000000009404        0x0 /usr/lib/gcc/i686-linux-gnu/5/../../../i386-linux-gnu/crti.o
 *(.rel.text .rel.text.* .rel.gnu.linkonce.t.*)
 .rel.text      0x0000000000009404     0xf720 /usr/lib/gcc/i686-linux-gnu/5/../../../i386-linux-gnu/crti.o
 *(.rel.fini)
 .rel.fini      0x0000000000018b24        0x0 /usr/lib/gcc/i686-linux-gnu/5/../../../i386-linux-gnu/crti.o
 *(.rel.rodata .rel.rodata.* .rel.gnu.linkonce.r.*)
 .rel.rodata    0x0000000000018b24      0x568 /usr/lib/gcc/i686-linux-gnu/5/../../../i386-linux-gnu/crti.o
 *(.rel.data.rel.ro .rel.data.rel.ro.* .rel.gnu.linkonce.d.rel.ro.*)
 *(.rel.data .rel.data.* .rel.gnu.linkonce.d.*)
 .rel.data.rel.local
                0x000000000001908c        0x8 /usr/lib/gcc/i686-linux-gnu/5/../../../i386-linux-gnu/crti.o
 .rel.data      0x0000000000019094      0x400 /usr/lib/gcc/i686-linux-gnu/5/../../../i386-linux-gnu/crti.o
 *(.rel.tdata .rel.tdata.* .rel.gnu.linkonce.td.*)
 *(.rel.tbss .rel.tbss.* .rel.gnu.linkonce.tb.*)
 *(.rel.ctors)
 *(.rel.dtors)
 *(.rel.got)
 .rel.got       0x0000000000019494       0x28 /usr/lib/gcc/i686-linux-gnu/5/../../../i386-linux-gnu/crti.o
 *(.rel.bss .rel.bss.* .rel.gnu.linkonce.b.*)
 *(.rel.ifunc)
 .rel.ifunc     0x00000000000194bc        0x0 /usr/lib/gcc/i686-linux-gnu/5/../../../i386-linux-gnu/crti.o
 .rel.fini_array
                0x00000000000194bc        0x8 /usr/lib/gcc/i686-linux-gnu/5/../../../i386-linux-gnu/crti.o
 .rel.init_array
                0x00000000000194c4        0x8 /usr/lib/gcc/i686-linux-gnu/5/../../../i386-linux-gnu/crti.o

.rel.plt        0x00000000000194cc        0x0
 *(.rel.plt)
 .rel.plt       0x00000000000194cc        0x0 /usr/lib/gcc/i686-linux-gnu/5/../../../i386-linux-gnu/crti.o
 *(.rel.iplt)

.init           0x00000000000194cc       0x23
 *(SORT(.init))
 .init          0x00000000000194cc       0x1e /usr/lib/gcc/i686-linux-gnu/5/../../../i386-linux-gnu/crti.o
                0x00000000000194cc                _init
 .init          0x00000000000194ea        0x5 /usr/lib/gcc/i686-linux-gnu/5/../../../i386-linux-gnu/crtn.o

.plt            0x00000000000194f0       0x10
 *(.plt)
 .plt           0x00000000000194f0       0x10 /usr/lib/gcc/i686-linux-gnu/5/../../../i386-linux-gnu/crti.o
 *(.iplt)

.plt.got        0x0000000000019500       0x10
 *(.plt.got)
 .plt.got       0x0000000000019500       0x10 /usr/lib/gcc/i686-linux-gnu/5/../../../i386-linux-gnu/crti.o

.text           0x0000000000019510    0x25472
 *(.text.unlikely .text.*_unlikely .text.unlikely.*)
 .text.unlikely
                0x0000000000019510        0x0 /usr/lib/gcc/i686-linux-gnu/5/crtbeginS.o
 .text.unlikely
                0x0000000000019510        0x0 /usr/lib/gcc/i686-linux-gnu/5/libgcc.a(_divdi3.o)
 .text.unlikely
                0x0000000000019510        0x0 /usr/lib/gcc/i686-linux-gnu/5/libgcc.a(_udivdi3.o)
 *(.text.exit .text.exit.*)
 *(.text.startup .text.startup.*)
 *(.text.hot .text.hot.*)
 *(.text .stub .text.* .gnu.linkonce.t.*)
 .text          0x0000000000019510        0x0 /usr/lib/gcc/i686-linux-gnu/5/../../../i386-linux-gnu/crti.o
 .gnu.linkonce.t.__x86.get_pc_thunk.bx
                0x0000000000019510        0x4 /usr/lib/gcc/i686-linux-gnu/5/../../../i386-linux-gnu/crti.o
                0x0000000000019510                __x86.get_pc_thunk.bx
 *fill*         0x0000000000019514        0xc 
 .text          0x0000000000019520      0x11c /usr/lib/gcc/i686-linux-gnu/5/crtbeginS.o
 .text.__x86.get_pc_thunk.dx
                0x000000000001963c        0x4 /usr/lib/gcc/i686-linux-gnu/5/crtbeginS.o
                0x000000000001963c                __x86.get_pc_thunk.dx
 .text          0x0000000000019640      0x66a node.o
                0x00000000000196cb                initialize_tsch_schedule
 .text          0x0000000000019caa      0x283 build/cooja/mtype963.o
                0x0000000000019d3c                platform_init_stage_one
                0x0000000000019d4f                platform_init_stage_two
                0x0000000000019d62                platform_init_stage_three
                0x0000000000019d75                platform_main_loop
                0x0000000000019de8                Java_org_contikios_cooja_corecomm_Lib3_init
                0x0000000000019e1f                Java_org_contikios_cooja_corecomm_Lib3_getMemory
                0x0000000000019e52                Java_org_contikios_cooja_corecomm_Lib3_setMemory
                0x0000000000019eb2                Java_org_contikios_cooja_corecomm_Lib3_tick
                0x0000000000019f1a                Java_org_contikios_cooja_corecomm_Lib3_setReferenceAddress
 .text          0x0000000000019f2d       0x65 build/cooja/mtype963.a(simEnvChange.o)
                0x0000000000019f2d                doActionsBeforeTick
                0x0000000000019f5f                doActionsAfterTick
 .text          0x0000000000019f92       0x83 build/cooja/mtype963.a(cooja_mt.o)
                0x0000000000019f92                cooja_mt_start
                0x0000000000019fbc                cooja_mt_exec
                0x0000000000019ff2                cooja_mt_yield
 .text          0x000000000001a015       0xbe build/cooja/mtype963.a(cooja_mtarch.o)
                0x000000000001a015                cooja_mtarch_start
                0x000000000001a088                cooja_sw
                0x000000000001a0ab                cooja_mtarch_exec
                0x000000000001a0c8                cooja_mtarch_yield
 .text          0x000000000001a0d3       0xc5 build/cooja/mtype963.a(rtimer-arch.o)
                0x000000000001a0d3                rtimer_arch_init
                0x000000000001a0f7                rtimer_arch_schedule
                0x000000000001a127                rtimer_arch_next
                0x000000000001a137                rtimer_arch_pending
                0x000000000001a141                rtimer_arch_check
                0x000000000001a188                rtimer_arch_now
 .text          0x000000000001a198       0x81 build/cooja/mtype963.a(beep.o)
                0x000000000001a198                beep_alarm
                0x000000000001a1a5                beep_beep
                0x000000000001a1b2                beep
                0x000000000001a1bf                beep_down
                0x000000000001a1cc                beep_on
                0x000000000001a1d9                beep_off
                0x000000000001a1e6                beep_spinup
                0x000000000001a1f3                beep_quick
                0x000000000001a200                beep_long
 .text          0x000000000001a219       0x65 build/cooja/mtype963.a(leds-arch.o)
                0x000000000001a22c                leds_arch_init
 .text          0x000000000001a27e       0x35 build/cooja/mtype963.a(moteid.o)
 .text          0x000000000001a2b3       0xb7 build/cooja/mtype963.a(pir-sensor.o)
 .text          0x000000000001a36a      0x148 build/cooja/mtype963.a(rs232.o)
                0x000000000001a36a                rs232_init
                0x000000000001a370                rs232_set_speed
                0x000000000001a37f                rs232_set_input
                0x000000000001a38d                rs232_send
                0x000000000001a3b1                rs232_print
                0x000000000001a3cd                slip_arch_writeb
 .text          0x000000000001a4b2       0xb7 build/cooja/mtype963.a(vib-sensor.o)
 .text          0x000000000001a569       0x38 build/cooja/mtype963.a(clock.o)
                0x000000000001a569                clock_init
                0x000000000001a56f                clock_time
                0x000000000001a579                clock_seconds
                0x000000000001a58f                clock_delay
 .text          0x000000000001a5a1      0x219 build/cooja/mtype963.a(cooja-log.o)
                0x000000000001a5a1                simlog_char
                0x000000000001a5e4                simlog
                0x000000000001a65a                log_message
                0x000000000001a68b                log_set_putchar_with_slip
                0x000000000001a699                log_putchar
                0x000000000001a714                log_puts
                0x000000000001a73c                log_printf
 .text          0x000000000001a7ba      0x2b9 build/cooja/mtype963.a(cfs-cooja.o)
                0x000000000001a7ba                cfs_open
                0x000000000001a823                cfs_close
                0x000000000001a830                cfs_read
                0x000000000001a8c5                cfs_write
                0x000000000001a9a1                cfs_seek
                0x000000000001aa29                cfs_remove
                0x000000000001aa4d                cfs_opendir
                0x000000000001aa57                cfs_readdir
                0x000000000001aa61                cfs_closedir
 .text          0x000000000001aa73      0x7ba build/cooja/mtype963.a(cooja-radio.o)
                0x000000000001ac07                radio_set_channel
                0x000000000001ac15                radio_set_txpower
                0x000000000001ac2d                radio_signal_strength_last
                0x000000000001ac37                radio_signal_strength_current
                0x000000000001ac41                radio_LQI
 .text          0x000000000001b22d       0xee build/cooja/mtype963.a(eeprom.o)
                0x000000000001b22d                eeprom_init
                0x000000000001b233                eeprom_read
                0x000000000001b2a1                eeprom_write
 .text          0x000000000001b31b       0x2d build/cooja/mtype963.a(random.o)
                0x000000000001b31b                random_init
                0x000000000001b33b                random_rand
 .text          0x000000000001b348      0x29c build/cooja/mtype963.a(sensors.o)
                0x000000000001b383                sensors_first
                0x000000000001b38d                sensors_next
                0x000000000001b3a7                sensors_changed
                0x000000000001b3db                sensors_find
 .text          0x000000000001b5e4      0x349 build/cooja/mtype963.a(leds.o)
                0x000000000001b5e4                leds_init
                0x000000000001b62b                leds_single_on
                0x000000000001b68a                leds_single_off
                0x000000000001b6e9                leds_single_toggle
                0x000000000001b71b                leds_on
                0x000000000001b79d                leds_off
                0x000000000001b81f                leds_toggle
                0x000000000001b874                leds_set
                0x000000000001b8a0                leds_get
 .text          0x000000000001b92d      0x343 build/cooja/mtype963.a(gpio-hal-arch.o)
                0x000000000001b92d                gpio_hal_arch_register_pin_callback
                0x000000000001b999                gpio_hal_arch_init
                0x000000000001b9de                gpio_hal_arch_no_port_interrupt_enable
                0x000000000001ba0e                gpio_hal_arch_no_port_interrupt_disable
                0x000000000001ba3e                gpio_hal_arch_no_port_pin_cfg_set
                0x000000000001ba63                gpio_hal_arch_no_port_pin_cfg_get
                0x000000000001ba89                gpio_hal_arch_no_port_pin_set_input
                0x000000000001ba9b                gpio_hal_arch_no_port_pin_set_output
                0x000000000001baad                gpio_hal_arch_no_port_set_pin
                0x000000000001bace                gpio_hal_arch_no_port_clear_pin
                0x000000000001baef                gpio_hal_arch_no_port_read_pin
                0x000000000001bb15                gpio_hal_arch_no_port_write_pin
                0x000000000001bb3f                gpio_hal_arch_no_port_set_pins
                0x000000000001bb86                gpio_hal_arch_no_port_clear_pins
                0x000000000001bbcd                gpio_hal_arch_no_port_read_pins
                0x000000000001bc10                gpio_hal_arch_no_port_write_pins
 .text          0x000000000001bc70       0x89 build/cooja/mtype963.a(buttons.o)
 .text          0x000000000001bcf9      0x332 build/cooja/mtype963.a(contiki-main.o)
                0x000000000001bcf9                main
 .text          0x000000000001c02b       0x92 build/cooja/mtype963.a(autostart.o)
                0x000000000001c02b                autostart_start
                0x000000000001c075                autostart_exit
 .text          0x000000000001c0bd      0x355 build/cooja/mtype963.a(ctimer.o)
                0x000000000001c1e5                ctimer_init
                0x000000000001c218                ctimer_set
                0x000000000001c23e                ctimer_set_with_process
                0x000000000001c2bb                ctimer_reset
                0x000000000001c30f                ctimer_restart
                0x000000000001c363                ctimer_stop
                0x000000000001c3b3                ctimer_expired
 .text          0x000000000001c412      0x3d7 build/cooja/mtype963.a(log.o)
                0x000000000001c412                log_6addr
                0x000000000001c465                log_6addr_compact_snprint
                0x000000000001c503                log_6addr_compact
                0x000000000001c556                log_lladdr
                0x000000000001c5c8                log_lladdr_compact
                0x000000000001c630                log_bytes
                0x000000000001c673                log_set_level
                0x000000000001c72e                log_get_level
                0x000000000001c7a7                log_level_to_str
 .text          0x000000000001c7e9      0x198 build/cooja/mtype963.a(energest.o)
                0x000000000001c838                energest_init
                0x000000000001c8a7                energest_flush
                0x000000000001c942                energest_get_total_time
 .text          0x000000000001c981      0x43f build/cooja/mtype963.a(etimer.o)
                0x000000000001cba5                etimer_request_poll
                0x000000000001cc2e                etimer_set
                0x000000000001cc57                etimer_reset_with_new_interval
                0x000000000001cc86                etimer_reset
                0x000000000001ccac                etimer_restart
                0x000000000001ccd2                etimer_adjust
                0x000000000001ccef                etimer_expired
                0x000000000001cd02                etimer_expiration_time
                0x000000000001cd14                etimer_start_time
                0x000000000001cd1e                etimer_pending
                0x000000000001cd30                etimer_next_expiration_time
                0x000000000001cd4a                etimer_stop
 .text          0x000000000001cdc0       0x25 build/cooja/mtype963.a(node-id.o)
                0x000000000001cdc0                node_id_init
 .text          0x000000000001cde5       0xeb build/cooja/mtype963.a(rtimer.o)
                0x000000000001cde5                rtimer_init
                0x000000000001cdf3                rtimer_set
                0x000000000001ce6e                rtimer_run_next
 .text          0x000000000001ced0      0x4fb build/cooja/mtype963.a(process.o)
                0x000000000001ced0                process_alloc_event
                0x000000000001cee5                process_start
                0x000000000001d0bf                process_exit
                0x000000000001d0dc                process_init
                0x000000000001d271                process_run
                0x000000000001d2a4                process_nevents
                0x000000000001d2bf                process_post
                0x000000000001d352                process_post_synch
                0x000000000001d387                process_poll
                0x000000000001d3b7                process_is_running
 .text          0x000000000001d3cb       0xb1 build/cooja/mtype963.a(timer.o)
                0x000000000001d3cb                timer_set
                0x000000000001d3e9                timer_reset
                0x000000000001d416                timer_restart
                0x000000000001d42b                timer_expired
                0x000000000001d458                timer_remaining
 .text          0x000000000001d47c      0x28f build/cooja/mtype963.a(list.o)
                0x000000000001d47c                list_init
                0x000000000001d48b                list_head
                0x000000000001d495                list_copy
                0x000000000001d4a5                list_tail
                0x000000000001d4db                list_add
                0x000000000001d527                list_push
                0x000000000001d553                list_chop
                0x000000000001d5bd                list_pop
                0x000000000001d5e5                list_remove
                0x000000000001d64d                list_length
                0x000000000001d67b                list_insert
                0x000000000001d6c0                list_item_next
                0x000000000001d6d7                list_contains
 .text          0x000000000001d70b      0x493 build/cooja/mtype963.a(button-hal.o)
                0x000000000001d897                button_hal_get_by_id
                0x000000000001d8d5                button_hal_get_by_index
                0x000000000001d901                button_hal_get_state
                0x000000000001d953                button_hal_init
 .text          0x000000000001db9e      0x1f3 build/cooja/mtype963.a(serial-line.o)
                0x000000000001db9e                serial_line_input_byte
                0x000000000001dd5c                serial_line_init
 .text          0x000000000001dd91      0x168 build/cooja/mtype963.a(gpio-hal.o)
                0x000000000001dd91                gpio_hal_register_handler
                0x000000000001ddae                gpio_hal_event_handler
                0x000000000001de0a                gpio_hal_init
                0x000000000001de29                gpio_hal_arch_port_toggle_pin
                0x000000000001de65                gpio_hal_arch_port_toggle_pins
                0x000000000001de93                gpio_hal_arch_no_port_toggle_pin
                0x000000000001ded1                gpio_hal_arch_no_port_toggle_pins
 .text          0x000000000001def9      0x2e7 build/cooja/mtype963.a(queuebuf.o)
                0x000000000001df03                queuebuf_init
                0x000000000001df2c                queuebuf_numfree
                0x000000000001df44                queuebuf_new_from_packetbuf
                0x000000000001dfe3                queuebuf_update_attr_from_packetbuf
                0x000000000001e018                queuebuf_update_from_packetbuf
                0x000000000001e068                queuebuf_free
                0x000000000001e0b1                queuebuf_to_packetbuf
                0x000000000001e11d                queuebuf_dataptr
                0x000000000001e157                queuebuf_datalen
                0x000000000001e17a                queuebuf_addr
                0x000000000001e1af                queuebuf_attr
                0x000000000001e1da                queuebuf_debug_print
 .text          0x000000000001e1e0      0x407 build/cooja/mtype963.a(packetbuf.o)
                0x000000000001e1e0                packetbuf_clear
                0x000000000001e20b                packetbuf_copyfrom
                0x000000000001e25a                packetbuf_copyto
                0x000000000001e2ed                packetbuf_hdralloc
                0x000000000001e369                packetbuf_hdrreduce
                0x000000000001e3af                packetbuf_set_datalen
                0x000000000001e3c9                packetbuf_dataptr
                0x000000000001e3e6                packetbuf_hdrptr
                0x000000000001e3f0                packetbuf_datalen
                0x000000000001e3fc                packetbuf_hdrlen
                0x000000000001e413                packetbuf_totlen
                0x000000000001e429                packetbuf_remaininglen
                0x000000000001e43c                packetbuf_attr_clear
                0x000000000001e488                packetbuf_attr_copyto
                0x000000000001e4e0                packetbuf_attr_copyfrom
                0x000000000001e538                packetbuf_set_attr
                0x000000000001e562                packetbuf_attr
                0x000000000001e57c                packetbuf_set_addr
                0x000000000001e5ad                packetbuf_addr
                0x000000000001e5ca                packetbuf_holds_broadcast
 .text          0x000000000001e5e7       0xef build/cooja/mtype963.a(netstack.o)
                0x000000000001e5e7                netstack_process_ip_callback
                0x000000000001e678                netstack_ip_packet_processor_add
                0x000000000001e69b                uip_ds6_ip_packet_processor_rm
                0x000000000001e6b8                netstack_init
 .text          0x000000000001e6d6       0x4f build/cooja/mtype963.a(linkaddr.o)
                0x000000000001e6d6                linkaddr_copy
                0x000000000001e6ec                linkaddr_cmp
                0x000000000001e70f                linkaddr_set_node_addr
 .text          0x000000000001e725     0x2f43 build/cooja/mtype963.a(tsch-schedule.o)
                0x000000000001e725                tsch_schedule_add_slotframe
                0x000000000001e85a                tsch_schedule_remove_all_slotframes
                0x000000000001e89c                tsch_schedule_remove_slotframe
                0x000000000001e967                tsch_schedule_get_slotframe_by_handle
                0x000000000001e9c3                tsch_schedule_get_link_by_handle
                0x000000000001eb64                tsch_schedule_add_link
                0x000000000001ef3a                tsch_schedule_remove_link
                0x000000000001f155                tsch_schedule_remove_link_by_timeslot
                0x000000000001f1ee                tsch_schedule_get_link_by_timeslot
                0x000000000001f333                tsch_schedule_get_next_active_link
                0x000000000001f5a8                tsch_schedule_init
                0x000000000001f605                tsch_schedule_create_minimal
                0x000000000001f642                tsch_schedule_slotframe_head
                0x000000000001f65b                tsch_schedule_slotframe_next
                0x000000000001f671                tsch_schedule_print
                0x000000000001f841                executa
                0x000000000001f9a4                verify_packs
                0x000000000001fb0d                alocaPacotes2
                0x000000000001fbaa                tsch_num_nos
                0x000000000001fbbc                tsch_write_in_file
                0x000000000001fc18                count_lines
                0x000000000001fc91                count_sent_packs
                0x000000000001fd0b                count_packs
                0x000000000001fdfa                SCHEDULE_static
                0x0000000000020dc3                rx_schedule_intern
                0x0000000000020fa2                find_neighbor_to_Rx
                0x00000000000212bf                tsch_get_same_link
                0x0000000000021334                setZero_Id_reception
                0x000000000002135f                fill_id
                0x00000000000213aa                verify_link_by_id
                0x0000000000021432                sort_node_to_create_link
                0x000000000002147b                list_init_nbr
                0x00000000000214a5                tsch_print_neighbors
                0x00000000000214f6                show_nbr
                0x0000000000021585                change_slotframe
                0x00000000000215cb                verify_in_topology
 .text          0x0000000000021668     0x2003 build/cooja/mtype963.a(tsch-slot-opera)
                0x0000000000021692                tsch_is_locked
                0x000000000002169c                tsch_get_lock
                0x00000000000217a0                tsch_release_lock
                0x0000000000021b70                tsch_get_network_uptime_ticks
                0x00000000000234b9                tsch_slot_operation_start
                0x00000000000235f2                tsch_slot_operation_sync
 .text          0x000000000002366b      0x743 build/cooja/mtype963.a(conf.o)
                0x000000000002366b                DCFL
                0x00000000000237a2                geraMaching
                0x0000000000023a77                mapGraphConf
                0x0000000000023af4                fazMatrizConf
 .text          0x0000000000023dae      0x3e1 build/cooja/mtype963.a(tsch-adaptive-t)
                0x0000000000023dae                tsch_adaptive_timesync_get_drift_ppm
                0x0000000000023f42                tsch_timesync_update
                0x00000000000240f6                tsch_timesync_adaptive_compensate
                0x000000000002415a                tsch_adaptive_timesync_reset
 .text          0x000000000002418f      0x9d1 build/cooja/mtype963.a(tsch-packet.o)
                0x000000000002418f                tsch_packet_eackbuf_set_attr
                0x00000000000241b5                tsch_packet_eackbuf_attr
                0x00000000000241cf                tsch_packet_create_eack
                0x00000000000243ad                tsch_packet_parse_eack
                0x000000000002454f                tsch_packet_create_eb
                0x0000000000024830                tsch_packet_update_eb
                0x00000000000248a9                tsch_packet_parse_eb
                0x0000000000024b36                tsch_packet_set_frame_pending
                0x0000000000024b4c                tsch_packet_get_frame_pending
 .text          0x0000000000024b60     0x26c0 build/cooja/mtype963.a(tsch.o)
                0x0000000000024b60                tsch_set_coordinator
                0x0000000000024b95                tsch_set_pan_secured
                0x0000000000024ba5                tsch_set_join_priority
                0x0000000000024bbd                tsch_set_ka_timeout
                0x0000000000024bdb                tsch_set_eb_period
                0x00000000000250b2                tsch_schedule_keepalive
                0x0000000000025825                tsch_disassociate
                0x0000000000025f49                tsch_scan
 .text          0x0000000000027220      0x58b build/cooja/mtype963.a(tsch-log.o)
                0x0000000000027220                tsch_log_process_pending
                0x0000000000027694                tsch_log_prepare_add
                0x0000000000027728                tsch_log_commit
                0x000000000002775b                tsch_log_init
                0x0000000000027789                tsch_log_stop
 .text          0x00000000000277ab      0xc11 build/cooja/mtype963.a(uip-ds6.o)
                0x00000000000277ab                uip_ds6_default_prefix
                0x00000000000277b5                uip_ds6_set_default_prefix
                0x00000000000277e0                uip_ds6_init
                0x0000000000027a42                uip_ds6_periodic
                0x0000000000027ac9                uip_ds6_list_loop
                0x0000000000027b89                uip_ds6_prefix_add
                0x0000000000027c35                uip_ds6_prefix_rm
                0x0000000000027c48                uip_ds6_prefix_lookup
                0x0000000000027c87                uip_ds6_is_addr_onlink
                0x0000000000027cfa                uip_ds6_addr_add
                0x0000000000027e1a                uip_ds6_addr_rm
                0x0000000000027ec3                uip_ds6_addr_lookup
                0x0000000000027efc                uip_ds6_get_link_local
                0x0000000000027f7d                uip_ds6_get_global
                0x0000000000027ffe                uip_ds6_maddr_add
                0x000000000002805e                uip_ds6_maddr_rm
                0x0000000000028071                uip_ds6_maddr_lookup
                0x00000000000280aa                uip_ds6_aaddr_add
                0x000000000002810a                uip_ds6_aaddr_rm
                0x000000000002811d                uip_ds6_aaddr_lookup
                0x0000000000028156                uip_ds6_select_src
                0x000000000002829f                uip_ds6_set_addr_iid
                0x00000000000282ca                uip_ds6_set_lladdr_from_iid
                0x00000000000282f3                get_match_length
                0x0000000000028384                uip_ds6_compute_reachable_time
 .text          0x00000000000283bc      0x4d1 build/cooja/mtype963.a(uiplib.o)
                0x00000000000283bc                uiplib_ip6addrconv
                0x0000000000028574                uiplib_ip4addrconv
                0x0000000000028637                uiplib_ipaddr_print
                0x000000000002868a                uiplib_ipaddr_snprint
 .text          0x000000000002888d      0x94f build/cooja/mtype963.a(tcpip.o)
                0x00000000000288a7                tcpip_output
                0x0000000000028926                udp_attach
                0x000000000002893e                udp_new
                0x0000000000028988                udp_broadcast_new
                0x0000000000028afa                tcpip_input
                0x0000000000028d59                tcpip_ipv6_output
                0x00000000000290d6                tcpip_poll_udp
                0x00000000000290f4                tcpip_uipcall
 .text          0x00000000000291dc      0xbdc build/cooja/mtype963.a(uip-ds6-route.o)
                0x00000000000292c6                uip_ds6_notification_add
                0x00000000000292f8                uip_ds6_notification_rm
                0x0000000000029315                uip_ds6_route_init
                0x00000000000293b4                uip_ds6_route_nexthop
                0x00000000000293e3                uip_ds6_route_head
                0x00000000000293fc                uip_ds6_route_next
                0x0000000000029425                uip_ds6_route_is_nexthop
                0x0000000000029467                uip_ds6_route_num_routes
                0x0000000000029471                uip_ds6_route_lookup
                0x0000000000029582                uip_ds6_route_add
                0x00000000000298c1                uip_ds6_route_rm
                0x0000000000029a5f                uip_ds6_route_rm_by_nexthop
                0x0000000000029a9e                uip_ds6_defrt_head
                0x0000000000029ab7                uip_ds6_defrt_add
                0x0000000000029bdf                uip_ds6_defrt_rm
                0x0000000000029c60                uip_ds6_defrt_lookup
                0x0000000000029cc7                uip_ds6_defrt_choose
                0x0000000000029d3d                uip_ds6_defrt_periodic
 .text          0x0000000000029db8     0x166e build/cooja/mtype963.a(uip6.o)
                0x0000000000029e67                uip_chksum
                0x0000000000029f3e                uip_icmp6chksum
                0x0000000000029f53                uip_udpchksum
                0x0000000000029f68                uip_init
                0x0000000000029fb1                uip_remove_ext_hdr
                0x000000000002a0be                uip_udp_new
                0x000000000002a438                uip_process
                0x000000000002b303                uip_htons
                0x000000000002b325                uip_htonl
                0x000000000002b363                uip_send
 .text          0x000000000002b426      0x47c build/cooja/mtype963.a(uip-ds6-nbr.o)
                0x000000000002b426                uip_ds6_neighbors_init
                0x000000000002b44a                uip_ds6_nbr_add
                0x000000000002b4d0                uip_ds6_nbr_rm
                0x000000000002b51b                uip_ds6_nbr_update_ll
                0x000000000002b71c                uip_ds6_nbr_get_ipaddr
                0x000000000002b731                uip_ds6_nbr_get_ll
                0x000000000002b74d                uip_ds6_nbr_num
                0x000000000002b796                uip_ds6_nbr_head
                0x000000000002b7af                uip_ds6_nbr_next
                0x000000000002b7cb                uip_ds6_nbr_lookup
                0x000000000002b823                uip_ds6_nbr_ll_lookup
                0x000000000002b83f                uip_ds6_nbr_ipaddr_from_lladdr
                0x000000000002b868                uip_ds6_nbr_lladdr_from_ipaddr
                0x000000000002b89c                uip_ds6_link_callback
 .text          0x000000000002b8a2      0x80d build/cooja/mtype963.a(uip-nd6.o)
                0x000000000002c096                uip_nd6_init
 .text          0x000000000002c0af      0x3b0 build/cooja/mtype963.a(simple-udp.o)
                0x000000000002c0dc                simple_udp_send
                0x000000000002c13f                simple_udp_sendto
                0x000000000002c19a                simple_udp_sendto_port
                0x000000000002c1f3                simple_udp_register
 .text          0x000000000002c45f     0x2dd1 build/cooja/mtype963.a(sicslowpan.o)
                0x000000000002c45f                netstack_sniffer_add
                0x000000000002c46d                netstack_sniffer_remove
                0x000000000002f204                sicslowpan_init
                0x000000000002f226                sicslowpan_get_last_rssi
 .text          0x000000000002f230      0x4fd build/cooja/mtype963.a(rpl.o)
                0x000000000002f230                rpl_lollipop_greater_than
                0x000000000002f28a                rpl_get_global_address
                0x000000000002f382                rpl_link_callback
                0x000000000002f3c6                rpl_has_joined
                0x000000000002f3eb                rpl_is_reachable
                0x000000000002f46c                rpl_reset_prefix
                0x000000000002f4d6                rpl_set_prefix_from_addr
                0x000000000002f5ef                rpl_set_prefix
                0x000000000002f709                rpl_set_leaf_only
                0x000000000002f721                rpl_get_leaf_only
 .text          0x000000000002f72d     0x182c build/cooja/mtype963.a(rpl-icmp6.o)
                0x000000000002f852                rpl_icmp6_update_nbr_table
                0x000000000002f9bd                rpl_icmp6_dis_output
                0x00000000000301e5                rpl_icmp6_dio_output
                0x0000000000030ad9                rpl_icmp6_dao_output
                0x0000000000030ea0                rpl_icmp6_dao_ack_output
                0x0000000000030f10                rpl_icmp6_init
 .text          0x0000000000030f59     0x1483 build/cooja/mtype963.a(rpl-dag.o)
                0x0000000000030f59                rpl_dag_state_to_str
                0x0000000000030f98                rpl_dag_get_root_ipaddr
                0x0000000000030fe0                rpl_dag_leave
                0x0000000000031069                rpl_dag_poison_and_leave
                0x0000000000031081                rpl_dag_periodic
                0x000000000003117f                rpl_is_addr_in_our_dag
                0x00000000000311c3                rpl_get_default_instance
                0x00000000000311df                rpl_get_any_dag
                0x0000000000031238                rpl_refresh_routes
                0x00000000000312ba                rpl_global_repair
                0x00000000000313eb                rpl_local_repair
                0x000000000003146c                rpl_dag_ready_to_advertise
                0x00000000000314af                rpl_dag_update_state
                0x0000000000031fc2                rpl_process_dio
                0x0000000000032076                rpl_process_dis
                0x00000000000320bb                rpl_process_dao
                0x000000000003217f                rpl_process_dao_ack
                0x0000000000032258                rpl_process_hbh
                0x00000000000322a8                rpl_dag_init_root
                0x00000000000323bc                rpl_dag_init
 .text          0x00000000000323dc      0x297 build/cooja/mtype963.a(rpl-dag-root.o)
                0x00000000000323dc                rpl_dag_root_print_links
                0x0000000000032508                rpl_dag_root_set_prefix
                0x0000000000032534                rpl_dag_root_start
                0x0000000000032644                rpl_dag_root_is_root
 .text          0x0000000000032673       0x30 build/cooja/mtype963.a(watchdog.o)
                0x0000000000032673                watchdog_init
                0x0000000000032679                watchdog_start
                0x000000000003267f                watchdog_periodic
                0x0000000000032697                watchdog_stop
                0x000000000003269d                watchdog_reboot
 .text          0x00000000000326a3       0x4a build/cooja/mtype963.a(int-master.o)
                0x00000000000326a3                int_master_enable
                0x00000000000326b3                int_master_read_and_disable
                0x00000000000326d0                int_master_status_set
                0x00000000000326de                int_master_is_enabled
 .text          0x00000000000326ed       0xd8 build/cooja/mtype963.a(serial-shell.o)
                0x00000000000327aa                serial_shell_init
 .text          0x00000000000327c5       0xc7 build/cooja/mtype963.a(stimer.o)
                0x00000000000327c5                stimer_set
                0x00000000000327e3                stimer_reset
                0x0000000000032810                stimer_restart
                0x0000000000032825                stimer_expired
                0x0000000000032850                stimer_remaining
                0x0000000000032874                stimer_elapsed
 .text          0x000000000003288c      0x1e9 build/cooja/mtype963.a(ringbufindex.o)
                0x000000000003288c                ringbufindex_init
                0x00000000000328b5                ringbufindex_put
                0x0000000000032910                ringbufindex_peek_put
                0x0000000000032954                ringbufindex_get
                0x00000000000329b4                ringbufindex_peek_get
                0x00000000000329ef                ringbufindex_size
                0x0000000000032a00                ringbufindex_elements
                0x0000000000032a26                ringbufindex_full
                0x0000000000032a5d                ringbufindex_empty
 .text          0x0000000000032a75      0x1b5 build/cooja/mtype963.a(memb.o)
                0x0000000000032a75                memb_init
                0x0000000000032aca                memb_alloc
                0x0000000000032b2d                memb_free
                0x0000000000032ba4                memb_inmemb
                0x0000000000032be3                memb_numfree
 .text          0x0000000000032c2a      0x156 build/cooja/mtype963.a(ringbuf.o)
                0x0000000000032c2a                ringbuf_init
                0x0000000000032c5c                ringbuf_put
                0x0000000000032cda                ringbuf_get
                0x0000000000032d47                ringbuf_size
                0x0000000000032d59                ringbuf_elements
 .text          0x0000000000032d80      0x79b build/cooja/mtype963.a(nbr-table.o)
                0x00000000000331f9                nbr_table_register
                0x0000000000033266                nbr_table_is_registered
                0x00000000000332a1                nbr_table_head
                0x00000000000332fc                nbr_table_next
                0x000000000003335d                nbr_table_add_lladdr
                0x0000000000033437                nbr_table_get_from_lladdr
                0x0000000000033483                nbr_table_remove
                0x00000000000334bb                nbr_table_lock
                0x00000000000334d5                nbr_table_unlock
                0x00000000000334ef                nbr_table_get_lladdr
 .text          0x000000000003351b      0x3a5 build/cooja/mtype963.a(link-stats.o)
                0x000000000003351b                link_stats_from_lladdr
                0x0000000000033537                link_stats_get_lladdr
                0x0000000000033553                link_stats_is_fresh
                0x000000000003358f                guess_etx_from_rssi
                0x000000000003360b                link_stats_packet_sent
                0x000000000003372b                link_stats_input_callback
                0x000000000003383b                link_stats_reset
                0x000000000003388b                link_stats_init
 .text          0x00000000000338c0      0x187 build/cooja/mtype963.a(mac-sequence.o)
                0x00000000000338c0                mac_sequence_is_duplicate
                0x0000000000033960                mac_sequence_register_seqno
 .text          0x0000000000033a47       0x23 build/cooja/mtype963.a(mac.o)
                0x0000000000033a47                mac_call_sent_callback
 .text          0x0000000000033a6a     0x1030 build/cooja/mtype963.a(frame802154e-ie)
                0x0000000000033b77                frame80215e_create_ie_header_ack_nack_time_correction
                0x0000000000033bf7                frame80215e_create_ie_header_list_termination_1
                0x0000000000033c33                frame80215e_create_ie_header_list_termination_2
                0x0000000000033c6f                frame80215e_create_ie_payload_list_termination
                0x0000000000033cab                frame80215e_create_ie_mlme
                0x0000000000033cf0                frame80215e_create_ie_tsch_synchronization
                0x0000000000033d8c                frame80215e_create_ie_tsch_slotframe_and_link
                0x0000000000033f5d                frame80215e_create_ie_tsch_timeslot
                0x0000000000034026                frame80215e_create_ie_tsch_channel_hopping_sequence
                0x00000000000345af                frame802154e_parse_information_elements
 .text          0x0000000000034a9a      0x4a8 build/cooja/mtype963.a(framer-802154.o)
                0x0000000000034c5f                framer_802154_setup_params
 .text          0x0000000000034f42      0xb6f build/cooja/mtype963.a(frame802154.o)
                0x0000000000034f73                frame802154_get_pan_id
                0x0000000000034f7f                frame802154_set_pan_id
                0x0000000000034f99                frame802154_has_panid
                0x0000000000035148                frame802154_check_dest_panid
                0x00000000000351d0                frame802154_is_broadcast_addr
                0x000000000003521d                frame802154_extract_linkaddr
                0x0000000000035482                frame802154_hdrlen
                0x00000000000354f5                frame802154_create_fcf
                0x00000000000355ad                frame802154_create
                0x0000000000035722                frame802154_parse_fcf
                0x0000000000035804                frame802154_parse
 .text          0x0000000000035ab1      0xb2b build/cooja/mtype963.a(tsch-queue.o)
                0x0000000000035ab1                tsch_queue_add_nbr
                0x0000000000035ba0                tsch_queue_get_nbr
                0x0000000000035bcc                tsch_queue_get_time_source
                0x0000000000035c25                tsch_queue_get_nbr_address
                0x0000000000035c41                tsch_queue_update_time_source
                0x0000000000035e8d                tsch_queue_add_packet
                0x0000000000036033                tsch_queue_global_packet_count
                0x0000000000036054                tsch_queue_nbr_packet_count
                0x000000000003607d                tsch_queue_remove_packet_from_queue
                0x00000000000360cc                tsch_queue_free_packet
                0x00000000000360ff                tsch_queue_packet_sent
                0x00000000000361c2                tsch_queue_reset
                0x0000000000036229                tsch_queue_free_unused_neighbors
                0x00000000000362b4                tsch_queue_is_empty
                0x00000000000362ef                tsch_queue_get_packet_for_nbr
                0x0000000000036375                tsch_queue_get_packet_for_dest_addr
                0x00000000000363aa                tsch_queue_get_unicast_packet_for_any
                0x000000000003643c                tsch_queue_backoff_expired
                0x0000000000036450                tsch_queue_backoff_reset
                0x0000000000036464                tsch_queue_backoff_inc
                0x00000000000364cf                tsch_queue_update_all_backoff_windows
                0x0000000000036586                tsch_queue_init
 .text          0x00000000000365dc        0x0 build/cooja/mtype963.a(tsch-timeslot-t)
 .text          0x00000000000365dc      0x644 build/cooja/mtype963.a(tsch-security.o)
                0x00000000000366f4                tsch_security_mic_len
                0x0000000000036729                tsch_security_secure_frame
                0x00000000000369a6                tsch_security_parse_frame
                0x0000000000036c11                tsch_security_set_packetbuf_attr
 .text          0x0000000000036c20      0x135 build/cooja/mtype963.a(tsch-rpl.o)
                0x0000000000036c20                tsch_rpl_callback_ka_sent
                0x0000000000036c4f                tsch_rpl_callback_joining_network
                0x0000000000036c55                tsch_rpl_callback_leaving_network
                0x0000000000036c75                tsch_rpl_callback_new_dio_interval
                0x0000000000036d0d                tsch_rpl_callback_parent_switch
                0x0000000000036d46                tsch_rpl_check_dodag_joined
 .text          0x0000000000036d55      0x4e4 build/cooja/mtype963.a(uipbuf.o)
                0x0000000000036d55                uipbuf_clear
                0x0000000000036d7c                uipbuf_add_ext_hdr
                0x0000000000036dfc                uipbuf_set_len
                0x0000000000036e29                uipbuf_set_len_field
                0x0000000000036e55                uipbuf_get_len_field
                0x0000000000036e75                uipbuf_get_next_header
                0x0000000000036fa7                uipbuf_get_last_header
                0x0000000000037020                uipbuf_search_header
                0x00000000000370d6                uipbuf_get_attr
                0x00000000000370fd                uipbuf_set_attr
                0x0000000000037134                uipbuf_set_default_attr
                0x000000000003716b                uipbuf_clear_attr
                0x000000000003718f                uipbuf_set_attr_flag
                0x00000000000371b0                uipbuf_clr_attr_flag
                0x00000000000371d7                uipbuf_is_attr_flag
                0x00000000000371fb                uipbuf_init
 .text          0x0000000000037239      0x85b build/cooja/mtype963.a(uip-icmp6.o)
                0x00000000000372ae                uip_icmp6_input
                0x0000000000037305                uip_icmp6_register_input_handler
                0x0000000000037458                uip_icmp6_error_output
                0x00000000000377ed                uip_icmp6_send
                0x0000000000037a1c                uip_icmp6_echo_reply_callback_add
                0x0000000000037a4e                uip_icmp6_echo_reply_callback_rm
                0x0000000000037a6b                uip_icmp6_init
 .text          0x0000000000037a94      0x735 build/cooja/mtype963.a(uip-sr.o)
                0x0000000000037a94                uip_sr_num_nodes
                0x0000000000037b22                uip_sr_get_node
                0x0000000000037b79                uip_sr_is_addr_reachable
                0x0000000000037c27                uip_sr_expire_parent
                0x0000000000037c70                uip_sr_update_node
                0x0000000000037e3a                uip_sr_init
                0x0000000000037e6e                uip_sr_node_head
                0x0000000000037e87                uip_sr_node_next
                0x0000000000037e9d                uip_sr_periodic
                0x0000000000037fa3                uip_sr_free_all
                0x0000000000038013                uip_sr_link_snprint
 .text          0x00000000000381c9      0x146 build/cooja/mtype963.a(uip-packetqueue)
                0x00000000000381f7                uip_packetqueue_new
                0x0000000000038206                uip_packetqueue_alloc
                0x0000000000038261                uip_packetqueue_free
                0x00000000000382a8                uip_packetqueue_buf
                0x00000000000382c5                uip_packetqueue_buflen
                0x00000000000382e6                uip_packetqueue_set_buflen
 .text          0x000000000003830f      0x125 build/cooja/mtype963.a(uip-udp-packet.)
                0x000000000003830f                uip_udp_packet_send
                0x0000000000038367                uip_udp_packet_sendto
 .text          0x0000000000038434      0x1ef build/cooja/mtype963.a(rpl-nbr-policy.)
                0x00000000000385e0                rpl_nbr_policy_find_removable
 .text          0x0000000000038623      0x929 build/cooja/mtype963.a(rpl-neighbor.o)
                0x000000000003869f                rpl_neighbor_snprint
                0x0000000000038952                rpl_neighbor_print_list
                0x0000000000038a07                rpl_neighbor_count
                0x0000000000038aae                rpl_neighbor_get_from_lladdr
                0x0000000000038aca                rpl_neighbor_is_acceptable_parent
                0x0000000000038afe                rpl_neighbor_get_link_metric
                0x0000000000038b32                rpl_neighbor_rank_via_nbr
                0x0000000000038b66                rpl_neighbor_get_lladdr
                0x0000000000038b82                rpl_neighbor_get_ipaddr
                0x0000000000038ba9                rpl_neighbor_get_link_stats
                0x0000000000038bd0                rpl_neighbor_is_fresh
                0x0000000000038bf7                rpl_neighbor_is_reachable
                0x0000000000038c42                rpl_neighbor_is_parent
                0x0000000000038c6c                rpl_neighbor_set_preferred_parent
                0x0000000000038d17                rpl_neighbor_remove_all
                0x0000000000038d73                rpl_neighbor_get_from_ipaddr
                0x0000000000038e81                rpl_neighbor_select_best
                0x0000000000038f2d                rpl_neighbor_init
 .text          0x0000000000038f4c      0xa14 build/cooja/mtype963.a(rpl-timers.o)
                0x0000000000038f4c                rpl_timers_schedule_periodic_dis
                0x00000000000390c7                rpl_timers_dio_reset
                0x00000000000391d5                rpl_timers_schedule_unicast_dio
                0x0000000000039329                rpl_timers_schedule_dao
                0x00000000000393e8                rpl_timers_schedule_dao_ack
                0x000000000003946e                rpl_timers_notify_dao_ack
                0x00000000000394cc                get_probing_delay
                0x0000000000039500                get_probing_target
                0x00000000000396ea                rpl_schedule_probing
                0x0000000000039718                rpl_schedule_probing_now
                0x0000000000039782                rpl_timers_unschedule_leaving
                0x00000000000397ba                rpl_timers_schedule_leaving
                0x00000000000397fb                rpl_timers_init
                0x000000000003988b                rpl_timers_stop_dag_timers
                0x0000000000039904                rpl_timers_unschedule_state_update
                0x0000000000039928                rpl_timers_schedule_state_update
 .text          0x0000000000039960      0xe56 build/cooja/mtype963.a(rpl-ext-header.)
                0x0000000000039960                rpl_ext_header_srh_get_next_hop
                0x0000000000039a47                rpl_ext_header_srh_update
                0x000000000003a10b                rpl_ext_header_hbh_update
                0x000000000003a57b                rpl_ext_header_update
                0x000000000003a604                rpl_ext_header_remove
 .text          0x000000000003a7b6      0x31b build/cooja/mtype963.a(rpl-mrhof.o)
 .text          0x000000000003aad1      0x40e build/cooja/mtype963.a(shell.o)
                0x000000000003aad1                shell_output_6addr
                0x000000000003ab5a                shell_output_lladdr
                0x000000000003ad01                shell_input
                0x000000000003aed1                shell_init
 .text          0x000000000003aedf     0x2e16 build/cooja/mtype963.a(shell-commands.)
                0x000000000003dbe1                shell_commands_init
                0x000000000003dc26                shell_command_set_register
                0x000000000003dc43                shell_command_set_deregister
                0x000000000003dc86                shell_command_lookup
 .text          0x000000000003dcf5      0x467 build/cooja/mtype963.a(ccm-star.o)
 .text          0x000000000003e15c      0x586 build/cooja/mtype963.a(aes-128.o)
 *fill*         0x000000000003e6e2        0xe 
 .text          0x000000000003e6f0      0x16a /usr/lib/gcc/i686-linux-gnu/5/libgcc.a(_divdi3.o)
                0x000000000003e6f0                __divdi3
 *fill*         0x000000000003e85a        0x6 
 .text          0x000000000003e860      0x122 /usr/lib/gcc/i686-linux-gnu/5/libgcc.a(_udivdi3.o)
                0x000000000003e860                __udivdi3
 .text          0x000000000003e982        0x0 /usr/lib/gcc/i686-linux-gnu/5/crtendS.o
 .text          0x000000000003e982        0x0 /usr/lib/gcc/i686-linux-gnu/5/../../../i386-linux-gnu/crtn.o
 *(.gnu.warning)

.fini           0x000000000003e984       0x14
 *(SORT(.fini))
 .fini          0x000000000003e984        0xf /usr/lib/gcc/i686-linux-gnu/5/../../../i386-linux-gnu/crti.o
                0x000000000003e984                _fini
 .fini          0x000000000003e993        0x5 /usr/lib/gcc/i686-linux-gnu/5/../../../i386-linux-gnu/crtn.o
                [!provide]                        PROVIDE (__etext, .)
                [!provide]                        PROVIDE (_etext, .)
                [!provide]                        PROVIDE (etext, .)

.rodata         0x000000000003e9a0     0x3ec8
 *(.rodata .rodata.* .gnu.linkonce.r.*)
 .rodata        0x000000000003e9a0      0x12c node.o
                0x000000000003e9b4                autostart_processes
 .rodata        0x000000000003eacc        0x8 build/cooja/mtype963.a(beep.o)
                0x000000000003eacc                beep_interface
 .rodata        0x000000000003ead4        0xe build/cooja/mtype963.a(leds-arch.o)
                0x000000000003ead4                leds_interface
                0x000000000003eadc                leds_arch_leds
 *fill*         0x000000000003eae2        0x2 
 .rodata        0x000000000003eae4        0x8 build/cooja/mtype963.a(moteid.o)
                0x000000000003eae4                moteid_interface
 .rodata        0x000000000003eaec       0x1c build/cooja/mtype963.a(pir-sensor.o)
                0x000000000003eaec                pir_interface
                0x000000000003eaf8                pir_sensor
 .rodata        0x000000000003eb08        0xe build/cooja/mtype963.a(rs232.o)
                0x000000000003eb08                rs232_interface
 *fill*         0x000000000003eb16        0x2 
 .rodata        0x000000000003eb18       0x24 build/cooja/mtype963.a(vib-sensor.o)
                0x000000000003eb18                vib_interface
                0x000000000003eb2c                vib_sensor
 .rodata        0x000000000003eb3c        0x8 build/cooja/mtype963.a(clock.o)
                0x000000000003eb3c                clock_interface
 .rodata        0x000000000003eb44        0x8 build/cooja/mtype963.a(cooja-log.o)
                0x000000000003eb44                simlog_interface
 .rodata        0x000000000003eb4c       0x2f build/cooja/mtype963.a(cfs-cooja.o)
                0x000000000003eb4c                cfs_interface
 *fill*         0x000000000003eb7b        0x5 
 .rodata        0x000000000003eb80       0xb8 build/cooja/mtype963.a(cooja-radio.o)
                0x000000000003eb80                radio_interface
                0x000000000003ec00                cooja_radio_driver
 .rodata        0x000000000003ec38        0x8 build/cooja/mtype963.a(eeprom.o)
                0x000000000003ec38                eeprom_interface
 .rodata        0x000000000003ec40        0x8 build/cooja/mtype963.a(sensors.o)
 .rodata        0x000000000003ec48       0x2c build/cooja/mtype963.a(buttons.o)
                0x000000000003ec48                button_interface
                0x000000000003ec5c                button_hal_button_count
                0x000000000003ec64                button_sensor
 .rodata        0x000000000003ec74      0x110 build/cooja/mtype963.a(contiki-main.o)
 .rodata        0x000000000003ed84        0xf build/cooja/mtype963.a(ctimer.o)
 *fill*         0x000000000003ed93        0x1 
 .rodata        0x000000000003ed94       0xc4 build/cooja/mtype963.a(log.o)
 .rodata        0x000000000003ee58        0xc build/cooja/mtype963.a(etimer.o)
 .rodata        0x000000000003ee64       0x13 build/cooja/mtype963.a(button-hal.o)
 .rodata        0x000000000003ee77        0xe build/cooja/mtype963.a(serial-line.o)
 *fill*         0x000000000003ee85        0x3 
 .rodata        0x000000000003ee88        0x8 build/cooja/mtype963.a(linkaddr.o)
                0x000000000003ee88                linkaddr_null
 .rodata        0x000000000003ee90      0x5ba build/cooja/mtype963.a(tsch-schedule.o)
 *fill*         0x000000000003f44a        0x2 
 .rodata        0x000000000003f44c      0x10f build/cooja/mtype963.a(tsch-slot-opera)
 .rodata        0x000000000003f55b       0x16 build/cooja/mtype963.a(conf.o)
 *fill*         0x000000000003f571        0x3 
 .rodata        0x000000000003f574       0x50 build/cooja/mtype963.a(tsch-adaptive-t)
 .rodata        0x000000000003f5c4       0xe9 build/cooja/mtype963.a(tsch-packet.o)
 *fill*         0x000000000003f6ad        0x3 
 .rodata        0x000000000003f6b0      0x9b4 build/cooja/mtype963.a(tsch.o)
                0x000000000003f6b0                tsch_broadcast_address
                0x000000000003f6b8                tsch_eb_address
                0x0000000000040048                tschmac_driver
 .rodata        0x0000000000040064      0x156 build/cooja/mtype963.a(tsch-log.o)
 .rodata        0x00000000000401ba       0x2d build/cooja/mtype963.a(uiplib.o)
 *fill*         0x00000000000401e7        0x1 
 .rodata        0x00000000000401e8      0x185 build/cooja/mtype963.a(tcpip.o)
 *fill*         0x000000000004036d        0x3 
 .rodata        0x0000000000040370      0x1de build/cooja/mtype963.a(uip-ds6-route.o)
 *fill*         0x000000000004054e        0x2 
 .rodata        0x0000000000040550      0x2b7 build/cooja/mtype963.a(uip6.o)
 *fill*         0x0000000000040807        0x1 
 .rodata        0x0000000000040808       0xd2 build/cooja/mtype963.a(uip-ds6-nbr.o)
 .rodata        0x00000000000408da       0x53 build/cooja/mtype963.a(uip-nd6.o)
 .rodata        0x000000000004092d       0x13 build/cooja/mtype963.a(simple-udp.o)
 .rodata        0x0000000000040940      0x348 build/cooja/mtype963.a(sicslowpan.o)
                0x0000000000040940                unc_llconf
                0x0000000000040944                unc_ctxconf
                0x0000000000040948                unc_mxconf
                0x000000000004094c                llprefix
                0x0000000000040c78                sicslowpan_driver
 *fill*         0x0000000000040c88       0x18 
 .rodata        0x0000000000040ca0       0xb4 build/cooja/mtype963.a(rpl.o)
                0x0000000000040d00                rpl_lite_driver
 .rodata        0x0000000000040d54      0x3b2 build/cooja/mtype963.a(rpl-icmp6.o)
 *fill*         0x0000000000041106        0x2 
 .rodata        0x0000000000041108      0x508 build/cooja/mtype963.a(rpl-dag.o)
 .rodata        0x0000000000041610       0x38 build/cooja/mtype963.a(rpl-dag-root.o)
 .rodata        0x0000000000041648       0x18 build/cooja/mtype963.a(serial-shell.o)
 .rodata        0x0000000000041660      0x10e build/cooja/mtype963.a(frame802154e-ie)
 *fill*         0x000000000004176e        0x2 
 .rodata        0x0000000000041770       0x64 build/cooja/mtype963.a(framer-802154.o)
                0x00000000000417c8                framer_802154
 .rodata        0x00000000000417d4       0xad build/cooja/mtype963.a(tsch-queue.o)
 *fill*         0x0000000000041881        0x3 
 .rodata        0x0000000000041884       0x18 build/cooja/mtype963.a(tsch-timeslot-t)
                0x0000000000041884                tsch_timeslot_timing_us_10000
 .rodata        0x000000000004189c        0xd build/cooja/mtype963.a(tsch-rpl.o)
 *fill*         0x00000000000418a9        0x3 
 .rodata        0x00000000000418ac       0xc0 build/cooja/mtype963.a(uip-icmp6.o)
 .rodata        0x000000000004196c       0xa1 build/cooja/mtype963.a(uip-sr.o)
 *fill*         0x0000000000041a0d        0x3 
 .rodata        0x0000000000041a10       0x42 build/cooja/mtype963.a(rpl-nbr-policy.)
 *fill*         0x0000000000041a52        0x2 
 .rodata        0x0000000000041a54       0x58 build/cooja/mtype963.a(rpl-neighbor.o)
 .rodata        0x0000000000041aac        0xc build/cooja/mtype963.a(rpl-timers.o)
 .rodata        0x0000000000041ab8      0x202 build/cooja/mtype963.a(rpl-ext-header.)
 .rodata        0x0000000000041cba        0x8 build/cooja/mtype963.a(shell.o)
 *fill*         0x0000000000041cc2       0x1e 
 .rodata        0x0000000000041ce0      0xa78 build/cooja/mtype963.a(shell-commands.)
                0x0000000000042680                builtin_shell_commands
 .rodata        0x0000000000042758        0x8 build/cooja/mtype963.a(ccm-star.o)
                0x0000000000042758                ccm_star_driver
 .rodata        0x0000000000042760      0x108 build/cooja/mtype963.a(aes-128.o)
                0x0000000000042860                aes_128_driver

.rodata1
 *(.rodata1)

.eh_frame_hdr   0x0000000000042868     0x1c64
 *(.eh_frame_hdr)
 .eh_frame_hdr  0x0000000000042868     0x1c64 node.o
                0x0000000000042868                __GNU_EH_FRAME_HDR
 *(.eh_frame_entry .eh_frame_entry.*)

.eh_frame       0x00000000000444cc     0x74d4
 *(.eh_frame)
 .eh_frame      0x00000000000444cc       0x3c /usr/lib/gcc/i686-linux-gnu/5/../../../i386-linux-gnu/crti.o
                                         0x40 (size before relaxing)
 .eh_frame      0x0000000000044508       0xd4 node.o
                                         0xec (size before relaxing)
 .eh_frame      0x00000000000445dc      0x178 build/cooja/mtype963.o
                                        0x190 (size before relaxing)
 .eh_frame      0x0000000000044754       0x40 build/cooja/mtype963.a(simEnvChange.o)
                                         0x58 (size before relaxing)
 .eh_frame      0x0000000000044794       0x60 build/cooja/mtype963.a(cooja_mt.o)
                                         0x78 (size before relaxing)
 .eh_frame      0x00000000000447f4       0x80 build/cooja/mtype963.a(cooja_mtarch.o)
                                         0x98 (size before relaxing)
 .eh_frame      0x0000000000044874       0xc8 build/cooja/mtype963.a(rtimer-arch.o)
                                         0xe0 (size before relaxing)
 .eh_frame      0x000000000004493c      0x160 build/cooja/mtype963.a(beep.o)
                                        0x178 (size before relaxing)
 .eh_frame      0x0000000000044a9c       0x80 build/cooja/mtype963.a(leds-arch.o)
                                         0x98 (size before relaxing)
 .eh_frame      0x0000000000044b1c       0x40 build/cooja/mtype963.a(moteid.o)
                                         0x58 (size before relaxing)
 .eh_frame      0x0000000000044b5c       0xa0 build/cooja/mtype963.a(pir-sensor.o)
                                         0xb8 (size before relaxing)
 .eh_frame      0x0000000000044bfc      0x100 build/cooja/mtype963.a(rs232.o)
                                        0x118 (size before relaxing)
 .eh_frame      0x0000000000044cfc       0xa0 build/cooja/mtype963.a(vib-sensor.o)
                                         0xb8 (size before relaxing)
 .eh_frame      0x0000000000044d9c       0xc0 build/cooja/mtype963.a(clock.o)
                                         0xd8 (size before relaxing)
 .eh_frame      0x0000000000044e5c      0x120 build/cooja/mtype963.a(cooja-log.o)
                                        0x138 (size before relaxing)
 .eh_frame      0x0000000000044f7c      0x160 build/cooja/mtype963.a(cfs-cooja.o)
                                        0x178 (size before relaxing)
 .eh_frame      0x00000000000450dc      0x3b0 build/cooja/mtype963.a(cooja-radio.o)
                                        0x3c8 (size before relaxing)
 .eh_frame      0x000000000004548c       0xa0 build/cooja/mtype963.a(eeprom.o)
                                         0xb8 (size before relaxing)
 .eh_frame      0x000000000004552c       0x40 build/cooja/mtype963.a(random.o)
                                         0x58 (size before relaxing)
 .eh_frame      0x000000000004556c       0xc0 build/cooja/mtype963.a(sensors.o)
                                         0xd8 (size before relaxing)
 .eh_frame      0x000000000004562c      0x120 build/cooja/mtype963.a(leds.o)
                                        0x138 (size before relaxing)
 .eh_frame      0x000000000004574c      0x220 build/cooja/mtype963.a(gpio-hal-arch.o)
                                        0x238 (size before relaxing)
 .eh_frame      0x000000000004596c       0xa0 build/cooja/mtype963.a(buttons.o)
                                         0xb8 (size before relaxing)
 .eh_frame      0x0000000000045a0c       0x30 build/cooja/mtype963.a(contiki-main.o)
                                         0x48 (size before relaxing)
 .eh_frame      0x0000000000045a3c       0x40 build/cooja/mtype963.a(autostart.o)
                                         0x58 (size before relaxing)
 .eh_frame      0x0000000000045a7c      0x100 build/cooja/mtype963.a(ctimer.o)
                                        0x118 (size before relaxing)
 .eh_frame      0x0000000000045b7c      0x120 build/cooja/mtype963.a(log.o)
                                        0x138 (size before relaxing)
 .eh_frame      0x0000000000045c9c       0xb4 build/cooja/mtype963.a(energest.o)
                                         0xcc (size before relaxing)
 .eh_frame      0x0000000000045d50      0x1e0 build/cooja/mtype963.a(etimer.o)
                                        0x1f8 (size before relaxing)
 .eh_frame      0x0000000000045f30       0x20 build/cooja/mtype963.a(node-id.o)
                                         0x38 (size before relaxing)
 .eh_frame      0x0000000000045f50       0x60 build/cooja/mtype963.a(rtimer.o)
                                         0x78 (size before relaxing)
 .eh_frame      0x0000000000045fb0      0x1c4 build/cooja/mtype963.a(process.o)
                                        0x1dc (size before relaxing)
 .eh_frame      0x0000000000046174       0xa4 build/cooja/mtype963.a(timer.o)
                                         0xbc (size before relaxing)
 .eh_frame      0x0000000000046218      0x1a0 build/cooja/mtype963.a(list.o)
                                        0x1b8 (size before relaxing)
 .eh_frame      0x00000000000463b8      0x164 build/cooja/mtype963.a(button-hal.o)
                                        0x17c (size before relaxing)
 .eh_frame      0x000000000004651c       0x60 build/cooja/mtype963.a(serial-line.o)
                                         0x78 (size before relaxing)
 .eh_frame      0x000000000004657c       0xe0 build/cooja/mtype963.a(gpio-hal.o)
                                         0xf8 (size before relaxing)
 .eh_frame      0x000000000004665c      0x1a0 build/cooja/mtype963.a(queuebuf.o)
                                        0x1b8 (size before relaxing)
 .eh_frame      0x00000000000467fc      0x28c build/cooja/mtype963.a(packetbuf.o)
                                        0x2a4 (size before relaxing)
 .eh_frame      0x0000000000046a88       0x80 build/cooja/mtype963.a(netstack.o)
                                         0x98 (size before relaxing)
 .eh_frame      0x0000000000046b08       0x60 build/cooja/mtype963.a(linkaddr.o)
                                         0x78 (size before relaxing)
 .eh_frame      0x0000000000046b68      0x528 build/cooja/mtype963.a(tsch-schedule.o)
                                        0x540 (size before relaxing)
 .eh_frame      0x0000000000047090      0x2c0 build/cooja/mtype963.a(tsch-slot-opera)
                                        0x2d8 (size before relaxing)
 .eh_frame      0x0000000000047350       0xb0 build/cooja/mtype963.a(conf.o)
                                         0xc8 (size before relaxing)
 .eh_frame      0x0000000000047400       0xf4 build/cooja/mtype963.a(tsch-adaptive-t)
                                        0x10c (size before relaxing)
 .eh_frame      0x00000000000474f4      0x134 build/cooja/mtype963.a(tsch-packet.o)
                                        0x14c (size before relaxing)
 .eh_frame      0x0000000000047628      0x3a8 build/cooja/mtype963.a(tsch.o)
                                        0x3c0 (size before relaxing)
 .eh_frame      0x00000000000479d0       0xb0 build/cooja/mtype963.a(tsch-log.o)
                                         0xc8 (size before relaxing)
 .eh_frame      0x0000000000047a80      0x328 build/cooja/mtype963.a(uip-ds6.o)
                                        0x340 (size before relaxing)
 .eh_frame      0x0000000000047da8       0x88 build/cooja/mtype963.a(uiplib.o)
                                         0xa0 (size before relaxing)
 .eh_frame      0x0000000000047e30      0x244 build/cooja/mtype963.a(tcpip.o)
                                        0x25c (size before relaxing)
 .eh_frame      0x0000000000048074      0x2e0 build/cooja/mtype963.a(uip-ds6-route.o)
                                        0x2f8 (size before relaxing)
 .eh_frame      0x0000000000048354      0x1e8 build/cooja/mtype963.a(uip6.o)
                                        0x200 (size before relaxing)
 .eh_frame      0x000000000004853c      0x1c0 build/cooja/mtype963.a(uip-ds6-nbr.o)
                                        0x1d8 (size before relaxing)
 .eh_frame      0x00000000000486fc       0x84 build/cooja/mtype963.a(uip-nd6.o)
                                         0x9c (size before relaxing)
 .eh_frame      0x0000000000048780       0xd4 build/cooja/mtype963.a(simple-udp.o)
                                         0xec (size before relaxing)
 .eh_frame      0x0000000000048854      0x234 build/cooja/mtype963.a(sicslowpan.o)
                                        0x24c (size before relaxing)
 .eh_frame      0x0000000000048a88      0x1e0 build/cooja/mtype963.a(rpl.o)
                                        0x1f8 (size before relaxing)
 .eh_frame      0x0000000000048c68      0x1c4 build/cooja/mtype963.a(rpl-icmp6.o)
                                        0x1dc (size before relaxing)
 .eh_frame      0x0000000000048e2c      0x370 build/cooja/mtype963.a(rpl-dag.o)
                                        0x388 (size before relaxing)
 .eh_frame      0x000000000004919c       0xa0 build/cooja/mtype963.a(rpl-dag-root.o)
                                         0xb8 (size before relaxing)
 .eh_frame      0x000000000004923c       0xa0 build/cooja/mtype963.a(watchdog.o)
                                         0xb8 (size before relaxing)
 .eh_frame      0x00000000000492dc       0x80 build/cooja/mtype963.a(int-master.o)
                                         0x98 (size before relaxing)
 .eh_frame      0x000000000004935c       0x60 build/cooja/mtype963.a(serial-shell.o)
                                         0x78 (size before relaxing)
 .eh_frame      0x00000000000493bc       0xc4 build/cooja/mtype963.a(stimer.o)
                                         0xdc (size before relaxing)
 .eh_frame      0x0000000000049480      0x120 build/cooja/mtype963.a(ringbufindex.o)
                                        0x138 (size before relaxing)
 .eh_frame      0x00000000000495a0       0xa0 build/cooja/mtype963.a(memb.o)
                                         0xb8 (size before relaxing)
 .eh_frame      0x0000000000049640       0xa0 build/cooja/mtype963.a(ringbuf.o)
                                         0xb8 (size before relaxing)
 .eh_frame      0x00000000000496e0      0x2ac build/cooja/mtype963.a(nbr-table.o)
                                        0x2c4 (size before relaxing)
 .eh_frame      0x000000000004998c      0x120 build/cooja/mtype963.a(link-stats.o)
                                        0x138 (size before relaxing)
 .eh_frame      0x0000000000049aac       0x48 build/cooja/mtype963.a(mac-sequence.o)
                                         0x60 (size before relaxing)
 .eh_frame      0x0000000000049af4       0x20 build/cooja/mtype963.a(mac.o)
                                         0x38 (size before relaxing)
 .eh_frame      0x0000000000049b14      0x22c build/cooja/mtype963.a(frame802154e-ie)
                                        0x244 (size before relaxing)
 .eh_frame      0x0000000000049d40       0xa4 build/cooja/mtype963.a(framer-802154.o)
                                         0xbc (size before relaxing)
 .eh_frame      0x0000000000049de4      0x1a4 build/cooja/mtype963.a(frame802154.o)
                                        0x1bc (size before relaxing)
 .eh_frame      0x0000000000049f88      0x314 build/cooja/mtype963.a(tsch-queue.o)
                                        0x32c (size before relaxing)
 .eh_frame      0x000000000004a29c       0xe0 build/cooja/mtype963.a(tsch-security.o)
                                         0xf8 (size before relaxing)
 .eh_frame      0x000000000004a37c       0xc4 build/cooja/mtype963.a(tsch-rpl.o)
                                         0xdc (size before relaxing)
 .eh_frame      0x000000000004a440      0x200 build/cooja/mtype963.a(uipbuf.o)
                                        0x218 (size before relaxing)
 .eh_frame      0x000000000004a640      0x150 build/cooja/mtype963.a(uip-icmp6.o)
                                        0x168 (size before relaxing)
 .eh_frame      0x000000000004a790      0x184 build/cooja/mtype963.a(uip-sr.o)
                                        0x19c (size before relaxing)
 .eh_frame      0x000000000004a914       0xe0 build/cooja/mtype963.a(uip-packetqueue)
                                         0xf8 (size before relaxing)
 .eh_frame      0x000000000004a9f4       0x40 build/cooja/mtype963.a(uip-udp-packet.)
                                         0x58 (size before relaxing)
 .eh_frame      0x000000000004aa34       0x80 build/cooja/mtype963.a(rpl-nbr-policy.)
                                         0x98 (size before relaxing)
 .eh_frame      0x000000000004aab4      0x2d4 build/cooja/mtype963.a(rpl-neighbor.o)
                                        0x2ec (size before relaxing)
 .eh_frame      0x000000000004ad88      0x3a8 build/cooja/mtype963.a(rpl-timers.o)
                                        0x3c0 (size before relaxing)
 .eh_frame      0x000000000004b130      0x124 build/cooja/mtype963.a(rpl-ext-header.)
                                        0x13c (size before relaxing)
 .eh_frame      0x000000000004b254      0x148 build/cooja/mtype963.a(rpl-mrhof.o)
                                        0x160 (size before relaxing)
 .eh_frame      0x000000000004b39c       0xa0 build/cooja/mtype963.a(shell.o)
                                         0xb8 (size before relaxing)
 .eh_frame      0x000000000004b43c      0x36c build/cooja/mtype963.a(shell-commands.)
                                        0x384 (size before relaxing)
 .eh_frame      0x000000000004b7a8       0xc8 build/cooja/mtype963.a(ccm-star.o)
                                         0xe0 (size before relaxing)
 .eh_frame      0x000000000004b870       0x68 build/cooja/mtype963.a(aes-128.o)
                                         0x80 (size before relaxing)
 .eh_frame      0x000000000004b8d8       0x40 /usr/lib/gcc/i686-linux-gnu/5/libgcc.a(_divdi3.o)
                                         0x58 (size before relaxing)
 .eh_frame      0x000000000004b918       0x84 /usr/lib/gcc/i686-linux-gnu/5/libgcc.a(_udivdi3.o)
                                         0x9c (size before relaxing)
 .eh_frame      0x000000000004b99c        0x4 /usr/lib/gcc/i686-linux-gnu/5/crtendS.o
 *(.eh_frame.*)

.gcc_except_table
 *(.gcc_except_table .gcc_except_table.*)

.gnu_extab
 *(.gnu_extab*)

.exception_ranges
 *(.exception_ranges .exception_ranges*)
                0x000000000004cf10                . = DATA_SEGMENT_ALIGN (0x1000, 0x1000)

.eh_frame
 *(.eh_frame)
 *(.eh_frame.*)

.gnu_extab
 *(.gnu_extab)

.gcc_except_table
 *(.gcc_except_table .gcc_except_table.*)

.exception_ranges
 *(.exception_ranges .exception_ranges*)

.tdata
 *(.tdata .tdata.* .gnu.linkonce.td.*)

.tbss
 *(.tbss .tbss.* .gnu.linkonce.tb.*)
 *(.tcommon)

.preinit_array
 *(.preinit_array)

.init_array     0x000000000004cf10        0x4
 *(SORT(.init_array.*) SORT(.ctors.*))
 *(.init_array EXCLUDE_FILE(*crtend?.o *crtend.o *crtbegin?.o *crtbegin.o) .ctors)
 .init_array    0x000000000004cf10        0x4 /usr/lib/gcc/i686-linux-gnu/5/crtbeginS.o

.fini_array     0x000000000004cf14        0x4
 *(SORT(.fini_array.*) SORT(.dtors.*))
 *(.fini_array EXCLUDE_FILE(*crtend?.o *crtend.o *crtbegin?.o *crtbegin.o) .dtors)
 .fini_array    0x000000000004cf14        0x4 /usr/lib/gcc/i686-linux-gnu/5/crtbeginS.o

.ctors
 *crtbegin.o(.ctors)
 *crtbegin?.o(.ctors)
 *(EXCLUDE_FILE(*crtend?.o *crtend.o) .ctors)
 *(SORT(.ctors.*))
 *(.ctors)

.dtors
 *crtbegin.o(.dtors)
 *crtbegin?.o(.dtors)
 *(EXCLUDE_FILE(*crtend?.o *crtend.o) .dtors)
 *(SORT(.dtors.*))
 *(.dtors)

.jcr            0x000000000004cf18        0x4
 *(.jcr)
 .jcr           0x000000000004cf18        0x0 /usr/lib/gcc/i686-linux-gnu/5/crtbeginS.o
 .jcr           0x000000000004cf18        0x4 /usr/lib/gcc/i686-linux-gnu/5/crtendS.o

.data.rel.ro
 *(.data.rel.ro.local* .gnu.linkonce.d.rel.ro.local.*)
 *(.data.rel.ro .data.rel.ro.* .gnu.linkonce.d.rel.ro.*)

.dynamic        0x000000000004cf1c       0xd0
 *(.dynamic)
 .dynamic       0x000000000004cf1c       0xd0 /usr/lib/gcc/i686-linux-gnu/5/../../../i386-linux-gnu/crti.o
                0x000000000004cf1c                _DYNAMIC

.got            0x000000000004cfec       0x14
 *(.got)
 .got           0x000000000004cfec       0x14 /usr/lib/gcc/i686-linux-gnu/5/../../../i386-linux-gnu/crti.o
 *(.igot)
                0x000000000004dff4                . = DATA_SEGMENT_RELRO_END (., (SIZEOF (.got.plt) >= 0xc)?0xc:0x0)

.got.plt        0x000000000004d000        0xc
 *(.got.plt)
 .got.plt       0x000000000004d000        0xc /usr/lib/gcc/i686-linux-gnu/5/../../../i386-linux-gnu/crti.o
                0x000000000004d000                _GLOBAL_OFFSET_TABLE_
 *(.igot.plt)

.data           0x000000000004d020      0x470
 *(.data .data.* .gnu.linkonce.d.*)
 .data          0x000000000004d020        0x0 /usr/lib/gcc/i686-linux-gnu/5/../../../i386-linux-gnu/crti.o
 .data          0x000000000004d020        0x0 /usr/lib/gcc/i686-linux-gnu/5/crtbeginS.o
 .data.rel.local
                0x000000000004d020        0x4 /usr/lib/gcc/i686-linux-gnu/5/crtbeginS.o
                0x000000000004d020                __dso_handle
 .data          0x000000000004d024       0x18 node.o
                0x000000000004d024                node_process
 *fill*         0x000000000004d03c        0x4 
 .data          0x000000000004d040       0x44 build/cooja/mtype963.o
                0x000000000004d040                simInterfaces
                0x000000000004d074                sensors
 .data          0x000000000004d084        0x0 build/cooja/mtype963.a(simEnvChange.o)
 .data          0x000000000004d084        0x0 build/cooja/mtype963.a(cooja_mt.o)
 .data          0x000000000004d084        0x0 build/cooja/mtype963.a(cooja_mtarch.o)
 .data          0x000000000004d084        0x0 build/cooja/mtype963.a(rtimer-arch.o)
 .data          0x000000000004d084        0x0 build/cooja/mtype963.a(beep.o)
 .data          0x000000000004d084        0x0 build/cooja/mtype963.a(leds-arch.o)
 .data          0x000000000004d084        0x0 build/cooja/mtype963.a(moteid.o)
 .data          0x000000000004d084        0x0 build/cooja/mtype963.a(pir-sensor.o)
 .data          0x000000000004d084        0x0 build/cooja/mtype963.a(rs232.o)
 .data          0x000000000004d084        0x0 build/cooja/mtype963.a(vib-sensor.o)
 .data          0x000000000004d084        0x0 build/cooja/mtype963.a(clock.o)
 .data          0x000000000004d084        0x0 build/cooja/mtype963.a(cooja-log.o)
 .data          0x000000000004d084        0x0 build/cooja/mtype963.a(cfs-cooja.o)
 .data          0x000000000004d084       0x2c build/cooja/mtype963.a(cooja-radio.o)
                0x000000000004d084                simRadioHWOn
                0x000000000004d088                simSignalStrength
                0x000000000004d08c                simLastSignalStrength
                0x000000000004d090                simPower
                0x000000000004d094                simRadioChannel
                0x000000000004d098                simLQI
                0x000000000004d0a0                cooja_radio_process
 .data          0x000000000004d0b0        0x0 build/cooja/mtype963.a(eeprom.o)
 .data          0x000000000004d0b0        0x0 build/cooja/mtype963.a(random.o)
 .data          0x000000000004d0b0       0x10 build/cooja/mtype963.a(sensors.o)
                0x000000000004d0b0                sensors_process
 .data          0x000000000004d0c0        0x0 build/cooja/mtype963.a(leds.o)
 .data          0x000000000004d0c0        0x0 build/cooja/mtype963.a(gpio-hal-arch.o)
 .data          0x000000000004d0c0       0x78 build/cooja/mtype963.a(buttons.o)
                0x000000000004d0c0                simButtonIsActive
                0x000000000004d130                button_hal_buttons
 .data          0x000000000004d138        0x0 build/cooja/mtype963.a(contiki-main.o)
 .data          0x000000000004d138        0x0 build/cooja/mtype963.a(autostart.o)
 .data          0x000000000004d138       0x14 build/cooja/mtype963.a(ctimer.o)
                0x000000000004d13c                ctimer_process
 *fill*         0x000000000004d14c       0x14 
 .data          0x000000000004d160       0xbc build/cooja/mtype963.a(log.o)
                0x000000000004d160                curr_log_level_rpl
                0x000000000004d164                curr_log_level_tcpip
                0x000000000004d168                curr_log_level_ipv6
                0x000000000004d16c                curr_log_level_6lowpan
                0x000000000004d170                curr_log_level_mac
                0x000000000004d174                curr_log_level_framer
                0x000000000004d178                curr_log_level_main
                0x000000000004d180                all_modules
 .data          0x000000000004d21c        0x0 build/cooja/mtype963.a(energest.o)
 .data          0x000000000004d21c       0x10 build/cooja/mtype963.a(etimer.o)
                0x000000000004d21c                etimer_process
 .data          0x000000000004d22c        0x0 build/cooja/mtype963.a(node-id.o)
 .data          0x000000000004d22c        0x0 build/cooja/mtype963.a(rtimer.o)
 .data          0x000000000004d22c        0x0 build/cooja/mtype963.a(process.o)
 .data          0x000000000004d22c        0x0 build/cooja/mtype963.a(timer.o)
 .data          0x000000000004d22c        0x0 build/cooja/mtype963.a(list.o)
 .data          0x000000000004d22c       0x10 build/cooja/mtype963.a(button-hal.o)
                0x000000000004d22c                button_hal_process
 .data          0x000000000004d23c       0x10 build/cooja/mtype963.a(serial-line.o)
                0x000000000004d23c                serial_line_process
 .data          0x000000000004d24c        0x4 build/cooja/mtype963.a(gpio-hal.o)
 .data          0x000000000004d250       0x18 build/cooja/mtype963.a(queuebuf.o)
 .data          0x000000000004d268        0x4 build/cooja/mtype963.a(packetbuf.o)
 .data          0x000000000004d26c        0x4 build/cooja/mtype963.a(netstack.o)
 .data          0x000000000004d270        0x0 build/cooja/mtype963.a(linkaddr.o)
 .data          0x000000000004d270       0x20 build/cooja/mtype963.a(tsch-schedule.o)
 .data          0x000000000004d290        0x4 build/cooja/mtype963.a(tsch-slot-opera)
 .data          0x000000000004d294        0x0 build/cooja/mtype963.a(conf.o)
 .data          0x000000000004d294        0x0 build/cooja/mtype963.a(tsch-adaptive-t)
 .data          0x000000000004d294        0x0 build/cooja/mtype963.a(tsch-packet.o)
 .data          0x000000000004d294       0x30 build/cooja/mtype963.a(tsch.o)
                0x000000000004d294                tsch_process
                0x000000000004d2a4                tsch_send_eb_process
                0x000000000004d2b4                tsch_pending_events_process
 .data          0x000000000004d2c4        0x0 build/cooja/mtype963.a(tsch-log.o)
 .data          0x000000000004d2c4        0x0 build/cooja/mtype963.a(uip-ds6.o)
 .data          0x000000000004d2c4        0x0 build/cooja/mtype963.a(uiplib.o)
 .data          0x000000000004d2c4       0x10 build/cooja/mtype963.a(tcpip.o)
                0x000000000004d2c4                tcpip_process
 .data          0x000000000004d2d4       0x44 build/cooja/mtype963.a(uip-ds6-route.o)
                0x000000000004d2e4                nbr_routes
 .data          0x000000000004d318        0x0 build/cooja/mtype963.a(uip6.o)
 .data          0x000000000004d318       0x14 build/cooja/mtype963.a(uip-ds6-nbr.o)
 .data          0x000000000004d32c        0xc build/cooja/mtype963.a(uip-nd6.o)
 .data          0x000000000004d338       0x10 build/cooja/mtype963.a(simple-udp.o)
                0x000000000004d338                simple_udp_process
 .data          0x000000000004d348        0x0 build/cooja/mtype963.a(sicslowpan.o)
 .data          0x000000000004d348        0x0 build/cooja/mtype963.a(rpl.o)
 .data          0x000000000004d348       0x30 build/cooja/mtype963.a(rpl-icmp6.o)
 .data          0x000000000004d378        0x0 build/cooja/mtype963.a(rpl-dag.o)
 .data          0x000000000004d378        0x0 build/cooja/mtype963.a(rpl-dag-root.o)
 .data          0x000000000004d378        0x0 build/cooja/mtype963.a(watchdog.o)
 .data          0x000000000004d378        0x0 build/cooja/mtype963.a(int-master.o)
 .data          0x000000000004d378       0x10 build/cooja/mtype963.a(serial-shell.o)
                0x000000000004d378                serial_shell_process
 .data          0x000000000004d388        0x0 build/cooja/mtype963.a(stimer.o)
 .data          0x000000000004d388        0x0 build/cooja/mtype963.a(ringbufindex.o)
 .data          0x000000000004d388        0x0 build/cooja/mtype963.a(memb.o)
 .data          0x000000000004d388        0x0 build/cooja/mtype963.a(ringbuf.o)
 .data          0x000000000004d388       0x10 build/cooja/mtype963.a(nbr-table.o)
 .data          0x000000000004d398       0x14 build/cooja/mtype963.a(link-stats.o)
 .data          0x000000000004d3ac        0x0 build/cooja/mtype963.a(mac-sequence.o)
 .data          0x000000000004d3ac        0x0 build/cooja/mtype963.a(mac.o)
 .data          0x000000000004d3ac        0x0 build/cooja/mtype963.a(frame802154e-ie)
 .data          0x000000000004d3ac        0x0 build/cooja/mtype963.a(framer-802154.o)
 .data          0x000000000004d3ac        0x2 build/cooja/mtype963.a(frame802154.o)
 *fill*         0x000000000004d3ae        0x2 
 .data          0x000000000004d3b0       0x20 build/cooja/mtype963.a(tsch-queue.o)
 .data          0x000000000004d3d0        0x0 build/cooja/mtype963.a(tsch-timeslot-t)
 *fill*         0x000000000004d3d0       0x10 
 .data          0x000000000004d3e0       0x20 build/cooja/mtype963.a(tsch-security.o)
 .data          0x000000000004d400        0x0 build/cooja/mtype963.a(tsch-rpl.o)
 .data          0x000000000004d400        0x0 build/cooja/mtype963.a(uipbuf.o)
 .data          0x000000000004d400       0x20 build/cooja/mtype963.a(uip-icmp6.o)
 .data          0x000000000004d420       0x10 build/cooja/mtype963.a(uip-sr.o)
 .data          0x000000000004d430        0xc build/cooja/mtype963.a(uip-packetqueue)
 .data          0x000000000004d43c        0x0 build/cooja/mtype963.a(uip-udp-packet.)
 .data          0x000000000004d43c        0x0 build/cooja/mtype963.a(rpl-nbr-policy.)
 .data          0x000000000004d43c       0x14 build/cooja/mtype963.a(rpl-neighbor.o)
                0x000000000004d44c                rpl_neighbors
 .data          0x000000000004d450        0x0 build/cooja/mtype963.a(rpl-timers.o)
 .data          0x000000000004d450        0x0 build/cooja/mtype963.a(rpl-ext-header.)
 *fill*         0x000000000004d450       0x10 
 .data          0x000000000004d460       0x24 build/cooja/mtype963.a(rpl-mrhof.o)
                0x000000000004d460                rpl_mrhof
 .data          0x000000000004d484        0x0 build/cooja/mtype963.a(shell.o)
 .data          0x000000000004d484        0xc build/cooja/mtype963.a(shell-commands.)
 .data          0x000000000004d490        0x0 build/cooja/mtype963.a(ccm-star.o)
 .data          0x000000000004d490        0x0 build/cooja/mtype963.a(aes-128.o)
 .data          0x000000000004d490        0x0 /usr/lib/gcc/i686-linux-gnu/5/libgcc.a(_divdi3.o)
 .data          0x000000000004d490        0x0 /usr/lib/gcc/i686-linux-gnu/5/libgcc.a(_udivdi3.o)
 .data          0x000000000004d490        0x0 /usr/lib/gcc/i686-linux-gnu/5/crtendS.o
 .data          0x000000000004d490        0x0 /usr/lib/gcc/i686-linux-gnu/5/../../../i386-linux-gnu/crtn.o

.tm_clone_table
                0x000000000004d490        0x0
 .tm_clone_table
                0x000000000004d490        0x0 /usr/lib/gcc/i686-linux-gnu/5/crtbeginS.o
 .tm_clone_table
                0x000000000004d490        0x0 /usr/lib/gcc/i686-linux-gnu/5/crtendS.o

.data1
 *(.data1)
                0x000000000004d490                _edata = .
                [!provide]                        PROVIDE (edata, .)
                0x000000000004d490                . = .
                0x000000000004d490                __bss_start = .

.bss            0x000000000004d4a0    0x280e8
 *(.dynbss)
 .dynbss        0x000000000004d4a0        0x0 /usr/lib/gcc/i686-linux-gnu/5/../../../i386-linux-gnu/crti.o
 *(.bss .bss.* .gnu.linkonce.b.*)
 .bss           0x000000000004d4a0        0x0 /usr/lib/gcc/i686-linux-gnu/5/../../../i386-linux-gnu/crti.o
 .bss           0x000000000004d4a0        0x1 /usr/lib/gcc/i686-linux-gnu/5/crtbeginS.o
 *fill*         0x000000000004d4a1       0x1f 
 .bss           0x000000000004d4c0       0x58 node.o
                0x000000000004d4c0                verify
 *fill*         0x000000000004d518        0x8 
 .bss           0x000000000004d520     0x2030 build/cooja/mtype963.o
 .bss           0x000000000004f550        0x1 build/cooja/mtype963.a(simEnvChange.o)